#1 [internal] load local bake definitions
#1 reading from stdin 544B done
#1 DONE 0.0s

#2 [internal] load build definition from Dockerfile
#2 transferring dockerfile: 203B done
#2 DONE 0.0s

#3 [internal] load metadata for docker.io/nixos/nix:2.35.2-arm64
#3 DONE 0.5s

#4 [internal] load .dockerignore
#4 transferring context: 2B done
#4 DONE 0.0s

#5 [1/3] FROM docker.io/nixos/nix:2.35.2-arm64@sha256:a326ac1ed46069ead5cdcba3a3a1e7255ebf72300c8319bf2c12cacfe9ab2787
#5 resolve docker.io/nixos/nix:2.35.2-arm64@sha256:a326ac1ed46069ead5cdcba3a3a1e7255ebf72300c8319bf2c12cacfe9ab2787 0.0s done
#5 CACHED

#6 [2/3] RUN nix-channel --update
#6 1.553 unpacking 1 channels...
#6 DONE 15.0s

#7 [3/3] RUN echo 'experimental-features = nix-command flakes' >> /etc/nix/nix.conf
#7 DONE 0.5s

#8 exporting to image
#8 exporting layers
#8 exporting layers 7.3s done
#8 exporting manifest sha256:8369445ffdb9f73078428216210cf207f819b53f123f16382cf88d6415b8a3ef done
#8 exporting config sha256:1b8d847a7fbce8a7a684b37125b3a01a211fdc783d97ff29b1493b99406eaf29 done
#8 exporting attestation manifest sha256:7a9dbb14ff7ac92226d1d4e6cde96dbd7d838bd1568305094755e76f609b510a done
#8 exporting manifest list sha256:9e5a06ae48eb6cd13a36a36e5abb8874c6131b59156db0d79e190000f95ef40f done
#8 naming to docker.io/library/nix-dev:latest done
#8 unpacking to docker.io/library/nix-dev:latest
#8 unpacking to docker.io/library/nix-dev:latest 10.7s done
#8 DONE 18.0s

#9 resolving provenance for metadata file
#9 DONE 0.0s
