 Container nix-dev-run-af56c772b340 Creating 
 Container nix-dev-run-af56c772b340 Created 
unpacking 'github:ontouchstart/ontouchstart.github.io/2e797bbbbf21b6332200ee4010c206015fe60ed1' into the Git cache...
evaluating ''...
evaluating 'devShells'...
evaluating 'devShells.aarch64-linux'...
evaluating 'devShells.aarch64-linux.default'...
copying path '/nix/store/bqck1hypy8j3l922lf781qknmcxjv5a0-source' from 'https://cache.nixos.org'...
evaluating 'packages'...
evaluating 'packages.aarch64-linux'...
evaluating 'packages.aarch64-linux.default'...
this derivation will be built:
  /nix/store/1azipckgsvm0warrymbzjmadlff42mrz-bootstrap-sqlite-0.1.drv
these 51 paths will be fetched (120.6 MiB download, 405.8 MiB unpacked):
  /nix/store/mmi5xn7d09niakcwn9ni5389p04rk944-acl-2.4.0
  /nix/store/fz3swsp25dqnx89i17b73ipjp668nmlk-attr-2.6.0
  /nix/store/idnyqaaix26szkvhs1mjgi7990jajz9a-bash-5.3p15
  /nix/store/havg05vfa2g9ksbcsnk0hx9z1mlgfbhi-binutils-2.46
  /nix/store/2dzq2m49jxnqs7qki5c0m0zfwyyj076i-binutils-2.46-lib
  /nix/store/88indlfybaxi39ln8r02a35p4xj5m85d-binutils-wrapper-2.46
  /nix/store/36isqyq3hq26n3q37dazzb60g3jqpi07-bzip2-1.0.8
  /nix/store/yqv95rqr8v79zv0nvrgx2557mhwigy9f-bzip2-1.0.8-bin
  /nix/store/p7xdvcvl4aw7m229qzlq601aq0w0nb9n-coreutils-9.11
  /nix/store/cq7xxligr7bnbbp22w9ix5119kb0kn7n-diffutils-3.12
  /nix/store/96dn85brqck88r0wwipymxddsdbdkk3y-ed-1.22.6
  /nix/store/9rg367v9cdbcibdkzm8bmi7l0csi1cba-expand-response-params
  /nix/store/mfbl9c76sq0s6l23pcc9skxzqj24kx8s-expand-response-params
  /nix/store/l69ryv2cf5jz9jmqd00z6qqm60xf5rhm-file-5.48
  /nix/store/xqx65i7cwacw7rsnj3dlbqas27mwvpn2-findutils-4.11.0
  /nix/store/cc9ybj8h0b8aj85j6m8lh4nj24l1w4dq-gawk-5.4.1
  /nix/store/mhx6dmg6whr7c85krk9rjwjsxrp9iggs-gcc-15.3.0
  /nix/store/n65q2br81z7a9g3hcvskd2pvr8s6a7ms-gcc-15.3.0-lib
  /nix/store/ahg79xbgc81hkhj3xl8524i8pjp3sxkx-gcc-15.3.0-libgcc
  /nix/store/z2qkl46kv87zcs2sfwfjgc75nq0hbzhf-gcc-wrapper-15.3.0
  /nix/store/m54cs0m994hc3n9lax7sg98sgy729qsa-glibc-2.42-84
  /nix/store/r68vac903zffq3aiihz3hzjqag7dl63f-glibc-2.42-84-bin
  /nix/store/6rgkfqr5mcjr39irv7wlbhfih2r5s2nl-glibc-2.42-84-dev
  /nix/store/2yc5bc6r8jp84mjcjpzhp5rk65lwabqp-gmp-6.3.0
  /nix/store/2idxnbd69vsh9dfg0zqx0q6pn4x5nsrn-gmp-with-cxx-6.3.0
  /nix/store/jmg3sklk0yw7cnbplczk7kidhn14dsia-gnu-config-2024-01-01
  /nix/store/3b3k72bbr01bgff7bdkiz6r05gmlx5s9-gnugrep-3.12
  /nix/store/zb29r6g2h9pvsc2bl5vr4j4ad1q6dvx1-gnumake-4.4.1
  /nix/store/1nwgsy4c5862g44s9lkf50643p3nbwm5-gnused-4.10
  /nix/store/fkj1d0n3il4r85d52446sc5q0n3a5393-gnutar-1.35
  /nix/store/d0f6wmjqzaj51vwf03qlaa2lmjcvvf20-gzip-1.14
  /nix/store/0cjr7klvikqcqv1w08gqpw513pnis6nr-isl-0.20
  /nix/store/0s40b0an0cz4vypbji92cb7qbr65icl4-libidn2-2.3.8
  /nix/store/y3rz7f4q0l3wcy2jgbyhhhyqlswrgrvc-libmpc-1.4.1
  /nix/store/h0hd048jzxs7fx9a6g75jwrrhbg50bp8-libunistring-1.4.2
  /nix/store/vazsdlk6qrrnkdhfis861dn4w4j5g5x5-linux-headers-7.2
  /nix/store/0knb7rblp09aaqlnv62cllh203kj6qyr-mpfr-4.2.2
  /nix/store/09ydmr9cnb1wil3qlsbw8wiyajhiirai-patch-2.8
  /nix/store/akxy5gsmirdjr7zyvzwwm1v009k42rhp-patchelf-0.15.2
  /nix/store/xg8r53g4y7n6d237a54yqrvwmy66ckid-pcre2-10.48
  /nix/store/x5shh0326akynalzlbsd2yhikr13n1pf-pkg-config-0.29.2
  /nix/store/96rqsbg8z242724qy85sbld7dbf4hipr-pkg-config-wrapper-0.29.2
  /nix/store/1z13nb8zh15n25d3ym19079kd3qb0yyl-sqlite-3.53.3
  /nix/store/1ag9nx63cvsq8144696shw1yx7xclk6b-sqlite-3.53.3-bin
  /nix/store/5q261wj3mn5z5q45xjx8yjx8z7ak49vm-sqlite-3.53.3-dev
  /nix/store/23y96z8njd6sbihwrnqibd4bkfgpmnf5-stdenv-linux
  /nix/store/ka9y2y39cb6kj3sgji4sxr79lj20ydw7-update-autotools-gnu-config-scripts-hook
  /nix/store/waax852balprvsvdziyaf1h7r3ldvakg-xgcc-15.3.0-libgcc
  /nix/store/444w0vhw2s72zp3lzdzygdhakb0wf2ap-xz-5.8.3
  /nix/store/hrvsv5knsgy3kjqykgh75d0yfxm92j8g-xz-5.8.3-bin
  /nix/store/8m1ckjz4k9v5ly0dkbyqpaw02kaxrp33-zlib-1.3.2
copying path '/nix/store/jmg3sklk0yw7cnbplczk7kidhn14dsia-gnu-config-2024-01-01' from 'https://cache.nixos.org'...
copying path '/nix/store/waax852balprvsvdziyaf1h7r3ldvakg-xgcc-15.3.0-libgcc' from 'https://cache.nixos.org'...
copying path '/nix/store/ahg79xbgc81hkhj3xl8524i8pjp3sxkx-gcc-15.3.0-libgcc' from 'https://cache.nixos.org'...
copying path '/nix/store/h0hd048jzxs7fx9a6g75jwrrhbg50bp8-libunistring-1.4.2' from 'https://cache.nixos.org'...
copying path '/nix/store/vazsdlk6qrrnkdhfis861dn4w4j5g5x5-linux-headers-7.2' from 'https://cache.nixos.org'...
copying path '/nix/store/ka9y2y39cb6kj3sgji4sxr79lj20ydw7-update-autotools-gnu-config-scripts-hook' from 'https://cache.nixos.org'...
copying path '/nix/store/0s40b0an0cz4vypbji92cb7qbr65icl4-libidn2-2.3.8' from 'https://cache.nixos.org'...
copying path '/nix/store/m54cs0m994hc3n9lax7sg98sgy729qsa-glibc-2.42-84' from 'https://cache.nixos.org'...
copying path '/nix/store/mmi5xn7d09niakcwn9ni5389p04rk944-acl-2.4.0' from 'https://cache.nixos.org'...
copying path '/nix/store/fz3swsp25dqnx89i17b73ipjp668nmlk-attr-2.6.0' from 'https://cache.nixos.org'...
copying path '/nix/store/idnyqaaix26szkvhs1mjgi7990jajz9a-bash-5.3p15' from 'https://cache.nixos.org'...
copying path '/nix/store/96dn85brqck88r0wwipymxddsdbdkk3y-ed-1.22.6' from 'https://cache.nixos.org'...
copying path '/nix/store/mfbl9c76sq0s6l23pcc9skxzqj24kx8s-expand-response-params' from 'https://cache.nixos.org'...
copying path '/nix/store/r68vac903zffq3aiihz3hzjqag7dl63f-glibc-2.42-84-bin' from 'https://cache.nixos.org'...
copying path '/nix/store/2yc5bc6r8jp84mjcjpzhp5rk65lwabqp-gmp-6.3.0' from 'https://cache.nixos.org'...
copying path '/nix/store/cc9ybj8h0b8aj85j6m8lh4nj24l1w4dq-gawk-5.4.1' from 'https://cache.nixos.org'...
copying path '/nix/store/n65q2br81z7a9g3hcvskd2pvr8s6a7ms-gcc-15.3.0-lib' from 'https://cache.nixos.org'...
copying path '/nix/store/36isqyq3hq26n3q37dazzb60g3jqpi07-bzip2-1.0.8' from 'https://cache.nixos.org'...
copying path '/nix/store/9rg367v9cdbcibdkzm8bmi7l0csi1cba-expand-response-params' from 'https://cache.nixos.org'...
copying path '/nix/store/1nwgsy4c5862g44s9lkf50643p3nbwm5-gnused-4.10' from 'https://cache.nixos.org'...
copying path '/nix/store/d0f6wmjqzaj51vwf03qlaa2lmjcvvf20-gzip-1.14' from 'https://cache.nixos.org'...
copying path '/nix/store/zb29r6g2h9pvsc2bl5vr4j4ad1q6dvx1-gnumake-4.4.1' from 'https://cache.nixos.org'...
copying path '/nix/store/xg8r53g4y7n6d237a54yqrvwmy66ckid-pcre2-10.48' from 'https://cache.nixos.org'...
copying path '/nix/store/x5shh0326akynalzlbsd2yhikr13n1pf-pkg-config-0.29.2' from 'https://cache.nixos.org'...
copying path '/nix/store/8m1ckjz4k9v5ly0dkbyqpaw02kaxrp33-zlib-1.3.2' from 'https://cache.nixos.org'...
copying path '/nix/store/09ydmr9cnb1wil3qlsbw8wiyajhiirai-patch-2.8' from 'https://cache.nixos.org'...
copying path '/nix/store/444w0vhw2s72zp3lzdzygdhakb0wf2ap-xz-5.8.3' from 'https://cache.nixos.org'...
copying path '/nix/store/3b3k72bbr01bgff7bdkiz6r05gmlx5s9-gnugrep-3.12' from 'https://cache.nixos.org'...
copying path '/nix/store/yqv95rqr8v79zv0nvrgx2557mhwigy9f-bzip2-1.0.8-bin' from 'https://cache.nixos.org'...
copying path '/nix/store/fkj1d0n3il4r85d52446sc5q0n3a5393-gnutar-1.35' from 'https://cache.nixos.org'...
copying path '/nix/store/2dzq2m49jxnqs7qki5c0m0zfwyyj076i-binutils-2.46-lib' from 'https://cache.nixos.org'...
copying path '/nix/store/1z13nb8zh15n25d3ym19079kd3qb0yyl-sqlite-3.53.3' from 'https://cache.nixos.org'...
copying path '/nix/store/l69ryv2cf5jz9jmqd00z6qqm60xf5rhm-file-5.48' from 'https://cache.nixos.org'...
copying path '/nix/store/1ag9nx63cvsq8144696shw1yx7xclk6b-sqlite-3.53.3-bin' from 'https://cache.nixos.org'...
copying path '/nix/store/96rqsbg8z242724qy85sbld7dbf4hipr-pkg-config-wrapper-0.29.2' from 'https://cache.nixos.org'...
copying path '/nix/store/0knb7rblp09aaqlnv62cllh203kj6qyr-mpfr-4.2.2' from 'https://cache.nixos.org'...
copying path '/nix/store/0cjr7klvikqcqv1w08gqpw513pnis6nr-isl-0.20' from 'https://cache.nixos.org'...
copying path '/nix/store/6rgkfqr5mcjr39irv7wlbhfih2r5s2nl-glibc-2.42-84-dev' from 'https://cache.nixos.org'...
copying path '/nix/store/hrvsv5knsgy3kjqykgh75d0yfxm92j8g-xz-5.8.3-bin' from 'https://cache.nixos.org'...
copying path '/nix/store/y3rz7f4q0l3wcy2jgbyhhhyqlswrgrvc-libmpc-1.4.1' from 'https://cache.nixos.org'...
copying path '/nix/store/2idxnbd69vsh9dfg0zqx0q6pn4x5nsrn-gmp-with-cxx-6.3.0' from 'https://cache.nixos.org'...
copying path '/nix/store/akxy5gsmirdjr7zyvzwwm1v009k42rhp-patchelf-0.15.2' from 'https://cache.nixos.org'...
copying path '/nix/store/havg05vfa2g9ksbcsnk0hx9z1mlgfbhi-binutils-2.46' from 'https://cache.nixos.org'...
copying path '/nix/store/5q261wj3mn5z5q45xjx8yjx8z7ak49vm-sqlite-3.53.3-dev' from 'https://cache.nixos.org'...
copying path '/nix/store/mhx6dmg6whr7c85krk9rjwjsxrp9iggs-gcc-15.3.0' from 'https://cache.nixos.org'...
copying path '/nix/store/p7xdvcvl4aw7m229qzlq601aq0w0nb9n-coreutils-9.11' from 'https://cache.nixos.org'...
copying path '/nix/store/cq7xxligr7bnbbp22w9ix5119kb0kn7n-diffutils-3.12' from 'https://cache.nixos.org'...
copying path '/nix/store/xqx65i7cwacw7rsnj3dlbqas27mwvpn2-findutils-4.11.0' from 'https://cache.nixos.org'...
copying path '/nix/store/88indlfybaxi39ln8r02a35p4xj5m85d-binutils-wrapper-2.46' from 'https://cache.nixos.org'...
copying path '/nix/store/z2qkl46kv87zcs2sfwfjgc75nq0hbzhf-gcc-wrapper-15.3.0' from 'https://cache.nixos.org'...
copying path '/nix/store/23y96z8njd6sbihwrnqibd4bkfgpmnf5-stdenv-linux' from 'https://cache.nixos.org'...
building '/nix/store/1azipckgsvm0warrymbzjmadlff42mrz-bootstrap-sqlite-0.1.drv'...
