 Container nix-dev-run-51ffbb18c754 Creating 
 Container nix-dev-run-51ffbb18c754 Created 
unpacking 'github:ontouchstart/ontouchstart.github.io/dddd13285d671b8d32b4aa92e16612c2e7c8249f' into the Git cache...
evaluating ''...
evaluating 'packages'...
evaluating 'packages.aarch64-linux'...
evaluating 'packages.aarch64-linux.default'...
copying path '/nix/store/niycx1744bsqh1l7ywb8xdpnv96695xi-source' from 'https://cache.nixos.org'...
evaluating 'packages.aarch64-linux.hello'...
these 5 paths will be fetched (10.6 MiB download, 47.3 MiB unpacked):
  /nix/store/m54cs0m994hc3n9lax7sg98sgy729qsa-glibc-2.42-84
  /nix/store/kwhxkl8yn5y8wqiq11jsybagw3fbc4iv-hello-2.12.3
  /nix/store/0s40b0an0cz4vypbji92cb7qbr65icl4-libidn2-2.3.8
  /nix/store/h0hd048jzxs7fx9a6g75jwrrhbg50bp8-libunistring-1.4.2
  /nix/store/waax852balprvsvdziyaf1h7r3ldvakg-xgcc-15.3.0-libgcc
copying path '/nix/store/waax852balprvsvdziyaf1h7r3ldvakg-xgcc-15.3.0-libgcc' from 'https://cache.nixos.org'...
copying path '/nix/store/h0hd048jzxs7fx9a6g75jwrrhbg50bp8-libunistring-1.4.2' from 'https://cache.nixos.org'...
copying path '/nix/store/0s40b0an0cz4vypbji92cb7qbr65icl4-libidn2-2.3.8' from 'https://cache.nixos.org'...
copying path '/nix/store/m54cs0m994hc3n9lax7sg98sgy729qsa-glibc-2.42-84' from 'https://cache.nixos.org'...
copying path '/nix/store/kwhxkl8yn5y8wqiq11jsybagw3fbc4iv-hello-2.12.3' from 'https://cache.nixos.org'...
