/nix/store/j895a8pzpmfybkc7ciahyvbb7hwrjg5d-patchelf-0.15.2/bin
/nix/store/99zij8qfs8wzbb2njrj18ys8hpnrcj3p-gcc-wrapper-16.2.0/bin
/nix/store/70xc727xbli0162ggrmpsysmdw90qcsa-gcc-16.2.0/bin
/nix/store/7ds55fbsssa9ybbmp9i5z87ssalf27y6-glibc-2.44-25-bin/bin
/nix/store/dq1apsyiah48nmc4n45dpwc33k887hdn-coreutils-9.11/bin
/nix/store/j7hs7iam6fi7d9mk9iq8cc9sk0875hgg-binutils-wrapper-2.46/bin
/nix/store/j2f02jl7pb3wcljmqh602j0pa6rkxd31-binutils-2.46/bin
/nix/store/8dpmmiq8hdj1z4fvig4ch1mfid0vzrxm-rustc-wrapper-1.98.1/bin
/nix/store/4xg2np6a2m3ff0camgca44rb5h8g71nl-cargo-1.98.1/bin
/nix/store/l54xxyh3havpk0qwr0pdz4cdn0vrhjv3-curl-8.22.0-dev/bin
/nix/store/0ck2q3xzrl0f00ri3gfaqnxgq51pq72f-brotli-1.2.0/bin
/nix/store/12vk8kkf6zz79l31qcf7dglkv81sp835-krb5-1.22.2-dev/bin
/nix/store/0x9pjwi7q07bp5y9rxj152r4sp01gzyi-krb5-1.22.2/bin
/nix/store/kgnsbgqd6wbfkk0w9ggsfmaphhfycdpw-nghttp2-1.70.0/bin
/nix/store/lfnr9djj6l7svhb2a5w88bwqprd1cfb3-libidn2-2.3.8-bin/bin
/nix/store/m9xpj129716c3dn7mcja91cb84mplpv9-openssl-3.5.8-bin/bin
/nix/store/ibj9znh6k4nz4641yrfcgz9h1b27i7xr-libpsl-0.21.5/bin
/nix/store/gpa1zjqqs5p7bb5hwlrpkzy9fgvqhrpw-zstd-1.5.7-bin/bin
/nix/store/37pj113a0sm14a3c8mymvfrm6msfcy82-zstd-1.5.7/bin
/nix/store/8kdawibp3831l16sx890nmxjyxii2a8i-curl-8.22.0-bin/bin
/nix/store/kw0mkd9znldi5l0s4jygygdh4p9sms8r-sqlite-3.53.3-bin/bin
/nix/store/7b0c4i8v38jjrhd6zcwa96r2qq4gib1i-fossil-2.28/bin
/nix/store/dq1apsyiah48nmc4n45dpwc33k887hdn-coreutils-9.11/bin
/nix/store/11ra19d3cyh5kv0lk8v35wqcnz6wjrm0-findutils-4.11.0/bin
/nix/store/xaafmj26l17lwa51901ljdb42hp881an-diffutils-3.12/bin
/nix/store/2jk00rxplr3qjmjl2q46l7izbf8gxcs6-gnused-4.10/bin
/nix/store/82643wb56lminz3a4b6gk92d2g4ydwks-gnugrep-3.12/bin
/nix/store/2bwpli20ff4f7hg5ck477p8s57kj857w-gawk-5.4.1/bin
/nix/store/5kxc9c5n026xn0mgv553ki5zxsx104f8-gnutar-1.35/bin
/nix/store/7ns5gvxmsgl0gggsghjydkslb7zpfps6-gzip-1.14/bin
/nix/store/qvm8g59klqxbyrxkdkffcjzixq2gnhny-bzip2-1.0.8-bin/bin
/nix/store/r9phvj33q4ln1g1z2n8zcxrkx8baxvlc-gnumake-4.4.1/bin
/nix/store/mwhkh9l5j5z6mkk83k22rjhx6lxgqh85-bash-5.3p15/bin
/nix/store/k0pd8lfhr0n07i8hhxsdz5ccfgcpss80-patch-2.8/bin
/nix/store/csrwf31hprwghnbyiglxa3p787lgrl67-xz-5.8.4-bin/bin
/nix/store/r0kwnxiyl1053qzxzn02jrcqr55kp0fb-file-5.48/bin
/nix/store/knhpzwcavw3d68lcq14f71d4ag8ykgz1-ripgrep-15.2.0/bin
/nix/store/09w3qz2zfj2libm9x42w65wpa6syzdgn-fd-10.5.0/bin
