unpacking 'github:ontouchstart/ontouchstart.github.io/df2e1ad8c9437c777041541bd12170c22656014e' into the Git cache...
copying path '/nix/store/bqck1hypy8j3l922lf781qknmcxjv5a0-source' from 'https://cache.nixos.org'...
copying path '/nix/store/ka7q0r9bxnz0jmi2lh58qx5ijcd3lccf-git-2.55.0-doc' from 'https://cache.nixos.org'...
copying path '/nix/store/znzslg4bx78fnmckbqsvkkimmbf2w98r-perl5.42.3-libnet-3.15' from 'https://cache.nixos.org'...
copying path '/nix/store/ipwfw879md4ixzp96wy0bhfzkawlbaaa-perl5.42.3-Digest-HMAC-1.05' from 'https://cache.nixos.org'...
copying path '/nix/store/d13gd0dp0mc5mxk8fl5f0pb0b5kmpx4s-perl5.42.3-HTML-TagCloud-0.38' from 'https://cache.nixos.org'...
copying path '/nix/store/a0jfglk9b2ns4mwg01nl4bcrys6lrk0n-perl5.42.3-FCGI-ProcManager-0.28' from 'https://cache.nixos.org'...
copying path '/nix/store/waax852balprvsvdziyaf1h7r3ldvakg-xgcc-15.3.0-libgcc' from 'https://cache.nixos.org'...
copying path '/nix/store/q9nrzizmapqrx5ivr0pg5lbqaj8cjpr7-perl5.42.3-HTML-Tagset-3.20' from 'https://cache.nixos.org'...
copying path '/nix/store/23qb8r5ipgw65qvrxicm4884f8zbncv0-perl5.42.3-IO-HTML-1.004' from 'https://cache.nixos.org'...
copying path '/nix/store/6pid7skjwrcbjdh6dl2w33lnq13wxdxh-perl5.42.3-Encode-Locale-1.05' from 'https://cache.nixos.org'...
copying path '/nix/store/5x4v2lkrmwpjf7clxs34fqfvjrv112ln-perl5.42.3-Test-Needs-0.002010' from 'https://cache.nixos.org'...
copying path '/nix/store/97xcjc66raxnwhg6m676dj8a3c83hg8l-perl5.42.3-Test-RequiresInternet-0.05' from 'https://cache.nixos.org'...
copying path '/nix/store/g03cvwj89vzklxcn1a3csbr0rfp81v9p-perl5.42.3-TimeDate-2.33' from 'https://cache.nixos.org'...
copying path '/nix/store/ra0v27r22zd6fw9v31jvqrwfq5gmx7i5-perl5.42.3-LWP-MediaTypes-6.04' from 'https://cache.nixos.org'...
copying path '/nix/store/i2hp5anchnmkl260cd4yqakvhl2dlfsf-perl5.42.3-Try-Tiny-0.31' from 'https://cache.nixos.org'...
copying path '/nix/store/v3if2dxdqynl704xbvyajmy885h4yf13-perl5.42.3-MIME-Base32-1.303' from 'https://cache.nixos.org'...
copying path '/nix/store/ahg79xbgc81hkhj3xl8524i8pjp3sxkx-gcc-15.3.0-libgcc' from 'https://cache.nixos.org'...
copying path '/nix/store/jmg3sklk0yw7cnbplczk7kidhn14dsia-gnu-config-2024-01-01' from 'https://cache.nixos.org'...
copying path '/nix/store/9mif72xzkn3jv0bj8q2qs8xmzcd3w29b-perl5.42.3-Mozilla-CA-20230821' from 'https://cache.nixos.org'...
copying path '/nix/store/h0hd048jzxs7fx9a6g75jwrrhbg50bp8-libunistring-1.4.2' from 'https://cache.nixos.org'...
copying path '/nix/store/n7aaryickpnkwwmmkg7xgnlihmmsh55w-mailcap-2.1.54' from 'https://cache.nixos.org'...
copying path '/nix/store/jxmmal9iyp3yfhv9zz1n9nwa2aqq3ijc-publicsuffix-list-0-unstable-2026-09-02' from 'https://cache.nixos.org'...
copying path '/nix/store/i8an849ir6g3f4n2wrsm88s2qgrzjayq-tzdata-2026c' from 'https://cache.nixos.org'...
copying path '/nix/store/dzx75f59fzr1ivfn8lslg1y2k5bmr8zg-perl5.42.3-HTTP-Date-6.08' from 'https://cache.nixos.org'...
copying path '/nix/store/6v2sj10hlhzgpz9k50lvbcfp7ra6dgdn-perl5.42.3-Test-Fatal-0.017' from 'https://cache.nixos.org'...
copying path '/nix/store/hlwalcbi3qqjwan6wcf2rmlrnghc3x93-perl5.42.3-URI-5.36' from 'https://cache.nixos.org'...
copying path '/nix/store/vazsdlk6qrrnkdhfis861dn4w4j5g5x5-linux-headers-7.2' from 'https://cache.nixos.org'...
copying path '/nix/store/ka9y2y39cb6kj3sgji4sxr79lj20ydw7-update-autotools-gnu-config-scripts-hook' from 'https://cache.nixos.org'...
copying path '/nix/store/13xv5733wa2qppm4d7b26v05mrr4ap7w-perl5.42.3-File-Listing-6.16' from 'https://cache.nixos.org'...
copying path '/nix/store/i60b8binib5y5w63mnmyr69fswszbhg8-perl5.42.3-HTTP-CookieJar-0.014' from 'https://cache.nixos.org'...
copying path '/nix/store/l9bs9y2p11jg3lcvqzgnx7nsbss4rnpn-perl5.42.3-Net-HTTP-6.23' from 'https://cache.nixos.org'...
copying path '/nix/store/bys8y2z7qc1aqdq8r4qz1swrz9g7dxcy-perl5.42.3-WWW-RobotRules-6.02' from 'https://cache.nixos.org'...
copying path '/nix/store/0s40b0an0cz4vypbji92cb7qbr65icl4-libidn2-2.3.8' from 'https://cache.nixos.org'...
copying path '/nix/store/m54cs0m994hc3n9lax7sg98sgy729qsa-glibc-2.42-84' from 'https://cache.nixos.org'...
copying path '/nix/store/mmi5xn7d09niakcwn9ni5389p04rk944-acl-2.4.0' from 'https://cache.nixos.org'...
copying path '/nix/store/idnyqaaix26szkvhs1mjgi7990jajz9a-bash-5.3p15' from 'https://cache.nixos.org'...
copying path '/nix/store/0glklzmdllhkd17qkq1269njhngvbgwd-brotli-1.2.0-lib' from 'https://cache.nixos.org'...
copying path '/nix/store/fz3swsp25dqnx89i17b73ipjp668nmlk-attr-2.6.0' from 'https://cache.nixos.org'...
copying path '/nix/store/36isqyq3hq26n3q37dazzb60g3jqpi07-bzip2-1.0.8' from 'https://cache.nixos.org'...
copying path '/nix/store/96dn85brqck88r0wwipymxddsdbdkk3y-ed-1.22.6' from 'https://cache.nixos.org'...
copying path '/nix/store/mfbl9c76sq0s6l23pcc9skxzqj24kx8s-expand-response-params' from 'https://cache.nixos.org'...
copying path '/nix/store/gcpbflb4hvi7fxrgcr102pkz4qlifnsl-expat-2.8.4' from 'https://cache.nixos.org'...
copying path '/nix/store/cc9ybj8h0b8aj85j6m8lh4nj24l1w4dq-gawk-5.4.1' from 'https://cache.nixos.org'...
copying path '/nix/store/n65q2br81z7a9g3hcvskd2pvr8s6a7ms-gcc-15.3.0-lib' from 'https://cache.nixos.org'...
copying path '/nix/store/dpz6cy60syqw1jnrxzq5cl8zys46bm0q-gdbm-1.26-lib' from 'https://cache.nixos.org'...
copying path '/nix/store/r68vac903zffq3aiihz3hzjqag7dl63f-glibc-2.42-84-bin' from 'https://cache.nixos.org'...
copying path '/nix/store/zb29r6g2h9pvsc2bl5vr4j4ad1q6dvx1-gnumake-4.4.1' from 'https://cache.nixos.org'...
copying path '/nix/store/1nwgsy4c5862g44s9lkf50643p3nbwm5-gnused-4.10' from 'https://cache.nixos.org'...
copying path '/nix/store/2yc5bc6r8jp84mjcjpzhp5rk65lwabqp-gmp-6.3.0' from 'https://cache.nixos.org'...
copying path '/nix/store/d0f6wmjqzaj51vwf03qlaa2lmjcvvf20-gzip-1.14' from 'https://cache.nixos.org'...
copying path '/nix/store/kwhxkl8yn5y8wqiq11jsybagw3fbc4iv-hello-2.12.3' from 'https://cache.nixos.org'...
copying path '/nix/store/nkh9q6vq57z174rry7vh9wlhb97fp94x-zlib-ng-2.3.3' from 'https://cache.nixos.org'...
copying path '/nix/store/v89yca35zsb13k51ibz0mcz2rrzjwwrj-openssl-3.6.4' from 'https://cache.nixos.org'...
copying path '/nix/store/wabz9g8jyb2v7j5wfp1sqi61byvz085c-perl5.42.3-FCGI-0.82' from 'https://cache.nixos.org'...
copying path '/nix/store/wfmfy508blychjy9hd90qi7h6y0j226s-perl5.42.3-TermReadKey-2.38' from 'https://cache.nixos.org'...
copying path '/nix/store/xg8r53g4y7n6d237a54yqrvwmy66ckid-pcre2-10.48' from 'https://cache.nixos.org'...
copying path '/nix/store/09ydmr9cnb1wil3qlsbw8wiyajhiirai-patch-2.8' from 'https://cache.nixos.org'...
copying path '/nix/store/xplind4h97x3aq0xy1c9nm48rs7hm55z-ncurses-6.6' from 'https://cache.nixos.org'...
copying path '/nix/store/fkj1d0n3il4r85d52446sc5q0n3a5393-gnutar-1.35' from 'https://cache.nixos.org'...
copying path '/nix/store/2n3j3j85n60axyib6h4kxk7zsjm4a7y0-nghttp3-1.16.0' from 'https://cache.nixos.org'...
copying path '/nix/store/717hhzngx3cd36rnw5d3mv2ia0vzr87r-nghttp2-1.70.0-lib' from 'https://cache.nixos.org'...
copying path '/nix/store/ry8vzs1d0b2zk7z3y1639g7xnx37x1nb-libpsl-0.21.5' from 'https://cache.nixos.org'...
copying path '/nix/store/8m1ckjz4k9v5ly0dkbyqpaw02kaxrp33-zlib-1.3.2' from 'https://cache.nixos.org'...
copying path '/nix/store/yqv95rqr8v79zv0nvrgx2557mhwigy9f-bzip2-1.0.8-bin' from 'https://cache.nixos.org'...
copying path '/nix/store/56dn643p9mfj66q2wff5zx00y664c2vg-perl5.42.3-Clone-0.46' from 'https://cache.nixos.org'...
copying path '/nix/store/vr2z6cbcdfwrvb8a8v4ywzv7q09k0xv4-perl5.42.3-Compress-Raw-Bzip2-2.218' from 'https://cache.nixos.org'...
copying path '/nix/store/444w0vhw2s72zp3lzdzygdhakb0wf2ap-xz-5.8.3' from 'https://cache.nixos.org'...
copying path '/nix/store/6rgkfqr5mcjr39irv7wlbhfih2r5s2nl-glibc-2.42-84-dev' from 'https://cache.nixos.org'...
copying path '/nix/store/di4ry70rgrq1h0h3vjapn8wc464g5bgq-mpdecimal-4.0.1' from 'https://cache.nixos.org'...
copying path '/nix/store/kwz7s3fi4d8qi6ypsw175k0wks0ff1wy-util-linux-minimal-2.42.3-lib' from 'https://cache.nixos.org'...
copying path '/nix/store/n31cgnpx6p79f3pbw56n85ckky2j3f0x-libffi-3.8.0' from 'https://cache.nixos.org'...
copying path '/nix/store/7vdmq8gxxskqlvq5p6b09ha1l4wbd984-perl5.42.3-Crypt-URandom-0.55' from 'https://cache.nixos.org'...
copying path '/nix/store/3b3k72bbr01bgff7bdkiz6r05gmlx5s9-gnugrep-3.12' from 'https://cache.nixos.org'...
copying path '/nix/store/k0b3m4zllniyv5szmza81a3gs4h2b6y1-libxcrypt-4.5.2' from 'https://cache.nixos.org'...
copying path '/nix/store/f59flw0linqycsrx8b3idsyd61nachc7-keyutils-1.6.3-lib' from 'https://cache.nixos.org'...
copying path '/nix/store/0cjr7klvikqcqv1w08gqpw513pnis6nr-isl-0.20' from 'https://cache.nixos.org'...
copying path '/nix/store/l69ryv2cf5jz9jmqd00z6qqm60xf5rhm-file-5.48' from 'https://cache.nixos.org'...
copying path '/nix/store/2dzq2m49jxnqs7qki5c0m0zfwyyj076i-binutils-2.46-lib' from 'https://cache.nixos.org'...
copying path '/nix/store/zsi732id046dfs6l1vb3v1rpwwahraqr-perl5.42.3-Compress-Raw-Zlib-2.222' from 'https://cache.nixos.org'...
copying path '/nix/store/1z13nb8zh15n25d3ym19079kd3qb0yyl-sqlite-3.53.3' from 'https://cache.nixos.org'...
copying path '/nix/store/0knb7rblp09aaqlnv62cllh203kj6qyr-mpfr-4.2.2' from 'https://cache.nixos.org'...
copying path '/nix/store/hrvsv5knsgy3kjqykgh75d0yfxm92j8g-xz-5.8.3-bin' from 'https://cache.nixos.org'...
copying path '/nix/store/h1gj99bqwwhin6ykpm6aipszmx9qjmzz-readline-8.3p3' from 'https://cache.nixos.org'...
copying path '/nix/store/jlv0z9wwd7d8gsaqars245skj5n9ahni-gettext-1.0' from 'https://cache.nixos.org'...
copying path '/nix/store/akxy5gsmirdjr7zyvzwwm1v009k42rhp-patchelf-0.15.2' from 'https://cache.nixos.org'...
copying path '/nix/store/zf5kl4x0zjkf6zl5d84ac0xahpp0las8-zstd-1.5.7' from 'https://cache.nixos.org'...
copying path '/nix/store/2idxnbd69vsh9dfg0zqx0q6pn4x5nsrn-gmp-with-cxx-6.3.0' from 'https://cache.nixos.org'...
copying path '/nix/store/hcllhcns8cda9531v17l8ndv4k7p1xjy-perl5.42.3-Authen-SASL-2.1900' from 'https://cache.nixos.org'...
copying path '/nix/store/y3rz7f4q0l3wcy2jgbyhhhyqlswrgrvc-libmpc-1.4.1' from 'https://cache.nixos.org'...
copying path '/nix/store/z9nkwcylvgcrn4dvvd91jp8blv3mx38v-bash-interactive-5.3p15' from 'https://cache.nixos.org'...
copying path '/nix/store/p7xdvcvl4aw7m229qzlq601aq0w0nb9n-coreutils-9.11' from 'https://cache.nixos.org'...
copying path '/nix/store/afzfl957hnpm9sbr3gfk9i8b73mcm39h-krb5-1.22.2-lib' from 'https://cache.nixos.org'...
copying path '/nix/store/5731mwd8sb24ls072pv05m7skfrxjzia-ngtcp2-1.23.0' from 'https://cache.nixos.org'...
copying path '/nix/store/cg92y84n1kqq0nqd4awz8gixl4pqicdz-perl5.42.3-Net-SSLeay-1.92' from 'https://cache.nixos.org'...
copying path '/nix/store/l7qwwwj2rs3wqddchxjx23m3s0kdhs8j-libssh2-1.11.1' from 'https://cache.nixos.org'...
copying path '/nix/store/havg05vfa2g9ksbcsnk0hx9z1mlgfbhi-binutils-2.46' from 'https://cache.nixos.org'...
copying path '/nix/store/mhx6dmg6whr7c85krk9rjwjsxrp9iggs-gcc-15.3.0' from 'https://cache.nixos.org'...
copying path '/nix/store/3fl7bdkdxk2k4nssy1d1161isbzn6bsr-python3-3.14.7' from 'https://cache.nixos.org'...
copying path '/nix/store/831pzrk6rkrzzz1kgfjhsq7nsvc73ra5-perl5.42.3-IO-Socket-SSL-2.083' from 'https://cache.nixos.org'...
copying path '/nix/store/cq7xxligr7bnbbp22w9ix5119kb0kn7n-diffutils-3.12' from 'https://cache.nixos.org'...
copying path '/nix/store/wlnxy8mxf0dgsk8qn14z0s6qs9j5idyp-perl-5.42.3' from 'https://cache.nixos.org'...
copying path '/nix/store/xqx65i7cwacw7rsnj3dlbqas27mwvpn2-findutils-4.11.0' from 'https://cache.nixos.org'...
copying path '/nix/store/dwx4mpqydfhykk29yy1dxdjrbs0hn1yh-curl-8.22.0' from 'https://cache.nixos.org'...
copying path '/nix/store/ddxb12i0l0w0riqrq65fgvnbz3qp4iy0-perl5.42.3-Net-SMTP-SSL-1.04' from 'https://cache.nixos.org'...
copying path '/nix/store/88indlfybaxi39ln8r02a35p4xj5m85d-binutils-wrapper-2.46' from 'https://cache.nixos.org'...
copying path '/nix/store/vz262q7d429430f5r156kjmqlx8rbh99-perl5.42.3-IO-Compress-2.221' from 'https://cache.nixos.org'...
copying path '/nix/store/7kv9mjwd992287v8bmichh76ifw1kn9g-perl5.42.3-HTTP-Message-7.02' from 'https://cache.nixos.org'...
copying path '/nix/store/8drdgl5mgqp6mda7i40aqk0mxv7p4asy-perl5.42.3-HTML-Parser-3.85' from 'https://cache.nixos.org'...
copying path '/nix/store/7bg7yc99qsf1iilk0flg9fl5xbq94l5s-perl5.42.3-HTTP-Cookies-6.10' from 'https://cache.nixos.org'...
copying path '/nix/store/liadp83c6930g8i246dc7605jrmvgpl7-perl5.42.3-HTTP-Negotiate-6.01' from 'https://cache.nixos.org'...
copying path '/nix/store/1yv6f4sxzpipk5gm6c69prhfl86szx5s-perl5.42.3-HTTP-Daemon-6.17' from 'https://cache.nixos.org'...
copying path '/nix/store/p9jbxb8r9izqlk1xkmag6qrln49xhgmp-perl5.42.3-CGI-4.59' from 'https://cache.nixos.org'...
copying path '/nix/store/wndv2v2bjwci01n31ggfb6yajx89phma-perl5.42.3-libwww-perl-6.83' from 'https://cache.nixos.org'...
copying path '/nix/store/p7zsw9qlr8dlrdlzbxgb93vcz9v53jf2-perl5.42.3-CGI-Fast-2.16' from 'https://cache.nixos.org'...
copying path '/nix/store/wnv9pqby90h45gyha0xwfp1blhmrrcv1-git-2.55.0' from 'https://cache.nixos.org'...
copying path '/nix/store/z2qkl46kv87zcs2sfwfjgc75nq0hbzhf-gcc-wrapper-15.3.0' from 'https://cache.nixos.org'...
copying path '/nix/store/23y96z8njd6sbihwrnqibd4bkfgpmnf5-stdenv-linux' from 'https://cache.nixos.org'...
building '/nix/store/rf2pmfgmf393d1pgmadd3k74765avz71-nix-shell-env.drv'...
this path will be fetched (107.5 KiB download, 107.4 KiB unpacked):
  /nix/store/fxgmbf925hzlljn7pgpxpb4hxn5x8x61-bash-interactive-5.3p15-man
copying path '/nix/store/fxgmbf925hzlljn7pgpxpb4hxn5x8x61-bash-interactive-5.3p15-man' from 'https://cache.nixos.org'...
