#1 [internal] load local bake definitions
#1 reading from stdin 572B done
#1 DONE 0.0s

#2 [internal] load build definition from Dockerfile
#2 transferring dockerfile: 625B done
#2 DONE 0.0s

#3 [internal] load metadata for docker.io/nixos/nix:latest
#3 DONE 0.3s

#4 [internal] load .dockerignore
#4 transferring context: 2B done
#4 DONE 0.0s

#5 [internal] load build context
#5 transferring context: 33B done
#5 DONE 0.0s

#6 [1/8] FROM docker.io/nixos/nix:latest@sha256:7a007c766426c1877758ddc5cb87a965ac131fc78c582ce0083d922d51ae945c
#6 resolve docker.io/nixos/nix:latest@sha256:7a007c766426c1877758ddc5cb87a965ac131fc78c582ce0083d922d51ae945c 0.0s done
#6 CACHED

#7 [2/8] RUN nix-channel --update
#7 1.272 unpacking 1 channels...
#7 DONE 15.2s

#8 [3/8] RUN echo 'experimental-features = nix-command flakes' >> /etc/nix/nix.conf
#8 DONE 0.5s

#9 [4/8] RUN nix-env -iA nixpkgs.vim nixpkgs.gnumake
#9 0.753 installing 'vim-9.2.1001'
#9 0.753 installing 'gnumake-4.4.1'
#9 1.103 these 17 paths will be fetched (30.7 MiB download, 120.1 MiB unpacked):
#9 1.103   /nix/store/idnyqaaix26szkvhs1mjgi7990jajz9a-bash-5.3p15
#9 1.103   /nix/store/z9nkwcylvgcrn4dvvd91jp8blv3mx38v-bash-interactive-5.3p15
#9 1.103   /nix/store/cc9ybj8h0b8aj85j6m8lh4nj24l1w4dq-gawk-5.4.1
#9 1.103   /nix/store/m54cs0m994hc3n9lax7sg98sgy729qsa-glibc-2.42-84
#9 1.103   /nix/store/05difb0b1s9bzadqngmfcjlzpvhza5kq-gnumake-4.4.1
#9 1.103   /nix/store/2m0m9rqpbp41qsvpyndm5lrlhz8ib6rm-gnumake-4.4.1-debug
#9 1.103   /nix/store/2rd6ibqk57k6kxs2l9lcikb32gbr3q4i-gnumake-4.4.1-doc
#9 1.103   /nix/store/7hfrdpmnif4lf0cagm07gzzys7fcfamg-gnumake-4.4.1-info
#9 1.103   /nix/store/4967h3q84h7m43bay2jc6s0vs0b4vl8b-gnumake-4.4.1-man
#9 1.103   /nix/store/0s40b0an0cz4vypbji92cb7qbr65icl4-libidn2-2.3.8
#9 1.103   /nix/store/h0hd048jzxs7fx9a6g75jwrrhbg50bp8-libunistring-1.4.2
#9 1.103   /nix/store/0avnvyc7pkcr4pjqws7hwpy87m6wlnjc-make-4.4.1.tar.gz
#9 1.103   /nix/store/xplind4h97x3aq0xy1c9nm48rs7hm55z-ncurses-6.6
#9 1.103   /nix/store/h1gj99bqwwhin6ykpm6aipszmx9qjmzz-readline-8.3p3
#9 1.103   /nix/store/wrxsrlpphkgsk0635ikw3vbifw8x6wc0-vim-9.2.1001
#9 1.103   /nix/store/gfip1jv3m6r2c156yr8rxbkzky4c9znv-vim-9.2.1001-xxd
#9 1.103   /nix/store/waax852balprvsvdziyaf1h7r3ldvakg-xgcc-15.3.0-libgcc
#9 1.104 copying path '/nix/store/2rd6ibqk57k6kxs2l9lcikb32gbr3q4i-gnumake-4.4.1-doc' from 'https://cache.nixos.org'...
#9 1.105 copying path '/nix/store/7hfrdpmnif4lf0cagm07gzzys7fcfamg-gnumake-4.4.1-info' from 'https://cache.nixos.org'...
#9 1.105 copying path '/nix/store/0avnvyc7pkcr4pjqws7hwpy87m6wlnjc-make-4.4.1.tar.gz' from 'https://cache.nixos.org'...
#9 1.105 copying path '/nix/store/4967h3q84h7m43bay2jc6s0vs0b4vl8b-gnumake-4.4.1-man' from 'https://cache.nixos.org'...
#9 1.106 copying path '/nix/store/waax852balprvsvdziyaf1h7r3ldvakg-xgcc-15.3.0-libgcc' from 'https://cache.nixos.org'...
#9 1.106 copying path '/nix/store/h0hd048jzxs7fx9a6g75jwrrhbg50bp8-libunistring-1.4.2' from 'https://cache.nixos.org'...
#9 1.195 copying path '/nix/store/0s40b0an0cz4vypbji92cb7qbr65icl4-libidn2-2.3.8' from 'https://cache.nixos.org'...
#9 1.243 copying path '/nix/store/m54cs0m994hc3n9lax7sg98sgy729qsa-glibc-2.42-84' from 'https://cache.nixos.org'...
#9 1.465 copying path '/nix/store/idnyqaaix26szkvhs1mjgi7990jajz9a-bash-5.3p15' from 'https://cache.nixos.org'...
#9 1.465 copying path '/nix/store/05difb0b1s9bzadqngmfcjlzpvhza5kq-gnumake-4.4.1' from 'https://cache.nixos.org'...
#9 1.465 copying path '/nix/store/cc9ybj8h0b8aj85j6m8lh4nj24l1w4dq-gawk-5.4.1' from 'https://cache.nixos.org'...
#9 1.465 copying path '/nix/store/xplind4h97x3aq0xy1c9nm48rs7hm55z-ncurses-6.6' from 'https://cache.nixos.org'...
#9 1.465 copying path '/nix/store/gfip1jv3m6r2c156yr8rxbkzky4c9znv-vim-9.2.1001-xxd' from 'https://cache.nixos.org'...
#9 1.558 copying path '/nix/store/2m0m9rqpbp41qsvpyndm5lrlhz8ib6rm-gnumake-4.4.1-debug' from 'https://cache.nixos.org'...
#9 1.604 copying path '/nix/store/h1gj99bqwwhin6ykpm6aipszmx9qjmzz-readline-8.3p3' from 'https://cache.nixos.org'...
#9 1.635 copying path '/nix/store/z9nkwcylvgcrn4dvvd91jp8blv3mx38v-bash-interactive-5.3p15' from 'https://cache.nixos.org'...
#9 1.701 copying path '/nix/store/wrxsrlpphkgsk0635ikw3vbifw8x6wc0-vim-9.2.1001' from 'https://cache.nixos.org'...
#9 2.064 building '/nix/store/l64slms5f021yxabwg6hxzssh914azdm-user-environment.drv'...
#9 DONE 2.5s

#10 [5/8] RUN echo 'bun:;git clone -b bun-v1.4.2 https://github.com/oven-sh/bun.git && cd bun && git apply ../flake.patch && nix flake update' > Makefile
#10 DONE 0.1s

#11 [6/8] RUN echo 'dev:bun;cd bun && nix develop --command bash -c "bun scripts/build.ts --profile=debug --asan=off"' >> Makefile
#11 DONE 0.1s

#12 [7/8] RUN echo 'test:bun;cd bun && nix develop --command bash -c "/bun/build/debug/bun-debug test"' >> Makefile
#12 DONE 0.1s

#13 [8/8] COPY flake.patch .
#13 DONE 0.0s

#14 exporting to image
#14 exporting layers
#14 exporting layers 7.4s done
#14 exporting manifest sha256:a57fb9ad815bc13e20d371a1bce3c23e609409bf1ef07133aef3b994435ee341 done
#14 exporting config sha256:f37c195b1b4b294ae42d51bf46f6e54102d43a8d50801cdf2c94c3cdd90709e8 done
#14 exporting attestation manifest sha256:80393514a13718956338a2049eaca3a1dfe13d2bc9206f3dc4c83b442681bd95 done
#14 exporting manifest list sha256:7c27b182eeb2be800b090731a48ea18a43f17c705b1289c2c6a7619572108bc9 done
#14 naming to docker.io/library/bun-review-dev:latest done
#14 unpacking to docker.io/library/bun-review-dev:latest
#14 unpacking to docker.io/library/bun-review-dev:latest 11.6s done
#14 DONE 19.2s

#15 resolving provenance for metadata file
#15 DONE 0.0s
