Setting up required mutable Rust toolchain...

  nightly-2026-07-20-aarch64-unknown-linux-gnu installed - rustc 1.99.0-nightly (9f36de775 2026-07-19)

=====================================
Bun Development Environment Fixed    
=====================================
Node.js: v26.8.1
Bun: 1.3.13
Clang: clang version 21.1.8
CMake: cmake version 4.3.4
LLVM: 21.1.8

Quick start:
  bun bd                    # Build debug binary
  bun bd test <test-file>   # Run tests
=====================================
ninja: Entering directory `/home/build/debug'
[1/1266] mkdir stamps
[2/1266] mkdir codegen
[3/1266] mkdir obj
[4/1266] mkdir pch
[5/1266] gen ErrorCode+*.h
[6/1266] gen bindgenv2
[7/1266] gen .bind.ts → GeneratedBindings.cpp
[8/1266] gen bake.{client,server,error}.js
-> bake.client.js, bake.server.js, bake.error.js
[9/1266] gen JSBuffer.lut.h
Generating /home/build/debug/codegen/JSBuffer.lut.h from /home/src/jsc/bindings/JSBuffer.cpp
[10/1266] fetch picohttpparser
[picohttpparser] fetching h2o/picohttpparser@066d2b1e
[picohttpparser] done → /home/vendor/picohttpparser
[11/1266] gen JSSink.{cpp,h,lut.h,rs}
generated_jssink.rs: 7 sinks, 84 exported symbols
Generating /home/build/debug/codegen/JSSink.lut.h from /home/build/debug/codegen/JSSink.lut.txt
[12/1266] gen ProcessBindingBuffer.lut.h
Generating /home/build/debug/codegen/ProcessBindingBuffer.lut.h from /home/src/jsc/bindings/ProcessBindingBuffer.cpp
[13/1266] gen BunObject.lut.h
Generating /home/build/debug/codegen/BunObject.lut.h from /home/src/jsc/bindings/BunObject.cpp
[14/1266] gen ProcessBindingConstants.lut.h
Generating /home/build/debug/codegen/ProcessBindingConstants.lut.h from /home/src/jsc/bindings/ProcessBindingConstants.cpp
[15/1266] gen BunProcess.lut.h
Generating /home/build/debug/codegen/BunProcess.lut.h from /home/src/jsc/bindings/BunProcess.cpp
[16/1266] gen ZigGlobalObject.lut.h
Generating /home/build/debug/codegen/ZigGlobalObject.lut.h from /home/src/jsc/bindings/ZigGlobalObject.lut.txt
[17/1266] gen ProcessBindingHTTPParser.lut.h
Generating /home/build/debug/codegen/ProcessBindingHTTPParser.lut.h from /home/src/jsc/bindings/ProcessBindingHTTPParser.cpp
[18/1266] gen JSEvent.lut.h
Generating /home/build/debug/codegen/JSEvent.lut.h from /home/src/jsc/bindings/webcore/JSEvent.cpp
[19/1266] gen string-map defines_table
[20/1266] gen ProcessBindingFs.lut.h
Generating /home/build/debug/codegen/ProcessBindingFs.lut.h from /home/src/jsc/bindings/ProcessBindingFs.cpp
[21/1266] gen NodeModuleModule.lut.h
Generating /home/build/debug/codegen/NodeModuleModule.lut.h from /home/src/jsc/modules/NodeModuleModule.cpp
[22/1266] gen compressed/completions/bun.bash.zst
[23/1266] gen compressed/completions/bun.zsh.zst
[24/1266] gen compressed/completions/bun.fish.zst
[25/1266] gen compressed/src/runtime/bake/bun-framework-react/client.tsx.zst
[26/1266] gen compressed/codegen/bake.client.js.zst
[27/1266] gen compressed/codegen/bake.error.js.zst
[28/1266] gen ProcessBindingNatives.lut.h
Generating /home/build/debug/codegen/ProcessBindingNatives.lut.h from /home/src/jsc/bindings/ProcessBindingNatives.cpp
[29/1266] gen ZigGeneratedClasses.{cpp,h,rs}
Found 2 classes from /home/src/jsc/resolve_message.classes.ts
  - ResolveMessage (15 fields)
  - BuildMessage (10 fields)
Found 1 classes from /home/src/runtime/api/Archive.classes.ts
  - Archive (4 fields, 1 class fields)
Found 2 classes from /home/src/runtime/api/BunObject.classes.ts
  - ResourceUsage (8 fields)
  - Subprocess (20 fields)
Found 1 classes from /home/src/runtime/api/cron.classes.ts
  - CronJob (5 fields)
Found 3 classes from /home/src/runtime/api/filesystem_router.classes.ts
  - FileSystemRouter (5 fields)
  - FrameworkFileSystemRouter (2 fields)
  - MatchedRoute (8 fields)
Found 1 classes from /home/src/runtime/api/Glob.classes.ts
  - Glob (5 fields)
Found 1 classes from /home/src/runtime/api/h2.classes.ts
  - H2FrameParser (32 fields)
Found 9 classes from /home/src/runtime/api/html_rewriter.classes.ts
  - HTMLRewriter (3 fields)
  - TextChunk (7 fields)
  - DocType (5 fields)
  - DocEnd (1 fields)
  - Comment (6 fields)
  - EndTag (4 fields)
  - AttributeIterator (2 fields)
  - Element (19 fields)
  - HTMLRewriterTransform
Found 2 classes from /home/src/runtime/api/JSBundler.classes.ts
  - Transpiler (4 fields)
  - BuildArtifact (12 fields)
Found 1 classes from /home/src/runtime/api/ParsedShellScript.classes.ts
  - ParsedShellScript (3 fields)
Found 1 classes from /home/src/runtime/api/S3Client.classes.ts
  - S3Client (9 fields, 9 class fields)
Found 1 classes from /home/src/runtime/api/S3Stat.classes.ts
  - S3Stat (4 fields)
Found 1 classes from /home/src/runtime/api/SecureContext.classes.ts
  - SecureContext (2 fields, 3 class fields)
Found 1 classes from /home/src/runtime/api/Shell.classes.ts
  - ShellInterpreter (3 fields)
Found 1 classes from /home/src/runtime/api/sourcemap.classes.ts
  - SourceMap (4 fields)
Found 4 classes from /home/src/runtime/api/sql.classes.ts
  - PostgresSQLConnection (9 fields)
  - PostgresSQLQuery (5 fields)
  - MySQLConnection (8 fields)
  - MySQLQuery (5 fields)
Found 3 classes from /home/src/runtime/api/streams.classes.ts
  - BlobInternalReadableStreamSource (13 fields)
  - FileInternalReadableStreamSource (10 fields)
  - BytesInternalReadableStreamSource (13 fields)
Found 1 classes from /home/src/runtime/api/Terminal.classes.ts
  - Terminal (12 fields)
Found 3 classes from /home/src/runtime/api/zlib.classes.ts
  - NativeZlib (7 fields)
  - NativeBrotli (7 fields)
  - NativeZstd (7 fields)
Found 10 classes from /home/src/runtime/crypto/crypto.classes.ts
  - Crypto (3 fields)
  - SHA1 (3 fields, 2 class fields)
  - MD5 (3 fields, 2 class fields)
  - MD4 (3 fields, 2 class fields)
  - SHA224 (3 fields, 2 class fields)
  - SHA512 (3 fields, 2 class fields)
  - SHA384 (3 fields, 2 class fields)
  - SHA256 (3 fields, 2 class fields)
  - SHA512_256 (3 fields, 2 class fields)
  - CryptoHasher (5 fields, 2 class fields)
Found 1 classes from /home/src/runtime/ffi/ffi.classes.ts
  - FFI (2 fields)
Found 1 classes from /home/src/runtime/image/Image.classes.ts
  - Image (21 fields, 4 class fields)
Found 6 classes from /home/src/runtime/node/node.classes.ts
  - DNSResolver (16 fields)
  - FSWatcher (3 fields)
  - StatWatcher (3 fields)
  - Timeout (12 fields)
  - Immediate (6 fields)
  - NodeJSFS (88 fields)
Found 3 classes from /home/src/runtime/node/quic/quic.classes.ts
  - QuicEndpoint (7 fields)
  - QuicSession (13 fields)
  - QuicStream (14 fields)
Found 7 classes from /home/src/runtime/server/server.classes.ts
  - HTTPServer (21 fields)
  - DebugHTTPServer (21 fields)
  - HTTPSServer (21 fields)
  - DebugHTTPSServer (21 fields)
  - NodeHTTPResponse (30 fields)
  - ServerWebSocket (20 fields)
  - HTMLBundle (1 fields)
Found 6 classes from /home/src/runtime/socket/sockets.classes.ts
  - TLSSocket (57 fields)
  - TCPSocket (55 fields)
  - Listener (11 fields)
  - UDPSocket (23 fields)
  - SocketAddress (6 fields, 2 class fields)
  - BlockList (5 fields, 1 class fields)
Found 15 classes from /home/src/runtime/test_runner/jest.classes.ts
  - ExpectAnything
  - ExpectAny
  - ExpectCloseTo
  - ExpectObjectContaining
  - ExpectStringContaining
  - ExpectStringMatching
  - ExpectArrayContaining
  - ExpectCustomAsymmetricMatcher (1 fields)
  - ExpectMatcherContext (5 fields)
  - ExpectMatcherUtils (6 fields)
  - ExpectStatic (10 fields)
  - Expect (89 fields, 15 class fields)
  - ExpectTypeOf (38 fields)
  - DoneCallback
  - ScopeFunctions (13 fields)
Found 1 classes from /home/src/runtime/valkey_jsc/valkey.classes.ts
  - RedisClient (212 fields)
Found 1 classes from /home/src/runtime/webcore/encoding.classes.ts
  - TextDecoder (4 fields)
Found 3 classes from /home/src/runtime/webcore/response.classes.ts
  - Request (22 fields)
  - Response (17 fields, 3 class fields)
  - Blob (18 fields)
generated_classes.rs: 93 classes (79 resolved), 1527 exported symbols
[30/1266] fetch nodejs (prebuilt)
[nodejs] fetching https://nodejs.org/dist/v26.3.0/node-v26.3.0-headers.tar.gz
[nodejs] extracted to /root/.bun/build-cache/nodejs-headers-26.3.0
[31/1266] fetch zlib
[zlib] fetching zlib-ng/zlib-ng@12731092
[zlib] applying clang-cl-arm64.patch
[zlib] done → /home/vendor/zlib
[32/1266] subst deps/zlib/zlib.h
[33/1266] subst deps/zlib/zconf.h
[34/1266] install /home
bun install v1.3.13 (bf2e2cec)

+ @lezer/common@1.5.2
+ @lezer/cpp@1.1.6
+ esbuild@0.21.5
+ oxlint@1.70.0
+ prettier@3.6.2
+ prettier-plugin-organize-imports@4.3.0
+ react@18.3.1
+ react-dom@18.3.1
+ source-map-js@1.2.1
+ typescript@6.0.2

40 packages installed [1.80s]
[35/1266] fetch tinycc
[tinycc] fetching oven-sh/tinycc@05f0fafa
[tinycc] applying tcc.h.patch
[tinycc] done → /home/vendor/tinycc
[36/1266] cc obj/vendor/zlib/compress.c.o
[37/1266] cc obj/vendor/zlib/adler32.c.o
[38/1266] cc obj/vendor/zlib/crc32.c.o
[39/1266] esbuild runtime.out.js

  build/debug/codegen/runtime.out.js  5.6kb

⚡ Done in 13ms
[40/1266] cc obj/vendor/zlib/crc32_braid_comb.c.o
[41/1266] host-cc deps/tinycc/codegen-tool
[42/1266] fetch libjpeg-turbo
[libjpeg-turbo] fetching libjpeg-turbo/libjpeg-turbo@e352b02f
[libjpeg-turbo] applying 8bit-only.patch
[libjpeg-turbo] overlay jbun_stubs.c
[libjpeg-turbo] done → /home/vendor/libjpeg-turbo
[43/1266] codegen tinycc
[44/1266] subst deps/libjpeg-turbo/jconfig.h
[45/1266] install /home/packages/bun-error
bun install v1.3.13 (bf2e2cec)

+ preact@10.27.2

1 package installed [386.00ms]
[46/1266] cc obj/vendor/zlib/deflate.c.o
[47/1266] cc obj/vendor/zlib/deflate_fast.c.o
[48/1266] subst deps/libjpeg-turbo/jconfigint.h
[49/1266] esbuild bun-error

  ../../build/debug/codegen/bun-error/index.js       34.9kb
  ../../build/debug/codegen/bun-error/bun-error.css  12.8kb

⚡ Done in 53ms
[50/1266] subst deps/libjpeg-turbo/neon-compat.h
[51/1266] subst deps/libjpeg-turbo/jversion.h
[52/1266] gen compressed/codegen/bun-error/bun-error.css.zst
[53/1266] gen cpp.rs (cppbind)
[54/1266] gen compressed/codegen/bun-error/index.js.zst
[55/1266] fetch libdeflate
[libdeflate] fetching ebiggers/libdeflate@c8c56a20
[libdeflate] done → /home/vendor/libdeflate
[56/1266] fetch brotli
[brotli] fetching google/brotli@v1.1.0
[brotli] done → /home/vendor/brotli
[57/1266] cc obj/vendor/zlib/deflate_huff.c.o
[58/1266] cc obj/vendor/zlib/deflate_medium.c.o
[59/1266] cc obj/vendor/zlib/deflate_quick.c.o
[60/1266] cc obj/vendor/zlib/deflate_rle.c.o
[61/1266] cc obj/vendor/zlib/deflate_stored.c.o
[62/1266] cc obj/vendor/zlib/deflate_slow.c.o
[63/1266] cc obj/vendor/zlib/infback.c.o
[64/1266] cc obj/vendor/zlib/functable.c.o
[65/1266] cc obj/vendor/zlib/inftrees.c.o
[66/1266] cc obj/vendor/zlib/insert_string.c.o
[67/1266] cc obj/vendor/zlib/inflate.c.o
[68/1266] cc obj/vendor/zlib/insert_string_roll.c.o
[69/1266] cc obj/vendor/zlib/cpu_features.c.o
[70/1266] cc obj/vendor/zlib/uncompr.c.o
[71/1266] cc obj/vendor/zlib/zutil.c.o
[72/1266] gen generated_host_exports.rs
generated_host_exports.rs: 122 exports (host=5, lazy=10, generic=107, rust=0); 242 extern-C blocks audited
[73/1266] cc obj/vendor/zlib/trees.c.o
[74/1266] fetch libspng
[libspng] fetching randy408/libspng@fb768002
[libspng] done → /home/vendor/libspng
[75/1266] cc obj/vendor/zlib/gzlib.c.o
[76/1266] cc obj/vendor/zlib/gzread.c.o
[77/1266] cc obj/vendor/zlib/gzwrite.c.o
[78/1266] cc obj/vendor/zlib/arch/generic/adler32_c.c.o
[79/1266] cc obj/vendor/zlib/arch/generic/crc32_chorba_c.c.o
[80/1266] fetch zstd
[zstd] fetching facebook/zstd@f8745da6
[zstd] done → /home/vendor/zstd
[81/1266] cc obj/vendor/zlib/arch/generic/crc32_braid_c.c.o
[82/1266] cc obj/vendor/zlib/arch/generic/adler32_fold_c.c.o
[83/1266] cc obj/vendor/zlib/arch/generic/compare256_c.c.o
[84/1266] cc obj/vendor/zlib/arch/generic/chunkset_c.c.o
[85/1266] fetch libwebp
[libwebp] fetching webmproject/libwebp@b7e29b9d
[libwebp] done → /home/vendor/libwebp
[86/1266] cc obj/vendor/zlib/arch/generic/crc32_fold_c.c.o
[87/1266] cc obj/vendor/zlib/arch/arm/arm_features.c.o
[88/1266] cc obj/vendor/zlib/arch/generic/slide_hash_c.c.o
[89/1266] cc obj/vendor/zlib/arch/arm/crc32_armv8.c.o
[90/1266] cc obj/vendor/zlib/arch/arm/adler32_neon.c.o
[91/1266] cc obj/vendor/zlib/arch/arm/compare256_neon.c.o
[92/1266] cc obj/vendor/zstd/lib/common/debug.c.o
[93/1266] cc obj/vendor/zlib/arch/arm/chunkset_neon.c.o
[94/1266] cc obj/vendor/zlib/arch/arm/slide_hash_neon.c.o
[95/1266] fetch hdrhistogram
[hdrhistogram] fetching HdrHistogram/HdrHistogram_c@be60a998
[hdrhistogram] applying bitscan-type.patch
[hdrhistogram] done → /home/vendor/hdrhistogram
[96/1266] cc obj/vendor/zstd/lib/common/threading.c.o
[97/1266] cc obj/vendor/zstd/lib/common/entropy_common.c.o
[98/1266] cc obj/vendor/zstd/lib/common/error_private.c.o
[99/1266] cc obj/vendor/zstd/lib/common/xxhash.c.o
[100/1266] cc obj/vendor/zstd/lib/common/pool.c.o
[101/1266] cc obj/vendor/zstd/lib/common/fse_decompress.c.o
[102/1266] cc obj/vendor/zstd/lib/compress/fse_compress.c.o
[103/1266] cc obj/vendor/zstd/lib/common/zstd_common.c.o
[104/1266] cc obj/vendor/zstd/lib/compress/hist.c.o
[105/1266] fetch lshpack
[lshpack] fetching litespeedtech/ls-hpack@8905c024
[lshpack] applying bss-huff-tables.patch
[lshpack] applying no-name-trim.patch
[lshpack] done → /home/vendor/lshpack
[106/1266] fetch cares
[cares] fetching c-ares/c-ares@c7a3138d
[cares] applying accept-rdata-compression.patch
[cares] done → /home/vendor/cares
[107/1266] cc obj/vendor/zstd/lib/compress/huf_compress.c.o
[108/1266] install /home/src/node-fallbacks
bun install v1.3.13 (bf2e2cec)

+ assert@2.1.0
+ browserify-zlib@0.2.0
+ crypto-browserify@3.12.1
+ domain-browser@4.23.0
+ https-browserify@1.0.0
+ punycode@2.3.1
+ querystring-es3@1.0.0-0
+ react-refresh@0.17.0
+ readable-stream@4.7.0
+ stream-http@3.2.0
+ string_decoder@1.3.0

103 packages installed [3.05s]
[109/1266] gen node-fallbacks/react-refresh.js
Bundled 1 module in 9ms

  react-refresh.js  4.81 KB  (entry point)

[110/1266] fetch highway
[highway] fetching google/highway@2607d3b5
[highway] applying silence-warnings.patch
[highway] done → /home/vendor/highway
[111/1266] cc obj/src/jsc/bindings/sqlite/sqlite3.c.o
[112/1266] gen compressed/codegen/node-fallbacks/react-refresh.js.zst
[113/1266] cc obj/vendor/zstd/lib/compress/zstd_compress_literals.c.o
[114/1266] cc obj/vendor/zstd/lib/compress/zstd_compress_sequences.c.o
[115/1266] cc obj/vendor/zstd/lib/compress/zstd_compress_superblock.c.o
[116/1266] cc obj/vendor/zstd/lib/compress/zstd_compress.c.o
[117/1266] cc obj/vendor/zstd/lib/compress/zstd_double_fast.c.o
[118/1266] gen node-fallbacks/*.js
[119/1266] fetch libarchive
[libarchive] fetching libarchive/libarchive@ded82291
[libarchive] applying archive_write_add_filter_gzip.c.patch
[libarchive] applying select-registered-only.patch
[libarchive] applying nonblocking-read.patch
[libarchive] applying archive_string-codepage-cache.patch
[libarchive] done → /home/vendor/libarchive
[120/1266] fetch lsqpack
[lsqpack] fetching litespeedtech/ls-qpack@1e9c5b8e
[lsqpack] applying bss-huff-tables.patch
[lsqpack] done → /home/vendor/lsqpack
[121/1266] cc obj/vendor/zstd/lib/compress/zstd_preSplit.c.o
[122/1266] cc obj/vendor/zstd/lib/compress/zstd_ldm.c.o
[123/1266] cc obj/vendor/zstd/lib/compress/zstd_fast.c.o
[124/1266] cc obj/vendor/zstd/lib/compress/zstd_opt.c.o
[125/1266] cc obj/vendor/zstd/lib/compress/zstdmt_compress.c.o
[126/1266] cc obj/vendor/zstd/lib/decompress/huf_decompress.c.o
[127/1266] cc obj/vendor/zstd/lib/decompress/zstd_ddict.c.o
[128/1266] cc obj/vendor/zstd/lib/decompress/zstd_decompress_block.c.o
[129/1266] cc obj/vendor/zstd/lib/decompress/zstd_decompress.c.o
[130/1266] fetch mimalloc
[mimalloc] fetching oven-sh/mimalloc@6a64e1ba
[mimalloc] done → /home/vendor/mimalloc
[131/1266] cc obj/vendor/zstd/lib/dictBuilder/divsufsort.c.o
[132/1266] cc obj/vendor/zstd/lib/dictBuilder/cover.c.o
[133/1266] cc obj/vendor/brotli/c/common/context.c.o
[134/1266] cc obj/vendor/brotli/c/common/constants.c.o
[135/1266] cc obj/vendor/brotli/c/common/platform.c.o
[136/1266] cc obj/vendor/brotli/c/common/transform.c.o
[137/1266] cc obj/vendor/brotli/c/common/dictionary.c.o
[138/1266] cc obj/vendor/brotli/c/common/shared_dictionary.c.o
[139/1266] cc obj/vendor/zstd/lib/dictBuilder/fastcover.c.o
[140/1266] cc obj/vendor/zstd/lib/dictBuilder/zdict.c.o
[141/1266] cc obj/vendor/brotli/c/dec/bit_reader.c.o
[142/1266] cc obj/vendor/brotli/c/dec/huffman.c.o
[143/1266] cc obj/vendor/brotli/c/dec/state.c.o
[144/1266] cc obj/vendor/brotli/c/dec/decode.c.o
[145/1266] cc obj/vendor/brotli/c/enc/bit_cost.c.o
[146/1266] cc obj/vendor/zstd/lib/compress/zstd_lazy.c.o
[147/1266] cc obj/vendor/brotli/c/enc/backward_references_hq.c.o
[148/1266] cc obj/vendor/brotli/c/enc/block_splitter.c.o
[149/1266] cc obj/vendor/brotli/c/enc/brotli_bit_stream.c.o
[150/1266] cc obj/vendor/brotli/c/enc/backward_references.c.o
[151/1266] cc obj/vendor/brotli/c/enc/command.c.o
[152/1266] cc obj/vendor/brotli/c/enc/compound_dictionary.c.o
[153/1266] cc obj/vendor/brotli/c/enc/dictionary_hash.c.o
[154/1266] cc obj/vendor/brotli/c/enc/cluster.c.o
[155/1266] fetch lsquic
[lsquic] fetching litespeedtech/lsquic@31819113
[lsquic] applying versions-to-string.patch
[lsquic] applying allow-no-sni.patch
[lsquic] applying skip-priority-walk.patch
[lsquic] applying hash-nested-iter.patch
[lsquic] applying abort-error-tickable.patch
[lsquic] applying disable-gquic.patch
[lsquic] applying requeue-unsent-coalesced.patch
[lsquic] applying node-quic-accessors.patch
[lsquic] applying coalesce-batch-drop.patch
[lsquic] applying connection-close-pns.patch
[lsquic] done → /home/vendor/lsquic
[156/1266] cc obj/vendor/brotli/c/enc/fast_log.c.o
[157/1266] cc obj/vendor/brotli/c/enc/entropy_encode.c.o
[158/1266] cc obj/vendor/brotli/c/enc/compress_fragment.c.o
[159/1266] cc obj/vendor/brotli/c/enc/compress_fragment_two_pass.c.o
[160/1266] cc obj/vendor/brotli/c/enc/memory.c.o
[161/1266] cc obj/vendor/brotli/c/enc/literal_cost.c.o
[162/1266] cc obj/vendor/brotli/c/enc/histogram.c.o
[163/1266] cc obj/vendor/brotli/c/enc/encoder_dict.c.o
[164/1266] cc obj/vendor/brotli/c/enc/utf8_util.c.o
[165/1266] cc obj/vendor/libdeflate/lib/utils.c.o
[166/1266] cc obj/vendor/brotli/c/enc/encode.c.o
[167/1266] cc obj/vendor/brotli/c/enc/static_dict.c.o
[168/1266] fetch rust-argon2
[rust-argon2] fetching sru-systems/rust-argon2@ed81866f
[rust-argon2] applying legacy-low-memory.patch
[rust-argon2] done → /home/vendor/rust-argon2
[169/1266] cc obj/vendor/libdeflate/lib/x86/cpu_features.c.o
[170/1266] cc obj/vendor/libdeflate/lib/arm/cpu_features.c.o
[171/1266] cc obj/vendor/libdeflate/lib/deflate_decompress.c.o
[172/1266] cc obj/vendor/libdeflate/lib/zlib_compress.c.o
[173/1266] cc obj/vendor/libdeflate/lib/zlib_decompress.c.o
[174/1266] cc obj/vendor/brotli/c/enc/metablock.c.o
[175/1266] cc obj/vendor/libdeflate/lib/adler32.c.o
[176/1266] cc obj/vendor/libdeflate/lib/gzip_compress.c.o
[177/1266] cc obj/vendor/libdeflate/lib/gzip_decompress.c.o
[178/1266] cc obj/vendor/libdeflate/lib/deflate_compress.c.o
[179/1266] cc obj/vendor/libarchive/libarchive/archive_check_magic.c.o
[180/1266] cc obj/vendor/libdeflate/lib/crc32.c.o
[181/1266] cc obj/vendor/libarchive/libarchive/archive_cmdline.c.o
[182/1266] cc obj/vendor/libarchive/libarchive/archive_acl.c.o
[183/1266] cc obj/vendor/libarchive/libarchive/archive_digest.c.o
[184/1266] cc obj/vendor/libarchive/libarchive/archive_cryptor.c.o
[185/1266] cc obj/vendor/libarchive/libarchive/archive_entry_copy_stat.c.o
[186/1266] cc obj/vendor/libarchive/libarchive/archive_entry.c.o
[187/1266] cc obj/vendor/libarchive/libarchive/archive_entry_link_resolver.c.o
[188/1266] cc obj/vendor/libarchive/libarchive/archive_entry_stat.c.o
[189/1266] cc obj/vendor/libarchive/libarchive/archive_entry_sparse.c.o
[190/1266] cc obj/vendor/libarchive/libarchive/archive_hmac.c.o
[191/1266] cc obj/vendor/libarchive/libarchive/archive_entry_strmode.c.o
[192/1266] cc obj/vendor/libarchive/libarchive/archive_entry_xattr.c.o
[193/1266] cc obj/vendor/libarchive/libarchive/archive_pack_dev.c.o
[194/1266] cc obj/vendor/libarchive/libarchive/archive_pathmatch.c.o
[195/1266] cc obj/vendor/libarchive/libarchive/archive_options.c.o
[196/1266] cc obj/vendor/libarchive/libarchive/archive_match.c.o
[197/1266] cc obj/vendor/libarchive/libarchive/archive_rb.c.o
[198/1266] cc obj/vendor/libarchive/libarchive/archive_parse_date.c.o
[199/1266] cc obj/vendor/libarchive/libarchive/archive_random.c.o
[200/1266] cc obj/vendor/libarchive/libarchive/archive_ppmd7.c.o
[201/1266] cc obj/vendor/libarchive/libarchive/archive_read_add_passphrase.c.o
[202/1266] cc obj/vendor/libarchive/libarchive/archive_read.c.o
[203/1266] cc obj/vendor/libarchive/libarchive/archive_read_data_into_fd.c.o
[204/1266] cc obj/vendor/libarchive/libarchive/archive_read_append_filter.c.o
[205/1266] cc obj/vendor/libarchive/libarchive/archive_read_disk_set_standard_lookup.c.o
[206/1266] cc obj/vendor/libarchive/libarchive/archive_read_disk_entry_from_file.c.o
[207/1266] cc obj/vendor/libarchive/libarchive/archive_read_disk_posix.c.o
[208/1266] cc obj/vendor/libarchive/libarchive/archive_read_extract.c.o
[209/1266] cc obj/vendor/libarchive/libarchive/archive_read_open_fd.c.o
[210/1266] cc obj/vendor/libarchive/libarchive/archive_read_open_file.c.o
[211/1266] cc obj/vendor/libarchive/libarchive/archive_read_open_memory.c.o
[212/1266] cc obj/vendor/libarchive/libarchive/archive_read_extract2.c.o
[213/1266] cc obj/vendor/libarchive/libarchive/archive_read_open_filename.c.o
[214/1266] cc obj/vendor/libarchive/libarchive/archive_read_set_format.c.o
[215/1266] cc obj/vendor/libarchive/libarchive/archive_read_set_options.c.o
[216/1266] cc obj/vendor/libarchive/libarchive/archive_read_support_filter_gzip.c.o
[217/1266] cc obj/vendor/libarchive/libarchive/archive_read_support_format_empty.c.o
[218/1266] cc obj/vendor/libarchive/libarchive/archive_read_support_filter_program.c.o
[219/1266] cc obj/vendor/libarchive/libarchive/archive_read_support_format_raw.c.o
[220/1266] cc obj/vendor/libarchive/libarchive/archive_read_support_format_tar.c.o
[221/1266] cc obj/vendor/libarchive/libarchive/archive_string_sprintf.c.o
[222/1266] cc obj/vendor/libarchive/libarchive/archive_string.c.o
[223/1266] cc obj/vendor/libarchive/libarchive/archive_time.c.o
[224/1266] cc obj/vendor/libarchive/libarchive/archive_util.c.o
[225/1266] cc obj/vendor/libarchive/libarchive/archive_virtual.c.o
[226/1266] cc obj/vendor/libarchive/libarchive/archive_version_details.c.o
[227/1266] cc obj/vendor/libarchive/libarchive/archive_write.c.o
[228/1266] cc obj/vendor/libarchive/libarchive/archive_write_open_fd.c.o
[229/1266] cc obj/vendor/libarchive/libarchive/archive_write_open_file.c.o
[230/1266] cc obj/vendor/libarchive/libarchive/archive_write_disk_set_standard_lookup.c.o
[231/1266] cc obj/vendor/libarchive/libarchive/archive_write_disk_posix.c.o
[232/1266] cc obj/vendor/libarchive/libarchive/archive_write_open_memory.c.o
[233/1266] cc obj/vendor/libarchive/libarchive/archive_write_open_filename.c.o
[234/1266] cc obj/vendor/libarchive/libarchive/archive_write_add_filter.c.o
[235/1266] cc obj/vendor/libarchive/libarchive/archive_write_add_filter_b64encode.c.o
[236/1266] cc obj/vendor/libarchive/libarchive/archive_write_add_filter_by_name.c.o
[237/1266] cc obj/vendor/libarchive/libarchive/archive_write_add_filter_bzip2.c.o
[238/1266] cc obj/vendor/libarchive/libarchive/archive_write_add_filter_compress.c.o
[239/1266] cc obj/vendor/libarchive/libarchive/archive_write_add_filter_grzip.c.o
[240/1266] cc obj/vendor/libarchive/libarchive/archive_write_add_filter_gzip.c.o
[241/1266] cc obj/vendor/libarchive/libarchive/archive_write_add_filter_lrzip.c.o
[242/1266] cc obj/vendor/libarchive/libarchive/archive_write_add_filter_lz4.c.o
[243/1266] cc obj/vendor/libarchive/libarchive/archive_write_add_filter_none.c.o
[244/1266] cc obj/vendor/libarchive/libarchive/archive_write_add_filter_lzop.c.o
[245/1266] cc obj/vendor/libarchive/libarchive/archive_write_add_filter_program.c.o
[246/1266] cc obj/vendor/libarchive/libarchive/archive_write_add_filter_uuencode.c.o
[247/1266] cc obj/vendor/libarchive/libarchive/archive_write_add_filter_xz.c.o
[248/1266] cc obj/vendor/libarchive/libarchive/archive_write_set_format.c.o
[249/1266] cc obj/vendor/libarchive/libarchive/archive_write_add_filter_zstd.c.o
[250/1266] cc obj/vendor/libarchive/libarchive/archive_write_set_format_by_name.c.o
[251/1266] cc obj/vendor/libarchive/libarchive/archive_write_set_format_cpio.c.o
[252/1266] cc obj/vendor/libarchive/libarchive/archive_write_set_format_ar.c.o
[253/1266] cc obj/vendor/libarchive/libarchive/archive_write_set_format_7zip.c.o
[254/1266] cc obj/vendor/libarchive/libarchive/archive_write_set_format_cpio_binary.c.o
[255/1266] cc obj/vendor/libarchive/libarchive/archive_write_set_format_cpio_newc.c.o
[256/1266] cc obj/vendor/libarchive/libarchive/archive_write_set_format_filter_by_ext.c.o
[257/1266] cc obj/vendor/libarchive/libarchive/archive_write_set_format_cpio_odc.c.o
[258/1266] cc obj/vendor/libarchive/libarchive/archive_write_set_format_gnutar.c.o
[259/1266] cc obj/vendor/libarchive/libarchive/archive_write_set_format_mtree.c.o
[260/1266] cc obj/vendor/libarchive/libarchive/archive_write_set_format_pax.c.o
[261/1266] cc obj/vendor/libarchive/libarchive/archive_write_set_format_raw.c.o
[262/1266] cc obj/vendor/libarchive/libarchive/archive_write_set_format_iso9660.c.o
[263/1266] cc obj/vendor/libarchive/libarchive/archive_write_set_format_shar.c.o
[264/1266] cc obj/vendor/libarchive/libarchive/archive_write_set_format_ustar.c.o
[265/1266] cc obj/vendor/libarchive/libarchive/archive_write_set_format_v7tar.c.o
[266/1266] cc obj/vendor/libarchive/libarchive/archive_write_set_format_warc.c.o
[267/1266] cc obj/vendor/libarchive/libarchive/archive_write_set_format_xar.c.o
[268/1266] cc obj/vendor/libarchive/libarchive/archive_write_set_options.c.o
[269/1266] cc obj/vendor/libarchive/libarchive/xxhash.c.o
[270/1266] cc obj/vendor/libarchive/libarchive/filter_fork_posix.c.o
[271/1266] cc obj/vendor/libarchive/libarchive/archive_write_set_passphrase.c.o
[272/1266] cc obj/vendor/libarchive/libarchive/archive_write_set_format_zip.c.o
[273/1266] cc obj/vendor/libjpeg-turbo/src/jcapimin.c.o
[274/1266] cc obj/vendor/libjpeg-turbo/src/jcapistd.c.o
[275/1266] cc obj/vendor/libjpeg-turbo/src/jccoefct.c.o
[276/1266] cc obj/vendor/libjpeg-turbo/src/jccolor.c.o
[277/1266] cc obj/vendor/libjpeg-turbo/src/jcdctmgr.c.o
[278/1266] cc obj/vendor/libjpeg-turbo/src/jcdiffct.c.o
[279/1266] cc obj/vendor/libjpeg-turbo/src/jcicc.c.o
[280/1266] cc obj/vendor/libjpeg-turbo/src/jcinit.c.o
[281/1266] gen JS modules (bundle-modules)
Preprocess modules (11274ms)
Bundle modules (846ms)
Postprocesss modules (1038ms)
Bundle Functions (956ms)
Generate Code (153ms)

[14.30s] Bundled "src/js" for development
  2788 kb
  197 internal modules
  13 native modules
  50 internal functions across 16 files
[282/1266] cc obj/vendor/libjpeg-turbo/src/jclhuff.c.o
[283/1266] cc obj/vendor/libjpeg-turbo/src/jclossls.c.o
[284/1266] cc obj/vendor/libjpeg-turbo/src/jcmainct.c.o
[285/1266] cc obj/vendor/libjpeg-turbo/src/jcmarker.c.o
[286/1266] cc obj/vendor/libjpeg-turbo/src/jchuff.c.o
[287/1266] cc obj/vendor/libjpeg-turbo/src/jcmaster.c.o
[288/1266] cc obj/vendor/libjpeg-turbo/src/jcomapi.c.o
[289/1266] cc obj/vendor/libjpeg-turbo/src/jcparam.c.o
[290/1266] cc obj/vendor/libjpeg-turbo/src/jcphuff.c.o
[291/1266] cc obj/vendor/libjpeg-turbo/src/jcprepct.c.o
[292/1266] cc obj/vendor/libjpeg-turbo/src/jcsample.c.o
[293/1266] cc obj/vendor/libjpeg-turbo/src/jctrans.c.o
[294/1266] cc obj/vendor/libjpeg-turbo/src/jdapimin.c.o
[295/1266] cc obj/vendor/libjpeg-turbo/src/jdatadst.c.o
[296/1266] cc obj/vendor/libjpeg-turbo/src/jdatasrc.c.o
[297/1266] cc obj/vendor/libjpeg-turbo/src/jdapistd.c.o
[298/1266] cc obj/vendor/libjpeg-turbo/src/jdcoefct.c.o
[299/1266] cc obj/vendor/libjpeg-turbo/src/jdcolor.c.o
[300/1266] cc obj/vendor/libjpeg-turbo/src/jddiffct.c.o
[301/1266] cc obj/vendor/libjpeg-turbo/src/jddctmgr.c.o
[302/1266] cc obj/vendor/libjpeg-turbo/src/jdicc.c.o
[303/1266] cc obj/vendor/libjpeg-turbo/src/jdhuff.c.o
[304/1266] cc obj/vendor/libjpeg-turbo/src/jdinput.c.o
[305/1266] cc obj/vendor/libjpeg-turbo/src/jdlhuff.c.o
[306/1266] cc obj/vendor/libjpeg-turbo/src/jdlossls.c.o
[307/1266] cc obj/vendor/libjpeg-turbo/src/jdmainct.c.o
[308/1266] cc obj/vendor/libjpeg-turbo/src/jdmaster.c.o
[309/1266] cc obj/vendor/libjpeg-turbo/src/jdmarker.c.o
[310/1266] cc obj/vendor/libjpeg-turbo/src/jdphuff.c.o
[311/1266] cc obj/vendor/libjpeg-turbo/src/jdpostct.c.o
[312/1266] cc obj/vendor/libjpeg-turbo/src/jdtrans.c.o
[313/1266] cc obj/vendor/libjpeg-turbo/src/jdsample.c.o
[314/1266] cc obj/vendor/libjpeg-turbo/src/jdmerge.c.o
[315/1266] cc obj/vendor/libjpeg-turbo/src/jfdctflt.c.o
[316/1266] cc obj/vendor/libjpeg-turbo/src/jfdctfst.c.o
[317/1266] cc obj/vendor/libjpeg-turbo/src/jfdctint.c.o
[318/1266] cc obj/vendor/libjpeg-turbo/src/jidctflt.c.o
[319/1266] cc obj/vendor/libjpeg-turbo/src/jidctfst.c.o
[320/1266] cc obj/vendor/libjpeg-turbo/src/jaricom.c.o
[321/1266] cc obj/vendor/libjpeg-turbo/src/jcarith.c.o
[322/1266] cc obj/vendor/libjpeg-turbo/src/jidctred.c.o
[323/1266] cc obj/vendor/libjpeg-turbo/src/jerror.c.o
[324/1266] cc obj/vendor/libjpeg-turbo/src/jdarith.c.o
[325/1266] cc obj/vendor/libjpeg-turbo/src/jidctint.c.o
[326/1266] cc obj/vendor/libjpeg-turbo/src/jpeg_nbits.c.o
[327/1266] cc obj/vendor/libjpeg-turbo/src/jmemnobs.c.o
[328/1266] cc obj/vendor/libjpeg-turbo/src/jmemmgr.c.o
[329/1266] cc obj/vendor/libjpeg-turbo/src/jquant1.c.o
[330/1266] cc obj/vendor/libjpeg-turbo/src/jutils.c.o
[331/1266] cc obj/vendor/libjpeg-turbo/src/jquant2.c.o
[332/1266] cc obj/vendor/libjpeg-turbo/src/jdatadst-tj.c.o
[333/1266] cc obj/vendor/libjpeg-turbo/src/jdatasrc-tj.c.o
[334/1266] cc obj/vendor/libjpeg-turbo/src/transupp.c.o
[335/1266] cc obj/vendor/libjpeg-turbo/jbun_stubs.c.o
[336/1266] cc obj/vendor/libjpeg-turbo/src/turbojpeg.c.o
[337/1266] cc obj/vendor/libjpeg-turbo/simd/arm/jcphuff-neon.c.o
[338/1266] cc obj/vendor/libjpeg-turbo/simd/arm/jcsample-neon.c.o
[339/1266] cc obj/vendor/libjpeg-turbo/simd/arm/jcgray-neon.c.o
[340/1266] cc obj/vendor/libjpeg-turbo/simd/arm/jdsample-neon.c.o
[341/1266] cc obj/vendor/libjpeg-turbo/simd/arm/jfdctfst-neon.c.o
[342/1266] cc obj/vendor/libjpeg-turbo/simd/arm/jquanti-neon.c.o
[343/1266] cc obj/vendor/libjpeg-turbo/simd/arm/jidctred-neon.c.o
[344/1266] cc obj/vendor/libjpeg-turbo/simd/arm/jdmerge-neon.c.o
[345/1266] cc obj/vendor/libjpeg-turbo/simd/arm/aarch64/jsimd.c.o
[346/1266] cc obj/vendor/libjpeg-turbo/simd/arm/aarch64/jchuff-neon.c.o
[347/1266] cc obj/vendor/libjpeg-turbo/simd/arm/jidctfst-neon.c.o
[348/1266] cc obj/vendor/libjpeg-turbo/simd/arm/jidctint-neon.c.o
[349/1266] cc obj/vendor/libjpeg-turbo/simd/arm/jfdctint-neon.c.o
[350/1266] cc obj/vendor/libwebp/src/dec/buffer_dec.c.o
[351/1266] cc obj/vendor/libjpeg-turbo/simd/arm/jccolor-neon.c.o
[352/1266] cc obj/vendor/libwebp/src/dec/alpha_dec.c.o
[353/1266] cc obj/vendor/libjpeg-turbo/simd/arm/jdcolor-neon.c.o
[354/1266] cc obj/vendor/libspng/spng/spng.c.o
[355/1266] cc obj/vendor/libwebp/src/dec/frame_dec.c.o
[356/1266] cc obj/vendor/libwebp/src/dec/idec_dec.c.o
[357/1266] cc obj/vendor/libwebp/src/dec/quant_dec.c.o
[358/1266] cc obj/vendor/libwebp/src/dec/io_dec.c.o
[359/1266] fetch lolhtml
[lolhtml] fetching oven-sh/lol-html@725ce499
[lolhtml] done → /home/vendor/lolhtml
[359/1266] cargo bun_runtime → libbun_runtime.a
[576/1266] fetch WebKit (prebuilt)
[WebKit] fetching https://github.com/oven-sh/WebKit/releases/download/autobuild-2e2aa2290fac856d6f451ceacb58f7f5b44dd057/bun-webkit-linux-arm64-debug.tar.gz
[WebKit] extracted to /root/.bun/build-cache/webkit-2e2aa2290fac856d-arm64-debug
[595/1266] fetch boringssl
[boringssl] fetching oven-sh/boringssl@41bf9b59
[boringssl] done → /home/vendor/boringssl
[1158/1266] cxx obj/unified/UnifiedSource-src_jsc_bindings_webcore-12.cpp.o
[1160/1266] cxx obj/unified/UnifiedSource-src_jsc_bindings_webcore-13.cpp.o
[1161/1266] cxx obj/unified/UnifiedSource-src_jsc_bindings_webcrypto-0.cpp.o
[1162/1266] cxx obj/unified/UnifiedSource-src_jsc_bindings_webcrypto-1.cpp.o
[1163/1266] cxx obj/unified/UnifiedSource-src_jsc_bindings_webcrypto-2.cpp.o
[1164/1266] cxx obj/unified/UnifiedSource-src_jsc_bindings_webcrypto-4.cpp.o
[1165/1266] cxx obj/unified/UnifiedSource-src_jsc_bindings_webcrypto-3.cpp.o
[1166/1266] cxx obj/unified/UnifiedSource-src_jsc_bindings_webcrypto-5.cpp.o
[1167/1266] cxx obj/unified/UnifiedSource-src_jsc_bindings_webcore-11.cpp.o
[1168/1266] cxx obj/unified/UnifiedSource-src_jsc_bindings_webcrypto-6.cpp.o
[1169/1266] cxx obj/unified/UnifiedSource-src_jsc_bindings_webcrypto-9.cpp.o
[1170/1266] cxx obj/packages/bun-usockets/src/crypto/root_certs_darwin.cpp.o
[1171/1266] cxx obj/packages/bun-usockets/src/crypto/root_certs_windows.cpp.o
[1172/1266] cxx obj/unified/UnifiedSource-src_jsc_bindings_webcore-14.cpp.o
[1173/1266] cxx obj/unified/UnifiedSource-src_jsc_bindings_webcrypto-7.cpp.o
[1174/1266] cxx obj/unified/UnifiedSource-src_runtime_bake-0.cpp.o
[1175/1266] cxx obj/unified/UnifiedSource-src_jsc_bindings_webcrypto-8.cpp.o
[1176/1266] cxx obj/src/jsc/bindings/image_coregraphics_shim.cpp.o
[1177/1266] cxx obj/unified/UnifiedSource-src_runtime_webview-0.cpp.o
[1178/1266] cxx obj/src/jsc/bindings/image_wic_shim.cpp.o
[1179/1266] cxx obj/unified/UnifiedSource-src_jsc_modules-0.cpp.o
[1180/1266] cxx obj/src/jsc/bindings/BunObject.cpp.o
[1181/1266] cxx obj/unified/UnifiedSource-src_uws_sys-0.cpp.o
[1182/1266] cxx obj/src/jsc/bindings/highway_sourcemap.cpp.o
[1183/1266] cxx obj/src/jsc/bindings/ProcessBindingConstants.cpp.o
[1184/1266] cxx obj/src/jsc/bindings/image_resize.cpp.o
[1185/1266] cxx obj/src/jsc/bindings/JSBuffer.cpp.o
[1186/1266] cxx obj/src/jsc/bindings/ProcessBindingUV.cpp.o
[1187/1266] cxx obj/src/jsc/bindings/webcore/HTTPParsers.cpp.o
[1188/1266] cxx obj/src/jsc/bindings/BunProcess.cpp.o
[1189/1266] cxx obj/src/jsc/bindings/napi.cpp.o
[1190/1266] cxx obj/src/jsc/bindings/webcore/JSMIMEType.cpp.o
[1191/1266] cxx obj/src/jsc/bindings/sqlite/JSSQLStatement.cpp.o
[1192/1266] cxx obj/src/jsc/bindings/webcore/JSDOMPromiseDeferred.cpp.o
[1193/1266] cxx obj/src/jsc/bindings/bindings.cpp.o
[1194/1266] cxx obj/src/jsc/bindings/webcore/JSMessageEventCustom.cpp.o
[1195/1266] cxx obj/src/jsc/bindings/webcore/JSWasmStreamingCompiler.cpp.o
[1196/1266] cxx obj/src/jsc/bindings/sqlite/NodeSqlite.cpp.o
[1197/1266] cxx obj/src/jsc/bindings/webcore/streams/CrossRealmTransform.cpp.o
[1198/1266] cxx obj/src/jsc/bindings/webcore/streams/JSByteLengthQueuingStrategy.cpp.o
[1199/1266] cxx obj/src/jsc/bindings/webcore/streams/JSCompressionStream.cpp.o
[1200/1266] cxx obj/src/jsc/bindings/webcore/streams/BunAsyncIterableSource.cpp.o
[1201/1266] cxx obj/src/jsc/bindings/webcore/streams/JSCompressionStreamShared.cpp.o
[1202/1266] cxx obj/src/jsc/bindings/webcore/streams/JSCrossRealmTransformState.cpp.o
[1203/1266] cxx obj/src/jsc/bindings/webcore/streams/BunStreamSource.cpp.o
[1204/1266] cxx obj/src/jsc/bindings/webcore/streams/JSCountQueuingStrategy.cpp.o
[1205/1266] cxx obj/src/jsc/bindings/webcore/streams/JSDecompressionStream.cpp.o
[1206/1266] cxx obj/src/jsc/bindings/webcore/streams/BunStreamConsumers.cpp.o
[1207/1266] cxx obj/src/jsc/bindings/webcore/streams/JSPullIntoDescriptor.cpp.o
[1208/1266] cxx obj/src/jsc/bindings/webcore/SerializedScriptValue.cpp.o
[1209/1266] cxx obj/src/jsc/bindings/webcore/streams/JSReadableByteStreamController.cpp.o
[1210/1266] cxx obj/src/jsc/bindings/webcore/streams/JSReadableStreamBYOBReader.cpp.o
[1211/1266] cxx obj/src/jsc/bindings/webcore/streams/JSReadableStreamBYOBRequest.cpp.o
[1212/1266] cxx obj/src/jsc/bindings/webcore/streams/JSReadableStreamReaderBase.cpp.o
[1213/1266] cxx obj/src/jsc/bindings/webcore/streams/JSReadableStream.cpp.o
[1214/1266] cxx obj/src/jsc/bindings/webcore/streams/JSReadableStreamDefaultController.cpp.o
[1215/1266] cxx obj/src/jsc/bindings/webcore/streams/JSReadableStreamAsyncIterator.cpp.o
[1216/1266] cxx obj/src/jsc/bindings/webcore/streams/JSDirectStreamController.cpp.o
[1217/1266] cxx obj/src/jsc/bindings/webcore/streams/JSStreamAlgorithmContexts.cpp.o
[1218/1266] cxx obj/src/jsc/bindings/webcore/streams/JSReadableStreamDefaultReader.cpp.o
[1219/1266] cxx obj/src/jsc/bindings/webcore/streams/JSStreamTeeState.cpp.o
[1220/1266] cxx obj/src/jsc/bindings/webcore/streams/JSStreamsRuntime.cpp.o
[1221/1266] cxx obj/src/jsc/bindings/webcore/streams/JSReadRequest.cpp.o
[1222/1266] cxx obj/src/jsc/bindings/webcore/streams/JSStreamPipeToOperation.cpp.o
[1223/1266] cxx obj/src/jsc/bindings/webcore/streams/JSTextEncoderStream.cpp.o
[1224/1266] cxx obj/src/jsc/bindings/webcore/streams/JSTransformStream.cpp.o
[1225/1266] cxx obj/src/jsc/bindings/webcore/streams/JSTextDecoderStream.cpp.o
[1226/1266] cxx obj/src/jsc/bindings/webcore/streams/JSTransformStreamDefaultController.cpp.o
[1227/1266] cxx obj/src/jsc/bindings/webcore/streams/JSWritableStream.cpp.o
[1228/1266] cxx obj/src/jsc/bindings/webcore/streams/JSWritableStreamDefaultWriter.cpp.o
[1229/1266] cxx obj/src/jsc/bindings/webcore/streams/JSWritableStreamDefaultController.cpp.o
[1230/1266] cxx obj/src/jsc/bindings/webcore/streams/TransformStreamOperations.cpp.o
[1231/1266] cxx obj/src/jsc/bindings/webcore/streams/WebStreamsInspectCustom.cpp.o
[1232/1266] cxx obj/src/jsc/bindings/webcore/streams/WritableStreamOperations.cpp.o
[1233/1266] cxx obj/src/jsc/bindings/webcore/streams/WebStreamsExports.cpp.o
[1234/1266] cxx obj/src/jsc/bindings/webcore/streams/WebStreamsMisc.cpp.o
[1235/1266] cxx obj/src/jsc/bindings/webcrypto/CryptoAlgorithmAES_CBC.cpp.o
[1236/1266] cxx obj/src/jsc/bindings/webcore/streams/ReadableStreamOperations.cpp.o
[1237/1266] cxx obj/src/jsc/bindings/webcrypto/CryptoAlgorithmAES_CBCOpenSSL.cpp.o
[1238/1266] cxx obj/src/jsc/bindings/webcrypto/CryptoAlgorithmAES_CFB.cpp.o
[1239/1266] cxx obj/src/jsc/bindings/webcrypto/CryptoAlgorithmAES_CFBOpenSSL.cpp.o
[1240/1266] cxx obj/src/jsc/bindings/webcrypto/CryptoAlgorithmAES_CTR.cpp.o
[1241/1266] cxx obj/src/jsc/bindings/webcrypto/CryptoAlgorithmAES_CTROpenSSL.cpp.o
[1242/1266] cxx obj/src/jsc/bindings/webcrypto/CryptoAlgorithmAES_KW.cpp.o
[1243/1266] cxx obj/src/jsc/bindings/webcrypto/CryptoAlgorithmAES_GCM.cpp.o
[1244/1266] cxx obj/src/jsc/bindings/webcrypto/CryptoAlgorithmAES_GCMOpenSSL.cpp.o
[1245/1266] cxx obj/src/jsc/bindings/webcrypto/CryptoAlgorithmHMAC.cpp.o
[1246/1266] cxx obj/src/jsc/bindings/webcrypto/CryptoAlgorithmECDSA.cpp.o
[1247/1266] cxx obj/src/jsc/bindings/workaround-missing-symbols.cpp.o
[1248/1266] cxx obj/src/io/io_darwin.cpp.o
[1249/1266] cxx obj/src/jsc/bindings/webcrypto/CryptoAlgorithmRSA_OAEP.cpp.o
[1250/1266] cxx obj/src/jsc/bindings/webcrypto/CryptoAlgorithmRSA_PSS.cpp.o
[1251/1266] cxx obj/src/simdutf_sys/bun-simdutf.cpp.o
[1252/1266] cxx obj/src/jsc/bindings/webcrypto/CryptoAlgorithmRSASSA_PKCS1_v1_5.cpp.o
[1253/1266] cxx obj/codegen/WebCoreJSBuiltins.cpp.o
[1254/1266] cxx obj/codegen/GeneratedSocketConfigBinaryType.cpp.o
[1255/1266] cxx obj/src/jsc/bindings/xxhash3.cpp.o
[1256/1266] cxx obj/codegen/JSSink.cpp.o
[1257/1266] cxx obj/codegen/GeneratedBindings.cpp.o
[1258/1266] cxx obj/codegen/GeneratedSocketConfigHandlers.cpp.o
[1259/1266] cxx obj/codegen/GeneratedSocketConfig.cpp.o
[1260/1266] cxx obj/codegen/GeneratedFakeTimersConfig.cpp.o
[1261/1266] cxx obj/src/jsc/bindings/webcrypto/SubtleCrypto.cpp.o
[1262/1266] cxx obj/codegen/GeneratedSSLConfig.cpp.o
[1263/1266] cxx obj/codegen/ZigGeneratedClasses.cpp.o
[1264/1266] cxx obj/src/jsc/bindings/ZigGlobalObject.cpp.o
[1264/1266] link bun-debug
[1265/1266] bun-debug --revision
1.4.3-debug+d745f03c0
