#1 [internal] load local bake definitions
#1 reading from stdin 544B done
#1 DONE 0.0s

#2 [internal] load build definition from Dockerfile
#2 transferring dockerfile: 411B done
#2 DONE 0.0s

#3 [internal] load metadata for docker.io/nixos/nix:latest
#3 DONE 0.3s

#4 [internal] load .dockerignore
#4 transferring context: 2B done
#4 DONE 0.0s

#5 [ 1/10] FROM docker.io/nixos/nix:latest@sha256:7a007c766426c1877758ddc5cb87a965ac131fc78c582ce0083d922d51ae945c
#5 resolve docker.io/nixos/nix:latest@sha256:7a007c766426c1877758ddc5cb87a965ac131fc78c582ce0083d922d51ae945c 0.0s done
#5 CACHED

#6 [ 2/10] RUN nix-channel --update
#6 1.723 unpacking 1 channels...
#6 DONE 18.2s

#7 [ 3/10] RUN echo 'experimental-features = nix-command flakes' >> /etc/nix/nix.conf
#7 DONE 0.6s

#8 [ 4/10] RUN echo 'experimental-features = nix-command flakes' >> /etc/nix/nix.conf
#8 DONE 1.0s

#9 [ 5/10] RUN nix-env -iA nixpkgs.vim
#9 0.285 installing 'vim-9.2.0782'
#9 0.585 these 10 paths will be fetched (26.3 MiB download, 108.3 MiB unpacked):
#9 0.585   /nix/store/a9kda025a17126f14c01xpwscmjqddwb-bash-interactive-5.3p15
#9 0.585   /nix/store/qz6qz18kddi2y25gk9h8ffg37lk8vwcf-gawk-5.4.1
#9 0.585   /nix/store/f8q4w2hbjvwy7qqwpnvbf5f4qwyww6cp-glibc-2.42-67
#9 0.585   /nix/store/929svfrm3z9facma5l7y3pkym56b8gni-libidn2-2.3.8
#9 0.585   /nix/store/b57ihysnpkp69hsbbw1gr1yjac6xagkf-libunistring-1.4.2
#9 0.585   /nix/store/ah5m9c4ffy0m45h68ls77xr6m4c6rmg9-ncurses-6.6
#9 0.585   /nix/store/6alwmb2pqwzkvfrhanphmab7487p0qbi-readline-8.3p3
#9 0.585   /nix/store/im6yfz8490h7mjnnzazgapdhxlak2d61-vim-9.2.0782
#9 0.585   /nix/store/wbn5r5xbxfxfxmx0jc4md2zifl1dfmny-vim-9.2.0782-xxd
#9 0.585   /nix/store/5fmknmxx5s78zbbai817zghzmc5l7d3z-xgcc-15.3.0-libgcc
#9 0.586 copying path '/nix/store/5fmknmxx5s78zbbai817zghzmc5l7d3z-xgcc-15.3.0-libgcc' from 'https://cache.nixos.org'...
#9 0.590 copying path '/nix/store/b57ihysnpkp69hsbbw1gr1yjac6xagkf-libunistring-1.4.2' from 'https://cache.nixos.org'...
#9 0.671 copying path '/nix/store/929svfrm3z9facma5l7y3pkym56b8gni-libidn2-2.3.8' from 'https://cache.nixos.org'...
#9 0.695 copying path '/nix/store/f8q4w2hbjvwy7qqwpnvbf5f4qwyww6cp-glibc-2.42-67' from 'https://cache.nixos.org'...
#9 1.109 copying path '/nix/store/qz6qz18kddi2y25gk9h8ffg37lk8vwcf-gawk-5.4.1' from 'https://cache.nixos.org'...
#9 1.109 copying path '/nix/store/ah5m9c4ffy0m45h68ls77xr6m4c6rmg9-ncurses-6.6' from 'https://cache.nixos.org'...
#9 1.109 copying path '/nix/store/wbn5r5xbxfxfxmx0jc4md2zifl1dfmny-vim-9.2.0782-xxd' from 'https://cache.nixos.org'...
#9 1.234 copying path '/nix/store/6alwmb2pqwzkvfrhanphmab7487p0qbi-readline-8.3p3' from 'https://cache.nixos.org'...
#9 1.256 copying path '/nix/store/a9kda025a17126f14c01xpwscmjqddwb-bash-interactive-5.3p15' from 'https://cache.nixos.org'...
#9 1.324 copying path '/nix/store/im6yfz8490h7mjnnzazgapdhxlak2d61-vim-9.2.0782' from 'https://cache.nixos.org'...
#9 1.797 building '/nix/store/8yvzfkpq4m1lsq592dv7p70p2x1q61yl-user-environment.drv'...
#9 DONE 2.5s

#10 [ 6/10] RUN nix-env -iA nixpkgs.rustup
#10 0.338 installing 'rustup-1.29.0'
#10 0.961 these 23 paths will be fetched (16.3 MiB download, 47.1 MiB unpacked):
#10 0.961   /nix/store/l5zqppiy8dazh9z96lfj2z7swzx9dsf7-acl-2.4.0
#10 0.961   /nix/store/2i1hgmh5kaa976iqdrgwcclv0mz8jgrf-attr-2.6.0
#10 0.961   /nix/store/3kaakrwd1jia637aa3cpj3lkgfxwg3k3-bash-5.3p15
#10 0.961   /nix/store/y4kivjss3mg1kxy6p8483s9mi4hf4qmy-brotli-1.2.0-lib
#10 0.961   /nix/store/dqxknsb71lsgzfzcdmn6x7fzssqbdyyx-coreutils-9.11
#10 0.961   /nix/store/w0szn2ip93x22mzmlxxgncrcj9qnm4wc-curl-8.21.0
#10 0.961   /nix/store/3lzrddk8kbyxsmj7f2xqky82n28cxk6b-expand-response-params
#10 0.961   /nix/store/ylzalvsf8nxhidm1p72k6ckxckpj1wd3-gcc-15.3.0-lib
#10 0.961   /nix/store/jkry4b00dmfsfx5r8m2n11r7fchz6aj8-gcc-15.3.0-libgcc
#10 0.961   /nix/store/dgzd0xg1qmk6z4bdaipzlb4fivfh0b78-gmp-with-cxx-6.3.0
#10 0.961   /nix/store/9xv39s6xlidk22n8m7r5yzynsd60xvz9-keyutils-1.6.3-lib
#10 0.961   /nix/store/4nw5wlqzxg7hyrwkif8rhir6406sx1ad-krb5-1.22.2-lib
#10 0.961   /nix/store/smlvbkblfh3gnx23yrrxampz2a24bfy9-libpsl-0.21.5
#10 0.961   /nix/store/x1zf7hg1r7zpwcgvvl13fy3611lm3bd9-libssh2-1.11.1
#10 0.961   /nix/store/7zy98i52jaifcpgj3ymw6vdx754m0pnn-nghttp2-1.69.0-lib
#10 0.961   /nix/store/bvjp82swwzljhjfsnv7jdvr7xyxb0dbc-nghttp3-1.16.0
#10 0.961   /nix/store/cpwqjn64gzylzqnr2lj7wgdd9fvf29df-ngtcp2-1.23.0
#10 0.961   /nix/store/vnazsj33pbi2nklj0g9w8xs6h9wmgb8k-openssl-3.6.3
#10 0.961   /nix/store/kk3ki7n9yazpdbsk7ink29mhm4v1wnqa-patchelf-0.15.2
#10 0.961   /nix/store/43kh06xv15bv3z58qz8h0iswfwbpfmbc-publicsuffix-list-0-unstable-2026-07-25
#10 0.961   /nix/store/xjw7ywpiszdgcd684j707az8vhg7nyf0-rustup-1.29.0
#10 0.961   /nix/store/3v2w5hdrpzwx3w8svda35lyrq9jwqbc8-zlib-1.3.2
#10 0.961   /nix/store/k2fr8pihnym47m71fij3ns184vbx4v79-zstd-1.5.7
#10 0.962 copying path '/nix/store/3kaakrwd1jia637aa3cpj3lkgfxwg3k3-bash-5.3p15' from 'https://cache.nixos.org'...
#10 0.962 copying path '/nix/store/3lzrddk8kbyxsmj7f2xqky82n28cxk6b-expand-response-params' from 'https://cache.nixos.org'...
#10 0.962 copying path '/nix/store/3v2w5hdrpzwx3w8svda35lyrq9jwqbc8-zlib-1.3.2' from 'https://cache.nixos.org'...
#10 0.964 copying path '/nix/store/vnazsj33pbi2nklj0g9w8xs6h9wmgb8k-openssl-3.6.3' from 'https://cache.nixos.org'...
#10 0.964 copying path '/nix/store/2i1hgmh5kaa976iqdrgwcclv0mz8jgrf-attr-2.6.0' from 'https://cache.nixos.org'...
#10 0.964 copying path '/nix/store/jkry4b00dmfsfx5r8m2n11r7fchz6aj8-gcc-15.3.0-libgcc' from 'https://cache.nixos.org'...
#10 0.964 copying path '/nix/store/l5zqppiy8dazh9z96lfj2z7swzx9dsf7-acl-2.4.0' from 'https://cache.nixos.org'...
#10 0.964 copying path '/nix/store/7zy98i52jaifcpgj3ymw6vdx754m0pnn-nghttp2-1.69.0-lib' from 'https://cache.nixos.org'...
#10 0.964 copying path '/nix/store/bvjp82swwzljhjfsnv7jdvr7xyxb0dbc-nghttp3-1.16.0' from 'https://cache.nixos.org'...
#10 0.964 copying path '/nix/store/y4kivjss3mg1kxy6p8483s9mi4hf4qmy-brotli-1.2.0-lib' from 'https://cache.nixos.org'...
#10 0.964 copying path '/nix/store/43kh06xv15bv3z58qz8h0iswfwbpfmbc-publicsuffix-list-0-unstable-2026-07-25' from 'https://cache.nixos.org'...
#10 0.968 copying path '/nix/store/9xv39s6xlidk22n8m7r5yzynsd60xvz9-keyutils-1.6.3-lib' from 'https://cache.nixos.org'...
#10 1.021 copying path '/nix/store/smlvbkblfh3gnx23yrrxampz2a24bfy9-libpsl-0.21.5' from 'https://cache.nixos.org'...
#10 1.027 copying path '/nix/store/ylzalvsf8nxhidm1p72k6ckxckpj1wd3-gcc-15.3.0-lib' from 'https://cache.nixos.org'...
#10 1.175 copying path '/nix/store/4nw5wlqzxg7hyrwkif8rhir6406sx1ad-krb5-1.22.2-lib' from 'https://cache.nixos.org'...
#10 1.175 copying path '/nix/store/x1zf7hg1r7zpwcgvvl13fy3611lm3bd9-libssh2-1.11.1' from 'https://cache.nixos.org'...
#10 1.175 copying path '/nix/store/cpwqjn64gzylzqnr2lj7wgdd9fvf29df-ngtcp2-1.23.0' from 'https://cache.nixos.org'...
#10 1.202 copying path '/nix/store/dgzd0xg1qmk6z4bdaipzlb4fivfh0b78-gmp-with-cxx-6.3.0' from 'https://cache.nixos.org'...
#10 1.202 copying path '/nix/store/kk3ki7n9yazpdbsk7ink29mhm4v1wnqa-patchelf-0.15.2' from 'https://cache.nixos.org'...
#10 1.202 copying path '/nix/store/k2fr8pihnym47m71fij3ns184vbx4v79-zstd-1.5.7' from 'https://cache.nixos.org'...
#10 1.262 copying path '/nix/store/dqxknsb71lsgzfzcdmn6x7fzssqbdyyx-coreutils-9.11' from 'https://cache.nixos.org'...
#10 1.269 copying path '/nix/store/w0szn2ip93x22mzmlxxgncrcj9qnm4wc-curl-8.21.0' from 'https://cache.nixos.org'...
#10 1.314 copying path '/nix/store/xjw7ywpiszdgcd684j707az8vhg7nyf0-rustup-1.29.0' from 'https://cache.nixos.org'...
#10 1.478 building '/nix/store/p6w010xzk9gz6lfl5pdjna7lpv0rpcb1-user-environment.drv'...
#10 DONE 2.0s

#11 [ 7/10] RUN git clone -b bun-v1.4.0 --depth=1 https://github.com/oven-sh/bun.git
#11 0.125 Cloning into 'bun'...
#11 7.667 Note: switching to '34cbb9a40b4bd1bd767d134a7065e66c2432a676'.
#11 7.667 
#11 7.667 You are in 'detached HEAD' state. You can look around, make experimental
#11 7.667 changes and commit them, and you can discard any commits you make in this
#11 7.667 state without impacting any branches by switching back to a branch.
#11 7.667 
#11 7.667 If you want to create a new branch to retain commits you create, you may
#11 7.667 do so (now or later) by using -c with the switch command. Example:
#11 7.667 
#11 7.667   git switch -c <new-branch-name>
#11 7.667 
#11 7.667 Or undo this operation with:
#11 7.667 
#11 7.667   git switch -
#11 7.667 
#11 7.667 Turn off this advice by setting config variable advice.detachedHead to false
#11 7.667 
#11 8.679 Updating files:  93% (18374/19667)Updating files:  94% (18487/19667)Updating files:  95% (18684/19667)Updating files:  96% (18881/19667)Updating files:  97% (19077/19667)Updating files:  98% (19274/19667)Updating files:  99% (19471/19667)Updating files: 100% (19667/19667)Updating files: 100% (19667/19667), done.
#11 DONE 9.8s

#12 [ 8/10] WORKDIR /bun
#12 DONE 0.4s

#13 [ 9/10] RUN nix flake update
#13 2.306 unpacking 'github:numtide/flake-utils/11707dc2f618dd54ca8739b309ec4fc024de578b' into the Git cache...
#13 2.579 unpacking 'github:NixOS/nixpkgs/ffb3c9b700e759be2ef13237c9d8f953b32a1e46' into the Git cache...
#13 11.02 warning: updating lock file "/bun/flake.lock":
#13 11.02 • Updated input 'nixpkgs':
#13 11.02     'github:NixOS/nixpkgs/c9b6fb798541223bbb396d287d16f43520250518?narHash=sha256-vgPm2xjOmKdZ0xKA6yLXPJpjOtQPHfaZDRtH%2B47XEBo%3D' (2025-10-07)
#13 11.02   → 'github:NixOS/nixpkgs/ffb3c9b700e759be2ef13237c9d8f953b32a1e46?narHash=sha256-RD2kNWCG%2BBjo6h%2BJVjWVNntZs2GtRoeY2xHjts/FNkA%3D' (2026-08-19)
#13 DONE 13.0s

#14 [10/10] RUN nix develop
#14 0.534 warning: Git tree '/bun' is dirty
#14 1.161 unpacking 'github:nix-systems/default/da67096a3b9bf56a91d16901293e51ba5b49a27e?narHash=sha256-Vy1rq5AaRuLzOxct8nz4T6wlgyUR7zLU309k9mBC768%3D' into the Git cache...
#14 1.325 copying path '/nix/store/jpnpv93s5ppfb1kbvfp8qa763vfb4fjb-source' from 'https://cache.nixos.org'...
#14 7.683 evaluation warning: stdenv.isLinux is deprecated, use stdenv.hostPlatform.isLinux instead
#14 7.683 evaluation warning: stdenv.isDarwin is deprecated, use stdenv.hostPlatform.isDarwin instead
#14 8.963 evaluation warning: The xorg package set has been deprecated, 'xorg.libX11' has been renamed to 'libx11'
#14 8.963 evaluation warning: The xorg package set has been deprecated, 'xorg.libxcb' has been renamed to 'libxcb'
#14 8.963 evaluation warning: The xorg package set has been deprecated, 'xorg.libXcomposite' has been renamed to 'libxcomposite'
#14 8.965 evaluation warning: The xorg package set has been deprecated, 'xorg.libXcursor' has been renamed to 'libxcursor'
#14 8.966 evaluation warning: The xorg package set has been deprecated, 'xorg.libXdamage' has been renamed to 'libxdamage'
#14 8.968 evaluation warning: The xorg package set has been deprecated, 'xorg.libXext' has been renamed to 'libxext'
#14 8.968 evaluation warning: The xorg package set has been deprecated, 'xorg.libXfixes' has been renamed to 'libxfixes'
#14 8.968 evaluation warning: The xorg package set has been deprecated, 'xorg.libXi' has been renamed to 'libxi'
#14 8.969 evaluation warning: The xorg package set has been deprecated, 'xorg.libXrandr' has been renamed to 'libxrandr'
#14 8.969 evaluation warning: The xorg package set has been deprecated, 'xorg.libXrender' has been renamed to 'libxrender'
#14 8.969 evaluation warning: The xorg package set has been deprecated, 'xorg.libXScrnSaver' has been renamed to 'libxscrnsaver'
#14 8.971 evaluation warning: The xorg package set has been deprecated, 'xorg.libXtst' has been renamed to 'libxtst'
#14 9.464 evaluation warning: The xorg package set has been deprecated, 'xorg.libxshmfence' has been renamed to 'libxshmfence'
#14 9.464 evaluation warning: The xorg package set has been deprecated, 'xorg.libX11' has been renamed to 'libx11'
#14 9.464 evaluation warning: The xorg package set has been deprecated, 'xorg.libxcb' has been renamed to 'libxcb'
#14 9.464 evaluation warning: The xorg package set has been deprecated, 'xorg.libXcomposite' has been renamed to 'libxcomposite'
#14 9.464 evaluation warning: The xorg package set has been deprecated, 'xorg.libXcursor' has been renamed to 'libxcursor'
#14 9.464 evaluation warning: The xorg package set has been deprecated, 'xorg.libXdamage' has been renamed to 'libxdamage'
#14 9.464 evaluation warning: The xorg package set has been deprecated, 'xorg.libXext' has been renamed to 'libxext'
#14 9.464 evaluation warning: The xorg package set has been deprecated, 'xorg.libXfixes' has been renamed to 'libxfixes'
#14 9.464 evaluation warning: The xorg package set has been deprecated, 'xorg.libXi' has been renamed to 'libxi'
#14 9.464 evaluation warning: The xorg package set has been deprecated, 'xorg.libXrandr' has been renamed to 'libxrandr'
#14 9.464 evaluation warning: The xorg package set has been deprecated, 'xorg.libXrender' has been renamed to 'libxrender'
#14 9.464 evaluation warning: The xorg package set has been deprecated, 'xorg.libxshmfence' has been renamed to 'libxshmfence'
#14 9.500 copying path '/nix/store/5q8qvlg818jqdxgazgc69gvbqik5rc3n-liberation-fonts-2.1.5' from 'https://cache.nixos.org'...
#14 9.504 copying path '/nix/store/gc4gq3xjlhvfmyf599n6l7jvc7z41yyg-libxml2-2.15.3' from 'https://cache.nixos.org'...
#14 9.505 copying path '/nix/store/0zf11cns5d8m47p3ina084c024hqrrgk-lndir-1.0.5' from 'https://cache.nixos.org'...
#14 9.510 copying path '/nix/store/v13r1hh64a4317ia7hn26wzh2s0c3ivr-lld-21.1.8-lib' from 'https://cache.nixos.org'...
#14 9.522 copying path '/nix/store/k6b8s259p59ckiahvg9pcmz0yhy4kvlh-bun-1.3.13' from 'https://cache.nixos.org'...
#14 9.522 copying path '/nix/store/w590vx55f4fy0g0gvhj2k4w15acavqd3-xz-5.8.3' from 'https://cache.nixos.org'...
#14 9.522 copying path '/nix/store/kf94rdy65hbqjrvw07b3w3gigiv4q3ax-expat-2.8.2' from 'https://cache.nixos.org'...
#14 9.522 copying path '/nix/store/baki8hsddzdn2kdamf6l6prcgl2mxg1g-ninja-1.13.2' from 'https://cache.nixos.org'...
#14 9.527 copying path '/nix/store/0vs7b4cjq3sg9267h7vbyjf1kxnd3qws-alsa-topology-conf-1.2.5.1' from 'https://cache.nixos.org'...
#14 9.528 copying path '/nix/store/jmdlsqv4ajngq9vd8057ihkjn9gi713d-dejavu-fonts-minimal-2.37' from 'https://cache.nixos.org'...
#14 9.531 copying path '/nix/store/w9r18912qll24297k9sm6abi40rnbm8i-xorgproto-2025.1' from 'https://cache.nixos.org'...
#14 9.532 copying path '/nix/store/0h5p96jxi4p990pg3s1609y048xyzknf-fmt-12.2.0' from 'https://cache.nixos.org'...
#14 9.532 copying path '/nix/store/sq7c80pva0lk51gn7fbgycr0gaw001pn-gettext-1.0' from 'https://cache.nixos.org'...
#14 9.534 copying path '/nix/store/mhpnggd19hisq1zsjzhb7pch08f7bix6-libffi-3.7.1' from 'https://cache.nixos.org'...
#14 9.534 copying path '/nix/store/23z88ry5bx0ahhh9246xd0b9v4g9wnjv-libtool-2.6.2-lib' from 'https://cache.nixos.org'...
#14 9.534 copying path '/nix/store/k9i57229fs22a8dna2qsxrv6vazm0kni-libxshmfence-1.3.3' from 'https://cache.nixos.org'...
#14 9.568 copying path '/nix/store/ai0yaxin94p1ya5d49nw0bbbqx17jzdr-curl-8.21.0-bin' from 'https://cache.nixos.org'...
#14 9.589 copying path '/nix/store/fdn90f4m92qk40q8vq8ijpq1yvbd0pci-curl-8.21.0-man' from 'https://cache.nixos.org'...
#14 9.619 copying path '/nix/store/bs3vdapyv7jq4xklbr51nxk9yilh84ar-vulkan-loader-1.4.357.0' from 'https://cache.nixos.org'...
#14 9.632 copying path '/nix/store/p1zamvivw0l5zf4crr82v6f6rpg014fm-sqlite-3.53.3' from 'https://cache.nixos.org'...
#14 9.635 copying path '/nix/store/m0ds0h4z5qhwdqmrkqvpchasmji25v3p-libyaml-0.2.5' from 'https://cache.nixos.org'...
#14 9.638 copying path '/nix/store/irwai5r7dcn836p9zri9bzcawc7d91s2-libtasn1-4.21.0' from 'https://cache.nixos.org'...
#14 9.669 copying path '/nix/store/nn5c3lfrjf40ib773cvl3hxjvw86bs36-ngtcp2-1.23.0-dev' from 'https://cache.nixos.org'...
#14 9.684 copying path '/nix/store/hz51xhnpl8d51hh6kkhqhnwm52v9ks4i-gmp-6.3.0' from 'https://cache.nixos.org'...
#14 9.713 copying path '/nix/store/brn37ijdrwnll5wrc0avzhjhqgiyipx6-dns-root-data-2025-04-14' from 'https://cache.nixos.org'...
#14 9.713 copying path '/nix/store/rrc4m369h000c5ajmskwb3ksafsz824z-kmod-31' from 'https://cache.nixos.org'...
#14 9.713 copying path '/nix/store/zph25xxn2l4pzywx5pnqfdn3q8hfr6cv-libpsl-0.21.5-dev' from 'https://cache.nixos.org'...
#14 9.716 copying path '/nix/store/ynvd9pad8r220aa3p4ki7g04g2z8rh1g-brotli-1.2.0' from 'https://cache.nixos.org'...
#14 9.718 copying path '/nix/store/wi3n92k0x9zdgbmzkvbm51rlfmm5722j-json-c-0.18' from 'https://cache.nixos.org'...
#14 9.728 copying path '/nix/store/wm6k5qgx2vrkzcvgs9w9cfibxbvb74b1-nghttp3-1.16.0-dev' from 'https://cache.nixos.org'...
#14 9.733 copying path '/nix/store/7w6a03silnkhm5x4bdsjd5cnri73pyid-kmod-31-lib' from 'https://cache.nixos.org'...
#14 9.778 copying path '/nix/store/wdilhgvxrj383i0f5015cv3gqam9yq3w-file-5.48' from 'https://cache.nixos.org'...
#14 9.845 copying path '/nix/store/xrr5dy5hir3wlmxan7glv2dcpvrd8gj9-gnum4-1.4.21' from 'https://cache.nixos.org'...
#14 9.857 copying path '/nix/store/2llfzajrzvc9r5xgz6f84jspl2z3n1xs-simdutf-9.0.0' from 'https://cache.nixos.org'...
#14 9.859 copying path '/nix/store/p504yd5gipcqczgdi3kygzykmfgdai71-p11-kit-0.26.2' from 'https://cache.nixos.org'...
#14 9.860 copying path '/nix/store/l73b40s107mbz59w42s1j7dpfj56xfrk-isl-0.20' from 'https://cache.nixos.org'...
#14 9.884 copying path '/nix/store/1gqjlc6ysvvla1j34bjc3fd89lyjs7h6-mpfr-4.2.2' from 'https://cache.nixos.org'...
#14 9.896 copying path '/nix/store/9p2nbm4m4x1wlh64q3xxyiz242pipv51-gtest-1.17.0' from 'https://cache.nixos.org'...
#14 9.896 copying path '/nix/store/65448rf5aim0fjsiiqcz6v16yj5igq0a-icu4c-78.3' from 'https://cache.nixos.org'...
#14 9.897 copying path '/nix/store/a7iw93h3qr57p3xg9db9mvbazq4xzszk-hdrhistogram_c-0.11.10' from 'https://cache.nixos.org'...
#14 9.897 copying path '/nix/store/9h6z0m0j8lpi79z111fy37hn2brmqbm8-brotli-1.2.0-dev' from 'https://cache.nixos.org'...
#14 9.900 copying path '/nix/store/ikafwfc3mfisagsclqb8dl58q9qqyky2-llhttp-9.4.3' from 'https://cache.nixos.org'...
#14 9.900 copying path '/nix/store/bxn3lxvkr5im8r556wcmrg0j3g1n2hxg-lief-0.17.6' from 'https://cache.nixos.org'...
#14 9.908 copying path '/nix/store/jrzzd2552k2gsjlxn655vrylvrwlaq3r-temporal_capi-0.2.6' from 'https://cache.nixos.org'...
#14 9.998 copying path '/nix/store/lw5azh3993rw4rmahihhirs8khggmi1a-nbytes-0.1.4' from 'https://cache.nixos.org'...
#14 10.01 copying path '/nix/store/0zmsyh4np15jjffra33qg2160rvs2wyd-file-5.48-dev' from 'https://cache.nixos.org'...
#14 10.03 copying path '/nix/store/n8wz6bjfkdkpa1qrgnx9fz526qy5ry04-simdjson-4.6.5' from 'https://cache.nixos.org'...
#14 10.05 copying path '/nix/store/vs650xhl2qdrmbws0vsf0nsx5qh86d8d-c-ares-1.34.8' from 'https://cache.nixos.org'...
#14 10.06 copying path '/nix/store/gfxjcg8364qfyxcflz9cksnr86i26jln-merve-1.2.2' from 'https://cache.nixos.org'...
#14 10.09 copying path '/nix/store/swvlm5m5jgvasnza487qbgqfas6a1r30-ada-3.4.4' from 'https://cache.nixos.org'...
#14 10.09 copying path '/nix/store/grsq3jn1lprgim1ibdyg1ny1mgvnd2xq-llhttp-9.4.3-dev' from 'https://cache.nixos.org'...
#14 10.11 copying path '/nix/store/f1gagmli6hbbzgmaz2yciv3cql27piwz-openssl-3.6.3-bin' from 'https://cache.nixos.org'...
#14 10.14 copying path '/nix/store/mlqqpn1h34rwg4ix8sn84lafb4jzw2sb-libxcrypt-4.5.2' from 'https://cache.nixos.org'...
#14 10.15 copying path '/nix/store/00qad9xxxv7ca23hx2i09snra8w37yjg-libmpc-1.4.1' from 'https://cache.nixos.org'...
#14 10.18 copying path '/nix/store/75cs0y6n4dgm7l0bc4c2h5x82qpccdsy-gtest-1.17.0-dev' from 'https://cache.nixos.org'...
#14 10.19 copying path '/nix/store/vp2gqjgmq60m3cydi6imw28fzgdynpgs-gnu-config-2024-01-01' from 'https://cache.nixos.org'...
#14 10.20 copying path '/nix/store/d9by4vhj0ss1g374jzy6683sgrl35l30-libcap-ng-0.9.3' from 'https://cache.nixos.org'...
#14 10.22 copying path '/nix/store/72sra5sw8a2aspnn72r6vjwxbm80x9gd-perl5.42.0-Crypt-URandom-0.55' from 'https://cache.nixos.org'...
#14 10.23 copying path '/nix/store/fybnr8q7n7ffi4fi1insksh5y8x8jczq-lerc-4.2.0' from 'https://cache.nixos.org'...
#14 10.25 copying path '/nix/store/16fiqfj4val8lpa80azssybwljfs3dc7-graphite2-1.3.15' from 'https://cache.nixos.org'...
#14 10.28 copying path '/nix/store/whnmh1masdn89jdf4mkzgxzykw0k79z4-libdeflate-1.25' from 'https://cache.nixos.org'...
#14 10.28 copying path '/nix/store/ncrqb1icmqyxbpfwxawyqlks98dy5nid-c-ares-1.34.8-dev' from 'https://cache.nixos.org'...
#14 10.28 copying path '/nix/store/hzsr2m3vn8hw08rc7fa45fr6g9vnk33y-ed-1.22.5' from 'https://cache.nixos.org'...
#14 10.34 copying path '/nix/store/ly5swsxfy36yqnx2amyzx3pd06rkd87n-libapparmor-5.0.2' from 'https://cache.nixos.org'...
#14 10.35 copying path '/nix/store/jv1r9zrhzyrkbjvkcz5n75356hpqmnd1-libdatrie-2019-12-20-lib' from 'https://cache.nixos.org'...
#14 10.36 copying path '/nix/store/36z368yjqm57gcidfn38c61k6rk0wfp9-util-linux-minimal-2.42.2-login' from 'https://cache.nixos.org'...
#14 10.38 copying path '/nix/store/y8dk7gfmccgzd25njl0pvc88dz8s2mg4-libidn2-2.3.8-bin' from 'https://cache.nixos.org'...
#14 10.40 copying path '/nix/store/j3y936i4dsyr4fzmxwfwxv5pk401qhb2-libpaper-2.2.8' from 'https://cache.nixos.org'...
#14 10.40 copying path '/nix/store/xdf3jqbcg7v1ykma34b8v950mmq95zg1-binutils-2.46-lib' from 'https://cache.nixos.org'...
#14 10.41 copying path '/nix/store/phs39dhh68pj4jg19qivz8v9b68c5sbd-audit-4.2.1-lib' from 'https://cache.nixos.org'...
#14 10.41 copying path '/nix/store/f3l4alxx38b9pg39sh5kzgaxiisf1cnh-libice-1.1.2' from 'https://cache.nixos.org'...
#14 10.46 copying path '/nix/store/1gdx234nb8i2xf9j4ddva8ld7zs2gvww-hwdata-0.410' from 'https://cache.nixos.org'...
#14 10.47 copying path '/nix/store/i64gb2kqng143771565687azjs833v3a-graphite2-1.3.15-dev' from 'https://cache.nixos.org'...
#14 10.48 copying path '/nix/store/vsczjck7qbz3igkv3i230maig2qz89av-lerc-4.2.0-dev' from 'https://cache.nixos.org'...
#14 10.49 copying path '/nix/store/1w70hxw54x2r46brgdqxb30kbxcr3wxg-libedit-20260508-3.1' from 'https://cache.nixos.org'...
#14 10.49 copying path '/nix/store/5vwn85gq3niq9gxc4fvdhqaq3gj73p29-perl5.42.0-Mozilla-CA-20230821' from 'https://cache.nixos.org'...
#14 10.49 copying path '/nix/store/0afw57kj1dypiawnygqhiv4m6phln0dm-perl5.42.0-IO-HTML-1.004' from 'https://cache.nixos.org'...
#14 10.53 copying path '/nix/store/0qkacffjmc7588calz6x7a092hdbvg49-perl5.42.0-Try-Tiny-0.31' from 'https://cache.nixos.org'...
#14 10.53 copying path '/nix/store/inlbd4qpfa4pq5db572s8455c5rfzwsj-libthai-0.1.30' from 'https://cache.nixos.org'...
#14 10.53 copying path '/nix/store/7j80zc5807d96ldm5sv0q7qs5mipli22-perl5.42.0-Test-RequiresInternet-0.05' from 'https://cache.nixos.org'...
#14 10.53 copying path '/nix/store/8l49xc65lv36r3l7vgl5hn6jisj8jvry-perl5.42.0-LWP-MediaTypes-6.04' from 'https://cache.nixos.org'...
#14 10.55 copying path '/nix/store/adlx3ngvaz0xik8120q7cwdis6md9jjz-perl5.42.0-Clone-0.46' from 'https://cache.nixos.org'...
#14 10.56 copying path '/nix/store/45q8c6y2zpbfvaldpa3iv5mk3b83c5w6-libidn2-2.3.8-dev' from 'https://cache.nixos.org'...
#14 10.57 copying path '/nix/store/bxxw1906hsa770igjyzvhh5zgwknal3h-perl5.42.0-Encode-Locale-1.05' from 'https://cache.nixos.org'...
#14 10.58 copying path '/nix/store/fi3wcrkma5cpnp53dxzaly0846bg0rmq-perl5.42.0-HTML-Tagset-3.20' from 'https://cache.nixos.org'...
#14 10.62 copying path '/nix/store/gnzifmzb5r72ajwbbvpbkwvyf45sqhjp-perl5.42.0-Compress-Raw-Zlib-2.222' from 'https://cache.nixos.org'...
#14 10.62 copying path '/nix/store/h73acc4phd6fy12nsyrnray727wpvmwa-perl5.42.0-Test-Needs-0.002010' from 'https://cache.nixos.org'...
#14 10.66 copying path '/nix/store/xpc4a1dchff70fn9d05ws4v2ipc12cq2-perl5.42.0-TimeDate-2.33' from 'https://cache.nixos.org'...
#14 10.66 copying path '/nix/store/1wpp3c87m4wcqsrkwfn1bxx4q9ql9aci-ncurses-6.6-man' from 'https://cache.nixos.org'...
#14 10.66 copying path '/nix/store/3bhqb8cnndkch493f6f06pgdff7igi0f-db-4.8.30' from 'https://cache.nixos.org'...
#14 10.66 copying path '/nix/store/x4najp0vxryz2w6d9js91hvrnfbcg26b-krb5-1.22.2' from 'https://cache.nixos.org'...
#14 10.67 copying path '/nix/store/mm80mz52armp3bqw4h16ic6y36dpyhqs-binutils-2.46' from 'https://cache.nixos.org'...
#14 10.67 copying path '/nix/store/fcxfhk189ild904pas0z3s9f3igqhbq8-c-ares-1.34.8' from 'https://cache.nixos.org'...
#14 10.69 copying path '/nix/store/ch6gyavxaji48yyfdgdvyzhb9878301p-perl5.42.0-Test-Fatal-0.017' from 'https://cache.nixos.org'...
#14 10.69 copying path '/nix/store/2bn1xqms2qy2h0d1l21aqa4qyvskxgjg-giflib-6.1.3' from 'https://cache.nixos.org'...
#14 10.70 copying path '/nix/store/7fpa007v1xfaz2zq9kmqnahmiy0pnr6n-libev-4.33' from 'https://cache.nixos.org'...
#14 10.71 copying path '/nix/store/ylgaax76s6d0w0gnjd37p12p2rqdg6ad-expat-2.8.2-dev' from 'https://cache.nixos.org'...
#14 10.73 copying path '/nix/store/wkhdy2mn35pll1b1kglsj2hacdk0fkav-libxshmfence-1.3.3-dev' from 'https://cache.nixos.org'...
#14 10.74 copying path '/nix/store/3qsbga9b43wmla9ahf5j18k1hch843n0-llvm-21.1.8-lib' from 'https://cache.nixos.org'...
#14 10.78 copying path '/nix/store/aa9rghyxmmpc800q2fm3v4yspjgssfvz-nspr-4.39' from 'https://cache.nixos.org'...
#14 10.78 copying path '/nix/store/kdk1h9zg91ypbnsrd4m82qs191i5rijv-openssl-3.6.3-dev' from 'https://cache.nixos.org'...
#14 10.79 copying path '/nix/store/pprcff204bh02cq1rjmbx2fz1kw137y9-perl-5.42.0' from 'https://cache.nixos.org'...
#14 10.82 copying path '/nix/store/f8fyc0jdz8pqigpdyhzpny115c6nsk6i-ruby-3.4.9' from 'https://cache.nixos.org'...
#14 10.85 copying path '/nix/store/wavmkdswdv8v1kdilnbazill9b77agkb-perl5.42.0-HTTP-Date-6.06' from 'https://cache.nixos.org'...
#14 10.86 copying path '/nix/store/7z48md6zfy6v6ng0xvs55f634qnwr2h1-xxhash-0.8.3' from 'https://cache.nixos.org'...
#14 10.87 copying path '/nix/store/njkg10wv2l1wzlmrbnkxjqn7rfj0wk88-alsa-ucm-conf-1.2.16.1' from 'https://cache.nixos.org'...
#14 10.88 copying path '/nix/store/5927rrbd5zcapzk681b9m19hdahjmh31-fontconfig-2.18.2' from 'https://cache.nixos.org'...
#14 10.88 copying path '/nix/store/fad93y4mkr05xim8viz1m1mah6gld582-hiredis-1.4.1' from 'https://cache.nixos.org'...
#14 10.88 copying path '/nix/store/xa1brw3bh0lrw4f5d1g74gmm2jv4d39v-pcre2-10.47' from 'https://cache.nixos.org'...
#14 10.89 copying path '/nix/store/nw49cbshw8av4h12hhkh907nw6x4y3mp-nghttp2-1.69.0' from 'https://cache.nixos.org'...
#14 10.91 copying path '/nix/store/9ylzn2a4zj8asy0gvcss1vbmv3hcp1p1-krb5-1.22.2-dev' from 'https://cache.nixos.org'...
#14 10.96 copying path '/nix/store/m0fz5n1ihmwg8c89wx6icw4y74pw16xx-ncurses-6.6-dev' from 'https://cache.nixos.org'...
#14 10.98 copying path '/nix/store/mqvdid5df6c5g58psakn4a50mjwl527b-nspr-4.39-dev' from 'https://cache.nixos.org'...
#14 10.98 copying path '/nix/store/jy0n03pwr53788ym3n91yxf92990rgg4-nss-3.112.5' from 'https://cache.nixos.org'...
#14 11.00 copying path '/nix/store/d52k7x1yyqgygv4cha58bv9ckgc2pisj-perl5.42.0-File-Listing-6.16' from 'https://cache.nixos.org'...
#14 11.03 copying path '/nix/store/sdn3h2ygsp93ny68xp6xnw21vya7js1d-libssh2-1.11.1-dev' from 'https://cache.nixos.org'...
#14 11.06 copying path '/nix/store/nc72i3ffndprkfxcxmsdcx9la9zbmvr3-perl5.42.0-HTTP-CookieJar-0.014' from 'https://cache.nixos.org'...
#14 11.08 copying path '/nix/store/dc14kykxhg4gkbcsglaqsdbq7yd6y2nn-ccache-4.13.6' from 'https://cache.nixos.org'...
#14 11.09 copying path '/nix/store/d0yjv7jazwrvb8p1abqh6n3csqa21sp4-alsa-lib-1.2.16.1' from 'https://cache.nixos.org'...
#14 11.12 copying path '/nix/store/yx4sm7i1s32bp906qm1csvlcqz3xpg40-util-linux-minimal-2.42.2-lib' from 'https://cache.nixos.org'...
#14 11.14 copying path '/nix/store/1f2wdgkvn0rlz41ziycqdw5vdsg1pf2i-gsettings-desktop-schemas-50.1' from 'https://cache.nixos.org'...
#14 11.15 copying path '/nix/store/4arh69nm7q14c3winf8dv7s7v0nvdcqi-libffi-3.7.1-dev' from 'https://cache.nixos.org'...
#14 11.18 copying path '/nix/store/6bn0d74gc2ap4p0k2wawvqq4ri8w6fk0-iana-etc-20251215' from 'https://cache.nixos.org'...
#14 11.19 copying path '/nix/store/r8lxndj3syf32h2mcp6gnr52vir3qibn-libselinux-3.10' from 'https://cache.nixos.org'...
#14 11.20 copying path '/nix/store/l06hkrvzgb0iw5pbz6j5xzhkqs2bns6p-tzdata-2026c' from 'https://cache.nixos.org'...
#14 11.21 copying path '/nix/store/xq2d27sf13d5zg6fhndphxqr7f1mggy7-mailcap-2.1.54' from 'https://cache.nixos.org'...
#14 11.23 copying path '/nix/store/3rvan09345s1x4iz20bzfzx7ikmsd9pw-wayland-1.26.0' from 'https://cache.nixos.org'...
#14 11.28 copying path '/nix/store/i12w90xf6fqxy35mrndlgn5x33v31z53-nghttp2-1.69.0-dev' from 'https://cache.nixos.org'...
#14 11.36 copying path '/nix/store/sfh0a5cxkx0lmxjzclsxwn8gqbixd955-xkeyboard-config-2.48' from 'https://cache.nixos.org'...
#14 11.36 copying path '/nix/store/p4xn44pyfhfrbwyx9di5dzwfyayx9d16-systemd-minimal-libs-261.1' from 'https://cache.nixos.org'...
#14 11.39 copying path '/nix/store/65zg8l2r3vx34zxr0gzzxlgxxbwmq0zy-perl5.42.0-FCGI-0.82' from 'https://cache.nixos.org'...
#14 11.39 copying path '/nix/store/81wjrpmg3m5dyhr10yvjnsyh4dcdpsym-libpng-apng-1.6.58' from 'https://cache.nixos.org'...
#14 11.41 copying path '/nix/store/abnig2yjbzhisw59m8ann9kwlv3v027a-zlib-1.3.2-static' from 'https://cache.nixos.org'...
#14 11.42 copying path '/nix/store/yjifjy7qjzm9jli8xhzwy3y6fzw84405-go-1.26.5' from 'https://cache.nixos.org'...
#14 11.44 copying path '/nix/store/zmhsvn0jkdm2hqixsrxf5jnyy4smm5in-bzip2-1.0.8' from 'https://cache.nixos.org'...
#14 11.46 copying path '/nix/store/ysi6g37naf5aw57fvhyjmjjzf6scmmki-alsa-lib-1.2.16.1-dev' from 'https://cache.nixos.org'...
#14 11.48 copying path '/nix/store/l5jj35jgikj1y7m23r5d57xkdlr7w3l7-util-linux-minimal-2.42.2-mount' from 'https://cache.nixos.org'...
#14 11.54 copying path '/nix/store/1bczr25ry5vg2wr27jc7kc61f8c2yn2v-util-linux-minimal-2.42.2-swap' from 'https://cache.nixos.org'...
#14 11.56 copying path '/nix/store/nqhk36qvv90ahnrbk0qhkardq4nzrp22-libsm-1.2.6' from 'https://cache.nixos.org'...
#14 11.57 copying path '/nix/store/z90qxq32ss488dazcqwvnjq7sgabqcxs-glib-2.88.3' from 'https://cache.nixos.org'...
#14 11.58 copying path '/nix/store/4by3jl5flwzg5vk1zb9hgm151a66hn3m-nss-3.112.5-dev' from 'https://cache.nixos.org'...
#14 11.58 copying path '/nix/store/y8jf3yy18mdg7vqr01j39rcfdjr5hb1k-wget-1.25.0' from 'https://cache.nixos.org'...
#14 11.58 copying path '/nix/store/h0zfxbpl0p5r10dlyahxz9mzgf1md268-perl5.42.0-Compress-Raw-Bzip2-2.218' from 'https://cache.nixos.org'...
#14 11.64 copying path '/nix/store/692k4nvjyachas8zg1jl7c7vwd4bxxv9-freetype-2.14.3' from 'https://cache.nixos.org'...
#14 11.64 copying path '/nix/store/dwcx61zdi5bryhmgpmg48flh01zyqw1k-unzip-6.0' from 'https://cache.nixos.org'...
#14 11.68 copying path '/nix/store/cs4qdrs4wvw71gyqkgslcq0yp4g79gpd-zlib-1.3.2-dev' from 'https://cache.nixos.org'...
#14 11.71 copying path '/nix/store/jkfinz27i21wha3wg25qj96yp4rcs9dj-systemd-minimal-261.1' from 'https://cache.nixos.org'...
#14 11.73 copying path '/nix/store/baiqbh22367k40973a7rx2lj2mp7skmp-elfutils-0.195' from 'https://cache.nixos.org'...
#14 11.81 copying path '/nix/store/07gribxm3sky3lw2g64n59l974q7q1bf-gnugrep-3.12' from 'https://cache.nixos.org'...
#14 11.83 copying path '/nix/store/9k3l8v5p5zh9ai9hjjm45izbkhvlwfdd-glibc-2.42-67-bin' from 'https://cache.nixos.org'...
#14 11.84 copying path '/nix/store/6dd8s7cyhssjqkfcv9i35fzzsk764m5z-libipt-2.2' from 'https://cache.nixos.org'...
#14 11.85 copying path '/nix/store/5chj8dwgz2p7a31r7vzrg23pf675in5z-perl5.42.0-TermReadKey-2.38' from 'https://cache.nixos.org'...
#14 12.01 copying path '/nix/store/dnvwhqgbyg8vhxmkjdfxfjlf77lq13pn-gmp-with-cxx-6.3.0' from 'https://cache.nixos.org'...
#14 12.01 copying path '/nix/store/xrrivqyzxxkzl3xm47dg1irck95ahw9g-setup-debug-info-dirs-hook' from 'https://cache.nixos.org'...
#14 12.01 copying path '/nix/store/jqjv8k57dkxhx34swbfkajrrj5vfl6r5-libjpeg-turbo-3.1.4.1' from 'https://cache.nixos.org'...
#14 12.02 copying path '/nix/store/myjvqwq5i784sz8p75xh5rwab0lm09fz-fontconfig-2.18.2-lib' from 'https://cache.nixos.org'...
#14 12.04 copying path '/nix/store/hxs297qc7vid67qqkcw7lw1yfy2hkaki-libpng-apng-1.6.58-dev' from 'https://cache.nixos.org'...
#14 12.06 copying path '/nix/store/if0jy4wir03z31y1kqhfc3mgvz5ih71v-linux-pam-1.7.2' from 'https://cache.nixos.org'...
#14 12.20 copying path '/nix/store/f6fil9pffjbhp2pvs3ri59jgr4a7vmvl-libusb-1.0.30' from 'https://cache.nixos.org'...
#14 12.24 copying path '/nix/store/57fv53m58x8l051dirhzwlhlk3zr48im-zstd-1.5.7-bin' from 'https://cache.nixos.org'...
#14 12.30 copying path '/nix/store/9xdi8c5c8c8s6n9ggqvw2lagijx3slms-libxdmcp-1.1.5' from 'https://cache.nixos.org'...
#14 12.35 copying path '/nix/store/a7qcdrcx203yxjb54bhncibks2c14d5v-libxau-1.0.12' from 'https://cache.nixos.org'...
#14 12.37 copying path '/nix/store/izq16l9s2qycfqdf7fnkpxqmljhlvaq8-fontconfig-2.18.2-bin' from 'https://cache.nixos.org'...
#14 12.39 copying path '/nix/store/8xjsfv19z90diipv5ylqbbs5cgqda880-nettle-3.10.2' from 'https://cache.nixos.org'...
#14 12.43 copying path '/nix/store/ahisl0z6jzqgi69nhdsz0wd4k80c3wyq-gmp-with-cxx-6.3.0-dev' from 'https://cache.nixos.org'...
#14 12.44 copying path '/nix/store/m3ifaai992k2wn6z0akvi76z671mv192-libjpeg-turbo-3.1.4.1-bin' from 'https://cache.nixos.org'...
#14 12.48 copying path '/nix/store/ha5qkgfgs1gpiybg7pi13nhmjnyhvx80-libwebp-1.6.0' from 'https://cache.nixos.org'...
#14 12.49 copying path '/nix/store/0rqvb1hj5jh36msyqxiy3zdqyjkhfbgy-mpfr-4.2.2' from 'https://cache.nixos.org'...
#14 12.49 copying path '/nix/store/2qqlbvvf35gz7dwmg3dlkz3dgy3dn3aj-file-5.48' from 'https://cache.nixos.org'...
#14 12.54 copying path '/nix/store/vhkc52wdiwjhy0vkgsswl1bsr7xfphg3-zstd-1.5.7-dev' from 'https://cache.nixos.org'...
#14 12.54 copying path '/nix/store/0fc8ib0xkkqk0bd6m10mmhlq1qnqxr41-libxcb-1.17.0' from 'https://cache.nixos.org'...
#14 12.58 copying path '/nix/store/dk4jxsif42n1asxag0vqfwvjj8ir3gzc-icu4c-78.3-dev' from 'https://cache.nixos.org'...
#14 12.62 copying path '/nix/store/apz8qld85v2y2wnzbyadyyls8ygx7qa1-boost-1.89.0' from 'https://cache.nixos.org'...
#14 12.68 copying path '/nix/store/2r04afmsjkpkp482q1xvkdg8d2mj04i9-gzip-1.14' from 'https://cache.nixos.org'...
#14 12.72 copying path '/nix/store/dq2bqy1lpvj95d4x2vki1l4559al6df1-libjpeg-turbo-3.1.4.1-dev' from 'https://cache.nixos.org'...
#14 12.76 copying path '/nix/store/4fj1rs40wx8r4pbbzrjzmzxv4dg4aia5-findutils-4.11.0' from 'https://cache.nixos.org'...
#14 12.83 copying path '/nix/store/r19irjfvzkzijszg9nqkb4h9by6y7762-curl-8.21.0-dev' from 'https://cache.nixos.org'...
#14 12.88 copying path '/nix/store/flpfpb9gn5jk3zjdvpgzmy2b14ksjdmn-libarchive-3.8.8-lib' from 'https://cache.nixos.org'...
#14 12.88 copying path '/nix/store/x1f9w9zsawhq3baif02d0lclpqficm72-libxcb-keysyms-0.4.1' from 'https://cache.nixos.org'...
#14 12.88 copying path '/nix/store/ji91jz4fm8vrwjhi1iqv5gg8yic0jini-libx11-1.8.13' from 'https://cache.nixos.org'...
#14 12.90 copying path '/nix/store/scmid0ab41q380f3fw2xr4nppgbszs45-libxcb-1.17.0-dev' from 'https://cache.nixos.org'...
#14 12.92 copying path '/nix/store/al7inln3qfpv0h5473fq4s02x1k563ap-libtiff-4.7.2' from 'https://cache.nixos.org'...
#14 13.03 copying path '/nix/store/7i4c31hkr3f5859qkwkd1q9avmsa6s74-xz-5.8.3-bin' from 'https://cache.nixos.org'...
#14 13.07 copying path '/nix/store/d7gdsz9vpblq9wx39wp3s0fkw86pwy0k-pkg-config-0.29.2' from 'https://cache.nixos.org'...
#14 13.14 copying path '/nix/store/d8ymm5b5m3n4j15g933y7p9shcwd4k6d-libuv-1.52.1' from 'https://cache.nixos.org'...
#14 13.17 copying path '/nix/store/9jgjxyq4x8xpwqnx5lg5zyqiqpgy2fp9-bzip2-1.0.8-bin' from 'https://cache.nixos.org'...
#14 13.24 copying path '/nix/store/947psdd7hsirjhg4vzjsakqck6dfy7z0-sqlite-3.53.3-bin' from 'https://cache.nixos.org'...
#14 13.26 copying path '/nix/store/n7pd6q1faa53zchdkw2l14768av4nmz8-xz-5.8.3-dev' from 'https://cache.nixos.org'...
#14 13.26 copying path '/nix/store/7kfks6szw7rxyv7vbfj0qvi8mljbwq5m-pixman-0.46.4' from 'https://cache.nixos.org'...
#14 13.28 copying path '/nix/store/i9xcd5i0pkl0xdldaj57r1zn8m8xfrgr-libtiff-4.7.2-bin' from 'https://cache.nixos.org'...
#14 13.30 copying path '/nix/store/86zr9zylxh1ywwk01w76xc8gmykx576p-json-glib-1.10.8' from 'https://cache.nixos.org'...
#14 13.34 copying path '/nix/store/zz70xhdj57ap277cnpf5x3y29v56mnfi-libsoup-3.6.6' from 'https://cache.nixos.org'...
#14 13.35 copying path '/nix/store/akxylaygd9x03qcq3688m3wp942z9ia4-gdk-pixbuf-2.44.7' from 'https://cache.nixos.org'...
#14 13.35 copying path '/nix/store/78j8mm3dpnj1q6x3813ripjkjklqzyjq-libuv-1.52.1-dev' from 'https://cache.nixos.org'...
#14 13.45 copying path '/nix/store/bqg9vzj6kz3wjy1ay7f743zap82a7hg6-bzip2-1.0.8-dev' from 'https://cache.nixos.org'...
#14 13.49 copying path '/nix/store/52wvaq4xw249yk99h33sflc9f8zw0gs6-libx11-1.8.13-dev' from 'https://cache.nixos.org'...
#14 13.57 copying path '/nix/store/y9dqkgn9kpsjzb6z56n4fvx03vd5i2h5-libxcomposite-0.4.7' from 'https://cache.nixos.org'...
#14 13.58 copying path '/nix/store/b3ic1fcx2qmx5l4cfgrq3wnk4q8hzbx4-libxext-1.3.7' from 'https://cache.nixos.org'...
#14 13.58 copying path '/nix/store/cvgmnc85kzd87hsxrpspap6zvmmwmh9d-uvwasi-0.0.23' from 'https://cache.nixos.org'...
#14 13.59 copying path '/nix/store/fr7cz2pv91irm3y48vm19d56r2a7zkcr-libxfixes-6.0.2' from 'https://cache.nixos.org'...
#14 13.62 copying path '/nix/store/n5j846ms59gqdhm61c9cl8gsi46d2dbz-libxkbcommon-1.13.2' from 'https://cache.nixos.org'...
#14 13.63 copying path '/nix/store/bzg5q6y7fa6japxlb5lhpwd1vnz95lab-freetype-2.14.3-dev' from 'https://cache.nixos.org'...
#14 13.67 copying path '/nix/store/w66ychfm05df3fjv3g3pfbc9givl45gh-libxrender-0.9.12' from 'https://cache.nixos.org'...
#14 13.70 copying path '/nix/store/4zaigyrqmrflk48kdp8b9v46yrs1h9kl-dconf-0.49.0-lib' from 'https://cache.nixos.org'...
#14 13.74 copying path '/nix/store/jk4bf13spkqis8p0djz9qpi152qzh6sp-glib-2.88.3-bin' from 'https://cache.nixos.org'...
#14 13.75 copying path '/nix/store/vdvd8aish78jikm7wq8mdxsrv089sf2z-libtiff-4.7.2-dev' from 'https://cache.nixos.org'...
#14 13.76 copying path '/nix/store/3140ljx4n6abv5jginribyy680qjw7q2-expand-response-params' from 'https://cache.nixos.org'...
#14 13.76 copying path '/nix/store/wjd0n4zc4iawhsa9az3m5pkri9dqd4rh-libxxf86vm-1.1.7' from 'https://cache.nixos.org'...
#14 13.76 copying path '/nix/store/gy1ldhbj7qrxnr6ssh06nqqidq3ibfis-libglvnd-1.7.0' from 'https://cache.nixos.org'...
#14 13.82 copying path '/nix/store/iv16qhgzcqsvf9fsjkd3x2vjjbs0fnci-libxdamage-1.1.7' from 'https://cache.nixos.org'...
#14 13.84 copying path '/nix/store/16rny3zmsdad30dyivimcifkdvpqqwyh-sqlite-3.53.3-dev' from 'https://cache.nixos.org'...
#14 13.86 copying path '/nix/store/94wzcs1f5rpjq83nwdrgwwkzr1qz8vfl-libxft-2.3.9' from 'https://cache.nixos.org'...
#14 13.86 copying path '/nix/store/h5j90i26a2i71s376zqvp8n2msiszp0z-fontconfig-2.18.2-dev' from 'https://cache.nixos.org'...
#14 13.89 copying path '/nix/store/36f0ghag4x56mb5qdnzszb5ndhfxzybr-libxcursor-1.2.3' from 'https://cache.nixos.org'...
#14 13.92 copying path '/nix/store/xmqhw4ypjzjcayq08v5csrx0218fbc0d-libxfixes-6.0.2-dev' from 'https://cache.nixos.org'...
#14 13.92 copying path '/nix/store/h9xd7aca66y67zi5gp4vzwhj7vzgpxdx-libxi-1.8.3' from 'https://cache.nixos.org'...
#14 13.92 copying path '/nix/store/6iv76ghhbpbpkgfad25ngns7jw4jakr7-libxkbcommon-1.13.2-dev' from 'https://cache.nixos.org'...
#14 13.99 copying path '/nix/store/n1mr33iqyv4vvwb967s7lkzza3g4d5p6-libxrandr-1.5.5' from 'https://cache.nixos.org'...
#14 14.01 copying path '/nix/store/ki634vxc2806yy5z4ybjbsi7hkik0gv8-libxrender-0.9.12-dev' from 'https://cache.nixos.org'...
#14 14.05 copying path '/nix/store/n9c5alzvyfnl8z1yxpyiaqyxjagz33m2-libxdamage-1.1.7-dev' from 'https://cache.nixos.org'...
#14 14.06 copying path '/nix/store/fh4lkqcs7wwdi2yx7zl251rj8png1r54-libxscrnsaver-1.2.5' from 'https://cache.nixos.org'...
#14 14.08 copying path '/nix/store/5fi9ys1lcnhbc8rcrp0d40rawhlzx4kj-pkg-config-wrapper-0.29.2' from 'https://cache.nixos.org'...
#14 14.09 copying path '/nix/store/9hw32ha7kqddcfw1q6awcakychc0n3sy-nodejs-slim-26.7.0' from 'https://cache.nixos.org'...
#14 14.09 copying path '/nix/store/4fkv25vllnmvlh0xgvzgaj5q1s87xyf2-libxcursor-1.2.3-dev' from 'https://cache.nixos.org'...
#14 14.11 copying path '/nix/store/gplpbrr2ggr4xha4lqz0y667845nvp3p-diffutils-3.12' from 'https://cache.nixos.org'...
#14 14.11 copying path '/nix/store/hynd7ax0sb0vv7xa3lpg2m842h1abzm7-libxcomposite-0.4.7-dev' from 'https://cache.nixos.org'...
#14 14.13 copying path '/nix/store/kr4vpmy91sw8p150ridzacrggzma1d08-libxtst-1.2.5' from 'https://cache.nixos.org'...
#14 14.14 copying path '/nix/store/hmlk7z390nxkn72z7wk9x50bb9k4g0bd-update-autotools-gnu-config-scripts-hook' from 'https://cache.nixos.org'...
#14 14.15 copying path '/nix/store/k7phxxvxw2h99smsk07y8d3nlh7gbc3x-source-highlight-3.1.9' from 'https://cache.nixos.org'...
#14 14.16 copying path '/nix/store/bc9zgcv6xxpcj366wrrn10mxrpax2cg0-gdbm-1.26-lib' from 'https://cache.nixos.org'...
#14 14.20 copying path '/nix/store/aqnjw8g0zzkrckcbkm45dk0ri2y2q195-libxrandr-1.5.5-dev' from 'https://cache.nixos.org'...
#14 14.22 copying path '/nix/store/7zq0ls41xgv373anbjnpnrbai386fg2v-libxft-2.3.9-dev' from 'https://cache.nixos.org'...
#14 14.24 copying path '/nix/store/p6k41cfwvr8plgvcnnlb55wb0cy49qyx-gnused-4.10' from 'https://cache.nixos.org'...
#14 14.24 copying path '/nix/store/pkgmxazp4w04a4phmy00d0rdym7pa0xl-gnumake-4.4.1' from 'https://cache.nixos.org'...
#14 14.26 copying path '/nix/store/hp5k463c2va37bh16jw4ss2nkwb2g7nz-dbus-1.16.2-lib' from 'https://cache.nixos.org'...
#14 14.28 copying path '/nix/store/61p1lm7n9yhy633pykn42zyjfgyk1kg7-libdaemon-0.14' from 'https://cache.nixos.org'...
#14 14.32 copying path '/nix/store/rqsvp4bl1xzw9ma001g6761bfjqsiwyy-patch-2.8' from 'https://cache.nixos.org'...
#14 14.32 copying path '/nix/store/wx3srh3ql6ixj6hvmxp84cf5w9p1ag0f-gnutar-1.35' from 'https://cache.nixos.org'...
#14 14.36 copying path '/nix/store/pkjkl2glnx7g3v3s2rlhxmipvfqbrsjl-mpdecimal-4.0.1' from 'https://cache.nixos.org'...
#14 14.39 copying path '/nix/store/4q862pif22jj28vxg9w7p449pd0a99gl-rhash-1.4.6' from 'https://cache.nixos.org'...
#14 14.40 copying path '/nix/store/bb37hm26c2qzh8yqn5a6bsyv5in911d2-curl-8.21.0' from 'https://cache.nixos.org'...
#14 14.42 copying path '/nix/store/x01rpzv7bbqi9sic78zjnqyi7jvby1cb-libevent-2.1.13' from 'https://cache.nixos.org'...
#14 14.47 copying path '/nix/store/dwhnlpxdj2x7g1dvwq1fm18hadnqywy8-compiler-rt-libc-21.1.8' from 'https://cache.nixos.org'...
#14 14.58 copying path '/nix/store/b9lnrrbgb4yh20iqy9dpikhs5in7ri3r-linux-headers-7.1' from 'https://cache.nixos.org'...
#14 14.58 copying path '/nix/store/65i16igqriavg83p8vabfa9g2hw2nq23-lzo-2.10' from 'https://cache.nixos.org'...
#14 14.58 copying path '/nix/store/6qdgazw5m4j26si6w7y6cfhqfmi3iwna-at-spi2-core-2.60.6' from 'https://cache.nixos.org'...
#14 14.58 copying path '/nix/store/pxvlda6ibjdl4hpih7shhlgd5sq9mlq1-dbus-1.16.2' from 'https://cache.nixos.org'...
#14 14.58 copying path '/nix/store/ghs8dpbw5c818hdwjyr41q4l1jfdvv14-perl5.42.0-libnet-3.15' from 'https://cache.nixos.org'...
#14 14.58 copying path '/nix/store/3inr3nxzqarhb9rh1z7s2s20j8c0395h-python3-3.14.7' from 'https://cache.nixos.org'...
#14 14.64 copying path '/nix/store/gx0lskzy7a13r8rhb0hqngnfrhaz9c81-perl5.42.0-Net-SSLeay-1.92' from 'https://cache.nixos.org'...
#14 14.69 copying path '/nix/store/jbfpbknl5qh0cm5zg48gxgb6fzhwvq04-git-2.55.0-doc' from 'https://cache.nixos.org'...
#14 14.81 copying path '/nix/store/aykdq7abk7gvr9smfzzwj5r50rg9q892-unbound-1.25.2-lib' from 'https://cache.nixos.org'...
#14 14.81 copying path '/nix/store/bvsc1pj1lxdkk2sqkr17ssas0qvkh55n-avahi-0.8' from 'https://cache.nixos.org'...
#14 14.81 copying path '/nix/store/k7c84b0jrp0yjgnawpprmcd7kj243vfg-perl5.42.0-URI-5.21' from 'https://cache.nixos.org'...
#14 14.81 copying path '/nix/store/lqqgi7yp2rbyhnvkh101alsalkwyp26i-stdenv-linux-no-cc' from 'https://cache.nixos.org'...
#14 14.83 copying path '/nix/store/db15i2ldhmgliimajkj6jmf1588x32l0-cairo-1.18.4' from 'https://cache.nixos.org'...
#14 14.90 copying path '/nix/store/h8gzixg8h3zxmm708wvfc0zr4hl8kd7h-dbus-1.16.2-dev' from 'https://cache.nixos.org'...
#14 14.90 copying path '/nix/store/pr8yxkg38z8xgz0q6z53fh4iydsf7jsp-perl5.42.0-HTML-TagCloud-0.38' from 'https://cache.nixos.org'...
#14 14.98 copying path '/nix/store/3yj2yr6plb7q0xn3mfpvdfy6hi70pazf-perl5.42.0-IO-Socket-SSL-2.083' from 'https://cache.nixos.org'...
#14 15.00 copying path '/nix/store/r5k6jvbgqbmav38w3n0yadcia99ks5l4-zlib-ng-2.3.3' from 'https://cache.nixos.org'...
#14 15.01 copying path '/nix/store/vz99vl0g4v7jpynwnlmvgrs1y7gwi23f-perl5.42.0-Digest-HMAC-1.05' from 'https://cache.nixos.org'...
#14 15.07 copying path '/nix/store/vpxrgyxi44znlpq75imiyaklw2g4xcyi-perl5.42.0-WWW-RobotRules-6.02' from 'https://cache.nixos.org'...
#14 15.08 copying path '/nix/store/w4jh2b0crsxqk58bj6s9l0cwblmv0cd4-perl5.42.0-Net-HTTP-6.23' from 'https://cache.nixos.org'...
#14 15.10 copying path '/nix/store/y0gr2a2rv8yr2aszr7qqlqhvwr1zwmcy-perl5.42.0-FCGI-ProcManager-0.28' from 'https://cache.nixos.org'...
#14 15.14 copying path '/nix/store/fwk4bgd1v892v488vmvyxwlhsn2216l3-perl5.42.0-IO-Compress-2.221' from 'https://cache.nixos.org'...
#14 15.17 copying path '/nix/store/2dd1n2sylq2ah6ij7s2zjm2y5qjdl3kx-harfbuzz-13.2.1' from 'https://cache.nixos.org'...
#14 15.17 copying path '/nix/store/0gm46ay1b1c2ic40xi6fg2r9gfwcxnnz-gnutls-3.8.13' from 'https://cache.nixos.org'...
#14 15.21 copying path '/nix/store/5mh24sqy6bfigfnxd0z2f34ayjldhgg1-perl5.42.0-Authen-SASL-2.1900' from 'https://cache.nixos.org'...
#14 15.22 copying path '/nix/store/5cq3hbrsd7qcbbdkp9mci5ynm8dd4yad-fribidi-1.0.16' from 'https://cache.nixos.org'...
#14 15.24 copying path '/nix/store/zwrvfq06cg9sffvmqsc3sqkjz4mhm907-perl5.42.0-Net-SMTP-SSL-1.04' from 'https://cache.nixos.org'...
#14 15.25 copying path '/nix/store/6d0i36a5s7klmwsfcksvx266rwzh6d6c-iso-codes-4.20.1' from 'https://cache.nixos.org'...
#14 15.28 copying path '/nix/store/f83m21cbsgnrg6vjax8fmhv2lnmvqyz8-libxinerama-1.1.6' from 'https://cache.nixos.org'...
#14 15.30 copying path '/nix/store/x0mgm8f41ifmdnfxdypidgnyjax9hjyr-libepoxy-1.5.10' from 'https://cache.nixos.org'...
#14 15.36 copying path '/nix/store/4617igj8b1xh55sb46b9x0az3bh84ssi-gobject-introspection-1.86.0' from 'https://cache.nixos.org'...
#14 15.38 copying path '/nix/store/sxapy4d2xzq6akwrkrd2ksxx7dv3jg00-perl5.42.0-HTTP-Message-7.02' from 'https://cache.nixos.org'...
#14 15.38 copying path '/nix/store/cwn32dkv1iffrhh6sw1gk09nxb10dv17-glibc-2.42-67-dev' from 'https://cache.nixos.org'...
#14 15.39 copying path '/nix/store/99ijl832yfqmx798hnpkcwnqk8np7lxd-wayland-1.26.0-dev' from 'https://cache.nixos.org'...
#14 15.41 copying path '/nix/store/bgq9cggny5a11g3bzyazl9fbkdbr9ka1-shared-mime-info-2.4' from 'https://cache.nixos.org'...
#14 15.44 copying path '/nix/store/pw6m2q1x3vmr3bhi7x3wayb5271pl5ma-fribidi-1.0.16-dev' from 'https://cache.nixos.org'...
#14 15.60 copying path '/nix/store/pi7b0sg9jk0ccxlwpbpmzyvp0w6f1115-libxinerama-1.1.6-dev' from 'https://cache.nixos.org'...
#14 15.65 copying path '/nix/store/i91sc1fprvrqhya9h7f19lww2vngqnlp-perl5.42.0-HTTP-Negotiate-6.01' from 'https://cache.nixos.org'...
#14 15.67 copying path '/nix/store/jlaimr9p20cjgl7waab20gb6h5b6jga4-perl5.42.0-HTTP-Daemon-6.17' from 'https://cache.nixos.org'...
#14 15.70 copying path '/nix/store/s6zqpsc8cf48vw0q8s8zd2330m8q69f1-perl5.42.0-HTTP-Cookies-6.10' from 'https://cache.nixos.org'...
#14 15.75 copying path '/nix/store/k1i8np1y3raiavx3nbvd7f3m8hmvmlks-perl5.42.0-HTML-Parser-3.85' from 'https://cache.nixos.org'...
#14 15.78 copying path '/nix/store/0msq0i4f1lv7xj3jmnvvsfs464v09yaz-tinysparql-3.11.1' from 'https://cache.nixos.org'...
#14 15.81 copying path '/nix/store/q4q9wd81hqwvxvy6wj9j00xk3gh87k1x-wayland-protocols-1.49' from 'https://cache.nixos.org'...
#14 15.82 copying path '/nix/store/vszsb03gbq46l8gx0nf1hg7vs9v8ahkn-libice-1.1.2-dev' from 'https://cache.nixos.org'...
#14 15.84 copying path '/nix/store/b9pmqk4jhjmf5gfgwjx68hhnaj5p061f-cmake-4.3.4' from 'https://cache.nixos.org'...
#14 15.84 copying path '/nix/store/i6zfaprd8qgm92j252z0k47q76dq3z6h-glibc-iconv-2.42' from 'https://cache.nixos.org'...
#14 15.86 copying path '/nix/store/m9n6gv7j96sxbb0lzkgz40a02yb20hah-binutils-wrapper-2.46' from 'https://cache.nixos.org'...
#14 15.86 copying path '/nix/store/wqqb6mbnrnm380adc0ry5hdm449xix4f-gcc-15.3.0' from 'https://cache.nixos.org'...
#14 15.91 copying path '/nix/store/z9dlh8l5vx8174gg2h5fqqcsx482cyav-cups-2.4.19-lib' from 'https://cache.nixos.org'...
#14 15.93 copying path '/nix/store/1hpmxrk1h6z0disn5645ldszhmy07y5g-perl5.42.0-CGI-4.59' from 'https://cache.nixos.org'...
#14 15.98 copying path '/nix/store/7iav2369qm1r36my3xb0s9p66hmvyj5l-pango-1.57.1' from 'https://cache.nixos.org'...
#14 16.00 copying path '/nix/store/adxriyzavxyy90a3l0j8plfb2wyyv53v-harfbuzz-13.2.1-dev' from 'https://cache.nixos.org'...
#14 16.01 copying path '/nix/store/394gj35jpp6dg48v6kpmbijxgw2lqywc-perl5.42.0-libwww-perl-6.83' from 'https://cache.nixos.org'...
#14 16.01 copying path '/nix/store/4wczdrgafhrx0rdnk5vy94nj5g2vxaa4-binutils-wrapper-2.46' from 'https://cache.nixos.org'...
#14 16.06 copying path '/nix/store/n3mfngwq7h803y7p1yya4vrhq4w3rp33-libsm-1.2.6-dev' from 'https://cache.nixos.org'...
#14 16.13 copying path '/nix/store/x7kb8q12n6l0kbhgx52wwam1hwpyigzl-libglvnd-1.7.0-dev' from 'https://cache.nixos.org'...
#14 16.17 copying path '/nix/store/wl8zbbcqv05a0wcf3vj3s2xsydc2ikfi-perl5.42.0-CGI-Fast-2.16' from 'https://cache.nixos.org'...
#14 16.19 copying path '/nix/store/xs8mx36pszvyvzsmbfrlpgrnn87n3psx-libpciaccess-0.19' from 'https://cache.nixos.org'...
#14 16.21 copying path '/nix/store/6wvm2snjhp6g0fl2s8159maswq7rx2j2-libxau-1.0.12-dev' from 'https://cache.nixos.org'...
#14 16.24 copying path '/nix/store/hci8r3x1q2mgali0ddw40b2qy48v4fbq-libxml2-2.15.3-bin' from 'https://cache.nixos.org'...
#14 16.24 copying path '/nix/store/mw8g7c1mzfmsjk8zw8qrrj0j2qziil6i-find-xml-catalogs-hook' from 'https://cache.nixos.org'...
#14 16.26 copying path '/nix/store/6pqs0j1lc9gq1ay0blmgvfw6ppw2ldh8-compiler-rt-libc-21.1.8-dev' from 'https://cache.nixos.org'...
#14 16.28 copying path '/nix/store/mrpcf46cfykva9l519shhm8njpxxb7kg-pango-1.57.1-bin' from 'https://cache.nixos.org'...
#14 16.31 copying path '/nix/store/aqxpzr68nhhzac7ymvvp6ss60hpv8jwz-cups-2.4.19' from 'https://cache.nixos.org'...
#14 16.34 copying path '/nix/store/146aqw2n4qgdc5y6g4711b5blx6niyz8-lm-sensors-3.6.2' from 'https://cache.nixos.org'...
#14 16.35 copying path '/nix/store/8ycplarjb92gxa3ia9b5x9bx0l122jmk-libdisplay-info-0.4.0' from 'https://cache.nixos.org'...
#14 16.36 copying path '/nix/store/mcfmlfrm4s8yrbd181fglkz1w2kgx4ri-libxext-1.3.7-dev' from 'https://cache.nixos.org'...
#14 16.39 copying path '/nix/store/4zdn38xm499ggfasdlbwgc28h2237bhk-libdrm-2.4.134' from 'https://cache.nixos.org'...
#14 16.40 copying path '/nix/store/0mj515vwnzqmxqrb9m425p2h9fbpnjcc-libxml2-2.15.3-dev' from 'https://cache.nixos.org'...
#14 16.51 copying path '/nix/store/fak7myymy8rw84qf9hm9gxsmcbr8qpra-libxi-1.8.3-dev' from 'https://cache.nixos.org'...
#14 16.59 copying path '/nix/store/fji56ygiylm8hv1q35xqmsgbhhcal1iy-libdrm-2.4.134-bin' from 'https://cache.nixos.org'...
#14 16.76 copying path '/nix/store/1s5wcl7fqh2cybx19s3l9k1sfycrqlh1-libdrm-2.4.134-dev' from 'https://cache.nixos.org'...
#14 16.95 copying path '/nix/store/7qmyfy8fd09plcv85j1bcwhv3gaxjagr-mesa-libgbm-26.1.3' from 'https://cache.nixos.org'...
#14 17.22 copying path '/nix/store/y3b3mh8q3v33crq919rcxyxky9din09y-gtk+3-3.24.52' from 'https://cache.nixos.org'...
#14 17.63 copying path '/nix/store/sk60slbcsmpfn3im2d6kr8fkvy47zsy3-cups-2.4.19-dev' from 'https://cache.nixos.org'...
#14 20.81 copying path '/nix/store/ca48qdipfhgbmw3g2aivd0cw7ix3iyfl-nodejs-slim-26.7.0-npm' from 'https://cache.nixos.org'...
#14 21.44 building '/nix/store/8dvzdilzaji0gmcr5znd7h3jj5y2yaaa-nodejs-26.7.0.drv'...
#14 26.30 copying path '/nix/store/q3pvpkn0qmin7x572p3z32hxz9yny73i-git-2.55.0' from 'https://cache.nixos.org'...
#14 26.30 copying path '/nix/store/if9plfpzc97icinz2z0lgfqfa2hp5m3i-python3.14-packaging-26.2' from 'https://cache.nixos.org'...
#14 26.30 copying path '/nix/store/99qckb7iqnq9nhf4ca7pqp6hlli9ylw7-gdb-17.2' from 'https://cache.nixos.org'...
#14 26.78 copying path '/nix/store/yip89xn7mb3mzsrj77bffxj0idz3kr1k-glib-2.88.3-dev' from 'https://cache.nixos.org'...
#14 27.28 copying path '/nix/store/45xyzk1nv4zr9dkqkxkb7yp3wkqhygq8-at-spi2-core-2.60.6-dev' from 'https://cache.nixos.org'...
#14 27.28 copying path '/nix/store/v5gdrr1xbs2jrh9nnbsd290r470dmahi-gdk-pixbuf-2.44.7-dev' from 'https://cache.nixos.org'...
#14 27.28 copying path '/nix/store/yr5cfqmb5xs2i6bm2xvrwaxgnarimmb7-cairo-1.18.4-dev' from 'https://cache.nixos.org'...
#14 27.45 copying path '/nix/store/jpwvl11laxrm1a8f9c0h8qli1qxzbf0g-pango-1.57.1-dev' from 'https://cache.nixos.org'...
#14 27.65 copying path '/nix/store/83cavl55wx0sk5sjws4i5mnv3yjs1gl6-gtk+3-3.24.52-dev' from 'https://cache.nixos.org'...
#14 28.38 copying path '/nix/store/gw0vcpg33m9cqd6rscyqvds45apfrxfy-gcc-wrapper-15.3.0' from 'https://cache.nixos.org'...
#14 28.38 copying path '/nix/store/5lx71lf2d9d3w8aly9jk4ljcy8pq6liy-libtool-2.6.2' from 'https://cache.nixos.org'...
#14 30.32 copying path '/nix/store/spgkrx6v9a7frdhpn0i9dpl3nq7hd3ni-clang-21.1.8-lib' from 'https://cache.nixos.org'...
#14 30.32 copying path '/nix/store/c94dn74av9i505z0lfbm5dckvyfp2sw8-lld-21.1.8' from 'https://cache.nixos.org'...
#14 30.32 copying path '/nix/store/kf777y29v1whh9lbn5nh47zrfrgrj6bd-mesa-26.2.0' from 'https://cache.nixos.org'...
#14 30.32 copying path '/nix/store/mwq2wb1rfqgsckrc85ld0n1wicjr4g9z-rustc-1.97.1' from 'https://cache.nixos.org'...
#14 30.32 copying path '/nix/store/dbfzdkyghh88s4siw6006c0hlipm5xjg-llvm-21.1.8' from 'https://cache.nixos.org'...
#14 32.82 copying path '/nix/store/ygsgmqd0nfqd0xd2qaj98h4p67nk315c-lld-21.1.8-dev' from 'https://cache.nixos.org'...
#14 36.32 copying path '/nix/store/kbys3dd32c826jrp1nybx6wvskm1wix3-llvm-21.1.8-dev' from 'https://cache.nixos.org'...
#14 45.01 copying path '/nix/store/bf2sablqrr2bz3763rmlb1fwrfvsrgfk-clang-21.1.8' from 'https://cache.nixos.org'...
#14 46.36 copying path '/nix/store/ypqlf774n9dmfbxrg33pzpm149npz75n-clang-wrapper-21.1.8' from 'https://cache.nixos.org'...
#14 46.57 copying path '/nix/store/mrmya8nxp128f29z608sy5dsb8q4qb3z-stdenv-linux' from 'https://cache.nixos.org'...
#14 52.72 copying path '/nix/store/27acgf1x5nd3mq2xygvb3nqrmkaf1hfa-rustc-wrapper-1.97.1' from 'https://cache.nixos.org'...
#14 52.73 copying path '/nix/store/bd17xxvj4lyxnf7hgankn95a8h3pmw4d-cargo-1.97.1' from 'https://cache.nixos.org'...
#14 53.41 building '/nix/store/9c65w7h8x5v67s4n1iwxi6q8dm6jqmz5-nix-shell-env.drv'...
#14 55.12 this path will be fetched (107.5 KiB download, 107.4 KiB unpacked):
#14 55.12   /nix/store/gdbq6857ydnda2zi8fhdmzpbjh9d946l-bash-interactive-5.3p15-man
#14 55.12 copying path '/nix/store/gdbq6857ydnda2zi8fhdmzpbjh9d946l-bash-interactive-5.3p15-man' from 'https://cache.nixos.org'...
#14 DONE 56.3s

#15 exporting to image
#15 exporting layers
#15 exporting layers 163.6s done
#15 exporting manifest sha256:4b5835ee48b7f5444f436fcc1aec6426accc3b7f26febe1c64ce137e8632d07d done
#15 exporting config sha256:e85750f17863d8adb2ce68ce7e726b9f17f8bd0fd7123edff364dcf167ea1493 done
#15 exporting attestation manifest sha256:480861b46fce4e0b0dec08e3be067b8e0f6abf42fd259eb53064aaafc8b1694e done
#15 exporting manifest list sha256:832132225f8822c522f5a450e166a62bab9eeaae73a93ad80e9954eb5f944799 done
#15 naming to docker.io/library/bun-dev:latest done
#15 unpacking to docker.io/library/bun-dev:latest
#15 unpacking to docker.io/library/bun-dev:latest 44.6s done
#15 DONE 208.3s

#16 resolving provenance for metadata file
#16 DONE 0.0s
