#1 [internal] load local bake definitions
#1 reading from stdin 596B done
#1 DONE 0.0s

#2 [internal] load build definition from Dockerfile
#2 transferring dockerfile: 847B done
#2 DONE 0.0s

#3 [internal] load metadata for docker.io/nixos/nix:latest
#3 DONE 0.5s

#4 [internal] load .dockerignore
#4 transferring context: 2B done
#4 DONE 0.0s

#5 [ 1/14] FROM docker.io/nixos/nix:latest@sha256:7a007c766426c1877758ddc5cb87a965ac131fc78c582ce0083d922d51ae945c
#5 resolve docker.io/nixos/nix:latest@sha256:7a007c766426c1877758ddc5cb87a965ac131fc78c582ce0083d922d51ae945c 0.0s done
#5 CACHED

#6 [ 2/14] RUN nix-channel --update
#6 1.717 unpacking 1 channels...
#6 DONE 12.8s

#7 [ 3/14] RUN nix-env -iA nixpkgs.vim nixpkgs.gnumake nixpkgs.elan
#7 0.685 installing 'vim-9.2.0782'
#7 0.685 installing 'gnumake-4.4.1'
#7 0.685 installing 'elan-4.2.4'
#7 1.499 these 53 paths will be fetched (141.5 MiB download, 465.3 MiB unpacked):
#7 1.499   /nix/store/d1yiaq7bi8vrypdz8zx89lvlvc8w7m9b-acl-2.4.0
#7 1.499   /nix/store/jbj54csimxfzdysyikvyyakkiazahmy7-attr-2.6.0
#7 1.499   /nix/store/z3x2qxagi8wqfx9n59frhdyml7njr9z2-bash-5.3p15
#7 1.499   /nix/store/2v6yfrj5kcq2f5vqw63cr6c3d6i898qc-bash-interactive-5.3p15
#7 1.499   /nix/store/bii425l899y52i6rv7zd1yq738rrha1m-binutils-2.46
#7 1.499   /nix/store/9yv0mrlndlqr4ygcs100p8304rxka3ld-binutils-2.46-lib
#7 1.499   /nix/store/k9v0hzrbc3i9d2qds2cbaqqf0i2990ck-binutils-wrapper-2.46
#7 1.499   /nix/store/ix8ij52ljmbsk8p96k265flzp3lzadwa-brotli-1.2.0-lib
#7 1.499   /nix/store/85k56vdxxb75xmgvxj4zhaawyafkchwh-coreutils-9.11
#7 1.499   /nix/store/4m2zy0glpqrj0pl4hmycid216l7racp7-curl-8.21.0
#7 1.499   /nix/store/pkf1isv8s8rjihy5fv3v336bqbk7l7y7-elan-4.2.4
#7 1.499   /nix/store/y4iw5yjqj2l0wfx4myscs5apd7c9xs3x-expand-response-params
#7 1.499   /nix/store/nvqk2byynxb9gqnbrp49cgv2ym7ridd5-gawk-5.4.1
#7 1.499   /nix/store/pbhbzkcvlr4h63bh9w0hin5sbflqdg08-gcc-15.3.0
#7 1.499   /nix/store/60afk5jlqmx8xh5pr76j7j8vdrhwzrmv-gcc-15.3.0-lib
#7 1.499   /nix/store/w7dbq2jaa5r43k751jdfkfnwbas10vr8-gcc-15.3.0-libgcc
#7 1.499   /nix/store/bv4iz5h4bsy9ivn45c71j78m8rq233ss-gcc-wrapper-15.3.0
#7 1.499   /nix/store/6wjykzqf6w3kzfhjc4z7dcd84j0dzsgm-glibc-2.42-84
#7 1.499   /nix/store/kq3smp43qn06743llcpzigbv6zh817jh-glibc-2.42-84-bin
#7 1.499   /nix/store/fsm5ifr5khlqjj54j026c3akbhp1q0gj-glibc-2.42-84-dev
#7 1.499   /nix/store/w64z5814n453zk85hvwpdvqr1ywyj5ya-gmp-6.3.0
#7 1.499   /nix/store/35n0fkfxgps5l598q0ffim7531icsqr5-gmp-with-cxx-6.3.0
#7 1.499   /nix/store/hzxxkxr2lmlphhybvmwc7v2gcs5cpvgf-gnugrep-3.12
#7 1.499   /nix/store/clk5g7jn42zc3ydwz2xrv50wjvswh2j7-gnumake-4.4.1
#7 1.499   /nix/store/6ay3jj11iqkbab7309vssz67r6mr0c0p-gnumake-4.4.1-debug
#7 1.499   /nix/store/r1a35igf2l6b6r02qvpiayfsw3nssi2w-gnumake-4.4.1-doc
#7 1.499   /nix/store/mvl7q4ww27zhlcbgq4fbn68h3ms76isa-gnumake-4.4.1-info
#7 1.499   /nix/store/aqbbbk5k348k0g1nfv15153rvdmml3dh-gnumake-4.4.1-man
#7 1.499   /nix/store/2h0dn3g9smwfywmax9kpy80g8k4h93z5-isl-0.20
#7 1.499   /nix/store/3q2iy0705nk2w87f2kji7l3vzgv8992f-keyutils-1.6.3-lib
#7 1.499   /nix/store/bh63g8kcpm12qxmm5l3jf3c62vbnfhhj-krb5-1.22.2-lib
#7 1.499   /nix/store/lq5dy7clx12d63rp6yz8zwwpk8qdf736-libidn2-2.3.8
#7 1.499   /nix/store/a2232fvjsnn1f9la5s12cnaqh23pz345-libmpc-1.4.1
#7 1.499   /nix/store/zg9sk68biw0j0mhzd427hbk0p5w3vrf6-libpsl-0.21.5
#7 1.499   /nix/store/xr4l4bakpsry84bh0gi0v14c2bx8p3j1-libssh2-1.11.1
#7 1.499   /nix/store/q7mfklgx6r8bm2ybkv0rj3vsgl71b1hf-libunistring-1.4.2
#7 1.499   /nix/store/50lrpigm0k10lkmwsm04078fpa8arl38-linux-headers-7.1
#7 1.499   /nix/store/0avnvyc7pkcr4pjqws7hwpy87m6wlnjc-make-4.4.1.tar.gz
#7 1.499   /nix/store/m5p664ybq6fmzacx9ifc38iw3wjbgwhd-mpfr-4.2.2
#7 1.499   /nix/store/s2a5cmk71qpzk4lj4dcfzcz1qk62fnkq-ncurses-6.6
#7 1.499   /nix/store/iggjz5cp09f6ajzjpxsrif0ci4iwqd4k-nghttp2-1.70.0-lib
#7 1.499   /nix/store/ipwhy6qh7p125nn2q0ww04afn4bgg449-nghttp3-1.16.0
#7 1.499   /nix/store/66hkvrwyflx31i7r2dwfswc3dj4az658-ngtcp2-1.23.0
#7 1.499   /nix/store/p1vfajlmwzkk8hrbdmb21gdp95kvds7r-openssl-3.6.3
#7 1.499   /nix/store/0ilfyzqa907lj2bjg42qc30qr45nhwcn-patchelf-0.15.2
#7 1.499   /nix/store/msplm30h8m9krlsxnjzb4654hcqfl5g5-pcre2-10.47
#7 1.499   /nix/store/ah7c4r1q57f3n7z942klq2lvsc67rvdq-publicsuffix-list-0-unstable-2026-08-14
#7 1.499   /nix/store/q8y3nbbg1qa25x6mlaww9nkmqji76d7l-readline-8.3p3
#7 1.499   /nix/store/z3g1dc5ldspc5ychmxcv7cnprfqza8p6-vim-9.2.0782
#7 1.499   /nix/store/89fnxqb797sy5plwix903gd79936p11k-vim-9.2.0782-xxd
#7 1.499   /nix/store/h46id9241lp1g4zprx23fg6489x14lqb-xgcc-15.3.0-libgcc
#7 1.499   /nix/store/4my1cjkysivszznv4342x12r3z2pwdpl-zlib-1.3.2
#7 1.499   /nix/store/n61nc0cr8qmrb4923k82a26qvixpk0b8-zstd-1.5.7
#7 1.500 copying path '/nix/store/r1a35igf2l6b6r02qvpiayfsw3nssi2w-gnumake-4.4.1-doc' from 'https://cache.nixos.org'...
#7 1.500 copying path '/nix/store/mvl7q4ww27zhlcbgq4fbn68h3ms76isa-gnumake-4.4.1-info' from 'https://cache.nixos.org'...
#7 1.500 copying path '/nix/store/aqbbbk5k348k0g1nfv15153rvdmml3dh-gnumake-4.4.1-man' from 'https://cache.nixos.org'...
#7 1.502 copying path '/nix/store/0avnvyc7pkcr4pjqws7hwpy87m6wlnjc-make-4.4.1.tar.gz' from 'https://cache.nixos.org'...
#7 1.504 copying path '/nix/store/w7dbq2jaa5r43k751jdfkfnwbas10vr8-gcc-15.3.0-libgcc' from 'https://cache.nixos.org'...
#7 1.504 copying path '/nix/store/h46id9241lp1g4zprx23fg6489x14lqb-xgcc-15.3.0-libgcc' from 'https://cache.nixos.org'...
#7 1.505 copying path '/nix/store/q7mfklgx6r8bm2ybkv0rj3vsgl71b1hf-libunistring-1.4.2' from 'https://cache.nixos.org'...
#7 1.505 copying path '/nix/store/50lrpigm0k10lkmwsm04078fpa8arl38-linux-headers-7.1' from 'https://cache.nixos.org'...
#7 1.505 copying path '/nix/store/ah7c4r1q57f3n7z942klq2lvsc67rvdq-publicsuffix-list-0-unstable-2026-08-14' from 'https://cache.nixos.org'...
#7 1.645 copying path '/nix/store/lq5dy7clx12d63rp6yz8zwwpk8qdf736-libidn2-2.3.8' from 'https://cache.nixos.org'...
#7 1.676 copying path '/nix/store/6wjykzqf6w3kzfhjc4z7dcd84j0dzsgm-glibc-2.42-84' from 'https://cache.nixos.org'...
#7 1.909 copying path '/nix/store/d1yiaq7bi8vrypdz8zx89lvlvc8w7m9b-acl-2.4.0' from 'https://cache.nixos.org'...
#7 1.909 copying path '/nix/store/jbj54csimxfzdysyikvyyakkiazahmy7-attr-2.6.0' from 'https://cache.nixos.org'...
#7 1.909 copying path '/nix/store/z3x2qxagi8wqfx9n59frhdyml7njr9z2-bash-5.3p15' from 'https://cache.nixos.org'...
#7 1.909 copying path '/nix/store/ix8ij52ljmbsk8p96k265flzp3lzadwa-brotli-1.2.0-lib' from 'https://cache.nixos.org'...
#7 1.909 copying path '/nix/store/y4iw5yjqj2l0wfx4myscs5apd7c9xs3x-expand-response-params' from 'https://cache.nixos.org'...
#7 1.909 copying path '/nix/store/w64z5814n453zk85hvwpdvqr1ywyj5ya-gmp-6.3.0' from 'https://cache.nixos.org'...
#7 1.909 copying path '/nix/store/nvqk2byynxb9gqnbrp49cgv2ym7ridd5-gawk-5.4.1' from 'https://cache.nixos.org'...
#7 1.909 copying path '/nix/store/zg9sk68biw0j0mhzd427hbk0p5w3vrf6-libpsl-0.21.5' from 'https://cache.nixos.org'...
#7 1.909 copying path '/nix/store/clk5g7jn42zc3ydwz2xrv50wjvswh2j7-gnumake-4.4.1' from 'https://cache.nixos.org'...
#7 1.909 copying path '/nix/store/kq3smp43qn06743llcpzigbv6zh817jh-glibc-2.42-84-bin' from 'https://cache.nixos.org'...
#7 1.909 copying path '/nix/store/3q2iy0705nk2w87f2kji7l3vzgv8992f-keyutils-1.6.3-lib' from 'https://cache.nixos.org'...
#7 1.910 copying path '/nix/store/iggjz5cp09f6ajzjpxsrif0ci4iwqd4k-nghttp2-1.70.0-lib' from 'https://cache.nixos.org'...
#7 1.910 copying path '/nix/store/s2a5cmk71qpzk4lj4dcfzcz1qk62fnkq-ncurses-6.6' from 'https://cache.nixos.org'...
#7 1.910 copying path '/nix/store/p1vfajlmwzkk8hrbdmb21gdp95kvds7r-openssl-3.6.3' from 'https://cache.nixos.org'...
#7 1.910 copying path '/nix/store/60afk5jlqmx8xh5pr76j7j8vdrhwzrmv-gcc-15.3.0-lib' from 'https://cache.nixos.org'...
#7 1.910 copying path '/nix/store/ipwhy6qh7p125nn2q0ww04afn4bgg449-nghttp3-1.16.0' from 'https://cache.nixos.org'...
#7 1.927 copying path '/nix/store/89fnxqb797sy5plwix903gd79936p11k-vim-9.2.0782-xxd' from 'https://cache.nixos.org'...
#7 1.928 copying path '/nix/store/4my1cjkysivszznv4342x12r3z2pwdpl-zlib-1.3.2' from 'https://cache.nixos.org'...
#7 1.932 copying path '/nix/store/msplm30h8m9krlsxnjzb4654hcqfl5g5-pcre2-10.47' from 'https://cache.nixos.org'...
#7 1.941 copying path '/nix/store/2h0dn3g9smwfywmax9kpy80g8k4h93z5-isl-0.20' from 'https://cache.nixos.org'...
#7 1.941 copying path '/nix/store/m5p664ybq6fmzacx9ifc38iw3wjbgwhd-mpfr-4.2.2' from 'https://cache.nixos.org'...
#7 2.028 copying path '/nix/store/fsm5ifr5khlqjj54j026c3akbhp1q0gj-glibc-2.42-84-dev' from 'https://cache.nixos.org'...
#7 2.035 copying path '/nix/store/9yv0mrlndlqr4ygcs100p8304rxka3ld-binutils-2.46-lib' from 'https://cache.nixos.org'...
#7 2.037 copying path '/nix/store/6ay3jj11iqkbab7309vssz67r6mr0c0p-gnumake-4.4.1-debug' from 'https://cache.nixos.org'...
#7 2.099 copying path '/nix/store/a2232fvjsnn1f9la5s12cnaqh23pz345-libmpc-1.4.1' from 'https://cache.nixos.org'...
#7 2.107 copying path '/nix/store/hzxxkxr2lmlphhybvmwc7v2gcs5cpvgf-gnugrep-3.12' from 'https://cache.nixos.org'...
#7 2.115 copying path '/nix/store/q8y3nbbg1qa25x6mlaww9nkmqji76d7l-readline-8.3p3' from 'https://cache.nixos.org'...
#7 2.226 copying path '/nix/store/2v6yfrj5kcq2f5vqw63cr6c3d6i898qc-bash-interactive-5.3p15' from 'https://cache.nixos.org'...
#7 2.245 copying path '/nix/store/bii425l899y52i6rv7zd1yq738rrha1m-binutils-2.46' from 'https://cache.nixos.org'...
#7 2.245 copying path '/nix/store/pbhbzkcvlr4h63bh9w0hin5sbflqdg08-gcc-15.3.0' from 'https://cache.nixos.org'...
#7 2.245 copying path '/nix/store/n61nc0cr8qmrb4923k82a26qvixpk0b8-zstd-1.5.7' from 'https://cache.nixos.org'...
#7 2.245 copying path '/nix/store/35n0fkfxgps5l598q0ffim7531icsqr5-gmp-with-cxx-6.3.0' from 'https://cache.nixos.org'...
#7 2.246 copying path '/nix/store/0ilfyzqa907lj2bjg42qc30qr45nhwcn-patchelf-0.15.2' from 'https://cache.nixos.org'...
#7 2.271 copying path '/nix/store/bh63g8kcpm12qxmm5l3jf3c62vbnfhhj-krb5-1.22.2-lib' from 'https://cache.nixos.org'...
#7 2.271 copying path '/nix/store/xr4l4bakpsry84bh0gi0v14c2bx8p3j1-libssh2-1.11.1' from 'https://cache.nixos.org'...
#7 2.271 copying path '/nix/store/66hkvrwyflx31i7r2dwfswc3dj4az658-ngtcp2-1.23.0' from 'https://cache.nixos.org'...
#7 2.312 copying path '/nix/store/z3g1dc5ldspc5ychmxcv7cnprfqza8p6-vim-9.2.0782' from 'https://cache.nixos.org'...
#7 2.339 copying path '/nix/store/85k56vdxxb75xmgvxj4zhaawyafkchwh-coreutils-9.11' from 'https://cache.nixos.org'...
#7 2.464 copying path '/nix/store/4m2zy0glpqrj0pl4hmycid216l7racp7-curl-8.21.0' from 'https://cache.nixos.org'...
#7 2.959 copying path '/nix/store/k9v0hzrbc3i9d2qds2cbaqqf0i2990ck-binutils-wrapper-2.46' from 'https://cache.nixos.org'...
#7 4.742 copying path '/nix/store/bv4iz5h4bsy9ivn45c71j78m8rq233ss-gcc-wrapper-15.3.0' from 'https://cache.nixos.org'...
#7 4.758 copying path '/nix/store/pkf1isv8s8rjihy5fv3v336bqbk7l7y7-elan-4.2.4' from 'https://cache.nixos.org'...
#7 4.885 building '/nix/store/aqmvp36akky7n9s3izx2pnbmj8agvg8f-user-environment.drv'...
#7 DONE 5.7s

#8 [ 4/14] RUN echo 'lean4lean:;git clone https://github.com/digama0/lean4lean.git' > Makefile
#8 DONE 1.1s

#9 [ 5/14] RUN echo 'lean4lean/.lake/build:lean4lean;cd lean4lean && lake build' >> Makefile
#9 DONE 0.1s

#10 [ 6/14] RUN echo '#!/root/.nix-profile/bin/sh' > theory.sh
#10 DONE 0.2s

#11 [ 7/14] RUN echo 'make lean4lean/.lake/build' >> theory.sh
#11 DONE 0.1s

#12 [ 8/14] RUN echo 'cd /lean4lean/Lean4Lean/Theory/' >> theory.sh
#12 DONE 0.2s

#13 [ 9/14] RUN echo 'lake env /lean4lean/.lake/build/bin/lean4lean --verbose' >> theory.sh
#13 DONE 0.2s

#14 [10/14] RUN echo '#!/root/.nix-profile/bin/sh' > verify.sh
#14 DONE 0.1s

#15 [11/14] RUN echo 'make lean4lean/.lake/build' >> verify.sh
#15 DONE 0.2s

#16 [12/14] RUN echo 'cd /lean4lean/Lean4Lean/Verify/' >> verify.sh
#16 DONE 0.1s

#17 [13/14] RUN echo 'lake env /lean4lean/.lake/build/bin/lean4lean --verbose' >> verify.sh
#17 DONE 0.1s

#18 [14/14] RUN chmod +x theory.sh verify.sh
#18 DONE 0.2s

#19 exporting to image
#19 exporting layers
#19 exporting layers 16.1s done
#19 exporting manifest sha256:343411dcc607fdb6e31198326efb37d07103a39722ffa2023e36705a0305ece1 done
#19 exporting config sha256:3730719f1e784c1ae2645682b3aac66a2fb277b8dfebf79d464640523fe91e77 done
#19 exporting attestation manifest sha256:b03b3fc2627be1927133ab98017d94b6e03fa30ace297dea059456fe25c8d306 done
#19 exporting manifest list sha256:7c7d929e731b87889853f4783d00b4a3dfb5624b353f29fde43eb97ac38e52fd done
#19 naming to docker.io/library/lean4lean-review-dev:latest done
#19 unpacking to docker.io/library/lean4lean-review-dev:latest
#19 unpacking to docker.io/library/lean4lean-review-dev:latest 10.6s done
#19 DONE 26.8s

#20 resolving provenance for metadata file
#20 DONE 0.0s
