#1 [internal] load local bake definitions
#1 reading from stdin 540B done
#1 DONE 0.0s

#2 [internal] load build definition from Dockerfile
#2 transferring dockerfile: 381B done
#2 DONE 0.0s

#3 [internal] load metadata for docker.io/nixos/nix:2.35.2-arm64
#3 DONE 0.6s

#4 [internal] load .dockerignore
#4 transferring context: 2B done
#4 DONE 0.0s

#5 [1/7] FROM docker.io/nixos/nix:2.35.2-arm64@sha256:a326ac1ed46069ead5cdcba3a3a1e7255ebf72300c8319bf2c12cacfe9ab2787
#5 resolve docker.io/nixos/nix:2.35.2-arm64@sha256:a326ac1ed46069ead5cdcba3a3a1e7255ebf72300c8319bf2c12cacfe9ab2787 0.0s done
#5 DONE 0.7s

#5 [1/7] FROM docker.io/nixos/nix:2.35.2-arm64@sha256:a326ac1ed46069ead5cdcba3a3a1e7255ebf72300c8319bf2c12cacfe9ab2787
#5 extracting sha256:dd4fc10d28da220fd3460a159b5552c1fff4a9b6cddb1335d8d5685eb1a7faec 0.0s done
#5 extracting sha256:abc4c827fa890d30f859769cd78357c641432020d3b7f4c49c1f3959ec7df66b done
#5 extracting sha256:acefc225d47b97278a22a6a5c8696a1738d53101e1b787032ca711fb58fa1989 0.0s done
#5 extracting sha256:7bd88b4b644e2eac715c425ce34220e74a00debc5509ba0f2c2f6c5a62d5f737
#5 extracting sha256:7bd88b4b644e2eac715c425ce34220e74a00debc5509ba0f2c2f6c5a62d5f737 0.2s done
#5 DONE 0.9s

#5 [1/7] FROM docker.io/nixos/nix:2.35.2-arm64@sha256:a326ac1ed46069ead5cdcba3a3a1e7255ebf72300c8319bf2c12cacfe9ab2787
#5 extracting sha256:1f63c3ea4e2ea0315133022604499d7fb3cefce1b404da5f7c86db8f296b12fc done
#5 extracting sha256:ec8613b65eebd5ad069ea684089a5b75354eb3d018d84483791c980778491405 done
#5 extracting sha256:9d3c925f77d5440db2b743460ec10982ecc8c8a6a91da05071812d58cf200ee9 0.0s done
#5 extracting sha256:c4e98292b1fa031344cc0016838e2bd10b39731e1d9e02b08a61c247d6098ddd done
#5 extracting sha256:7a985925cdd81f422af1076c47a38f734e8d593ffc148197af42cf9f3e227d42 done
#5 extracting sha256:ac3ea39794babdfe9bc337d566be5a9c0fe3404c250e13c3ffec11ab7c0df2d4 0.0s done
#5 extracting sha256:c825e7983f22ff9d11c793cbbb1a3e533a6a48acd4be83ab9d0d2cc25da8aa3b done
#5 extracting sha256:a0d0c76812c30a606bc6e25d37c2c70a47290a6634a18d83df510cae2e97700b 0.0s done
#5 extracting sha256:6cc63f97292a60b8b7bcc258d2afd32ef733306e2f223a02ebc312f2f63226bf 0.0s done
#5 DONE 1.0s

#5 [1/7] FROM docker.io/nixos/nix:2.35.2-arm64@sha256:a326ac1ed46069ead5cdcba3a3a1e7255ebf72300c8319bf2c12cacfe9ab2787
#5 extracting sha256:c425e106de4176258fb2923a8970f404dd286f55f225561a164f5264d4128b31 0.0s done
#5 extracting sha256:067fc9c3bb585f7544747cfb7d824701c9de8d533d0f4fed1ab3b7c3103a779f 0.0s done
#5 extracting sha256:6a3d135f7884e2f7c8ebcb727636fa33adafe50af35e11336b50abc1a391b4af 0.0s done
#5 extracting sha256:6a7b09e47becefbc3bdded65867e13139da9b2cc448d87743a2b9b3b04a3c673 0.0s done
#5 extracting sha256:1fe9ba8f5ddc2e0ff9fcf14f3dcdb4ba1d9ba6d0ce8e729a4e17fe4602d7318e 0.0s done
#5 extracting sha256:90b9f965738b4dfbb6943873d426de85254438de23dbf0fa9d57da138f86b360 0.0s done
#5 extracting sha256:ce19a082514150cf424265d7eef35cce6d1f8ea99e3e115397b35a607fad5081 0.0s done
#5 DONE 1.1s

#5 [1/7] FROM docker.io/nixos/nix:2.35.2-arm64@sha256:a326ac1ed46069ead5cdcba3a3a1e7255ebf72300c8319bf2c12cacfe9ab2787
#5 extracting sha256:474a8b2f7692fd76e4808cef8cf7ad70fe9388f7de09fa68e1993fb8a9e3488c 0.0s done
#5 extracting sha256:ddb36b5ebcc9246754480acdbd6244eb0d4c5c2b868f501b1fd69808aa14245b 0.0s done
#5 extracting sha256:b639326b416f4cfc67f00688b5fdd5db8e574ef76150354ce3b0f97d522610a8
#5 extracting sha256:b639326b416f4cfc67f00688b5fdd5db8e574ef76150354ce3b0f97d522610a8 0.2s done
#5 extracting sha256:af61c90126ae28cc8fcd4c9860e416c8eae42327bc9cb9d6652f54ea8f4ac090
#5 extracting sha256:af61c90126ae28cc8fcd4c9860e416c8eae42327bc9cb9d6652f54ea8f4ac090 0.0s done
#5 extracting sha256:413293a299767fab961f1327da944fd96f6e2df0ad2318b909b309849f375fac 0.0s done
#5 extracting sha256:80dc758210e430d20a4b80b2f4030a045b62672845e905d4039af819c58ff237 0.0s done
#5 DONE 1.5s

#5 [1/7] FROM docker.io/nixos/nix:2.35.2-arm64@sha256:a326ac1ed46069ead5cdcba3a3a1e7255ebf72300c8319bf2c12cacfe9ab2787
#5 extracting sha256:e1c3ce236952af1176fee0a24027a671ebd37782642b4413c68ac47546d63ad9 done
#5 extracting sha256:57689ae9714362baca9c9cd3f0e404c9cb752c6620ea6f74e22e28921d563e2a 0.0s done
#5 extracting sha256:0f672272f4695dbc46ff413634c4d9ccb680e3bc30a8ded170e17e99a40ceb40 done
#5 extracting sha256:6a8ca79d5c33deaff5efebe7e025ab4a7fee7bfc8fd717dfee96468c0bd1b727 done
#5 extracting sha256:bc014b78003c43bb490f5275a594cc39a4776024910330153af92caaa0aa7737 done
#5 extracting sha256:fcd866a55694b6b92f61393ae409c9cc967dccd92220fdc4c2e3b11e535ecfcc 0.0s done
#5 extracting sha256:053340c90b445d1c54dcdba140693340d2e033e0e85a566f1782a7b44b9905c7 done
#5 extracting sha256:8a326beff6e6121adcbda04c5b621ef48365fe03ed7abaa2a553109a59dcca62 done
#5 DONE 1.6s

#5 [1/7] FROM docker.io/nixos/nix:2.35.2-arm64@sha256:a326ac1ed46069ead5cdcba3a3a1e7255ebf72300c8319bf2c12cacfe9ab2787
#5 extracting sha256:8a417f1d836f61e046be103754aa04f09e5a43f3cc76b3b3260a1255ed4d3c14 0.0s done
#5 extracting sha256:61b32723e6b5676429e6353b537457969e9904f25a61dd6df40201b039ee5032 0.0s done
#5 extracting sha256:54d5b9d6b0a5552967249831449ac1d16afb9bfd757c4f73a0c741479762ba6b 0.0s done
#5 extracting sha256:3284550c6bfbe38355e2eb7a86d70c0083e13067685b3e7a71707dee69b9bcb0 0.0s done
#5 extracting sha256:324eabcf115d5689ae87038ec496aa51a9dd389d1fe491a7395ea9e7e6519c03 0.0s done
#5 extracting sha256:f67b67791df55557c06d69418a5e9387ee86d48ed53d53ab006a9b6b55a90c65 0.0s done
#5 extracting sha256:85aace6b93d730b13bb629a48791d7d753afc53b9de377563ac690763e4b212b 0.0s done
#5 extracting sha256:d40d0598966f9e2deb4cd541b136885436b15dd17f74167d9f7aec71d0d3823b
#5 extracting sha256:d40d0598966f9e2deb4cd541b136885436b15dd17f74167d9f7aec71d0d3823b 0.0s done
#5 extracting sha256:378fb77f94a06390e2123abfabb9dc205e12674c894e43b89610890fb831a7b8 0.1s done
#5 extracting sha256:f6e40632aa3379deb5b8a3b6030092c99ee1356d42ea5aa73cf65473a3d277f0 done
#5 extracting sha256:13fbdea40a2afe2d878de99d293c91edfaf1a8473c0c62d545e3430fb9980318 0.0s done
#5 DONE 1.8s

#5 [1/7] FROM docker.io/nixos/nix:2.35.2-arm64@sha256:a326ac1ed46069ead5cdcba3a3a1e7255ebf72300c8319bf2c12cacfe9ab2787
#5 extracting sha256:17cf3601d171d6c44f3389a8d623c3a90e39e80722a44ccd60d5160d11640284 0.0s done
#5 extracting sha256:7fb94c58bbba6dcf60cfdcab108ec2178d1b6828ada44f938759f9ce9b10de68 0.1s done
#5 extracting sha256:bc923b96ca60626a4648588bc1bd36bbee2cc90fd382c113e2f7a699a629b264 0.0s done
#5 DONE 1.9s

#5 [1/7] FROM docker.io/nixos/nix:2.35.2-arm64@sha256:a326ac1ed46069ead5cdcba3a3a1e7255ebf72300c8319bf2c12cacfe9ab2787
#5 extracting sha256:15796ce222ebda518f7410d21919ceae3bce5cdbc8baaee449f980254cd54d15 0.1s done
#5 extracting sha256:e3ebe038ac7a55b00c535b8612904f9be409a5e2a6824fdd35f9f6dde9f53567 0.0s done
#5 extracting sha256:a983d6b13248a687f2c25fa7ce5adb8e5801593fd8c6d6c7596743817febf2e9 0.1s done
#5 DONE 2.0s

#5 [1/7] FROM docker.io/nixos/nix:2.35.2-arm64@sha256:a326ac1ed46069ead5cdcba3a3a1e7255ebf72300c8319bf2c12cacfe9ab2787
#5 extracting sha256:133f8478b58841c62b5e7e6bdaefa4db57de8b619b756665fe3242f065ce676a 0.0s done
#5 extracting sha256:c7fabe2b744c29435f330fdb49a921466f04dc57b9962d8e533c5126d37ee3f8 0.0s done
#5 extracting sha256:b573c2c5a5ff0b60b9aa16091e508a1a19dc5df0fa020a0bb0266698a42f8ac2 0.0s done
#5 extracting sha256:301473849ae3963c34faacb48db8c0c74d84f28dcaa8910de922717addb37bf4 0.1s done
#5 DONE 2.2s

#5 [1/7] FROM docker.io/nixos/nix:2.35.2-arm64@sha256:a326ac1ed46069ead5cdcba3a3a1e7255ebf72300c8319bf2c12cacfe9ab2787
#5 extracting sha256:272a6e77084eaef4ffbdc245d57fceb064b49d0959bb8b723bef49f16b2f8976 0.0s done
#5 extracting sha256:ac139420e589e4ec4fa4b0ba6009dba9d105956dbf7a6014679899b1bef4ca9c 0.1s done
#5 DONE 2.3s

#5 [1/7] FROM docker.io/nixos/nix:2.35.2-arm64@sha256:a326ac1ed46069ead5cdcba3a3a1e7255ebf72300c8319bf2c12cacfe9ab2787
#5 extracting sha256:59d052a88fd1189b1f91cffa879bca4ac28a16061334cec858ad9a6e5fc56816 0.0s done
#5 extracting sha256:3d95c9a4454b597f619fe08bbcb6e002d56462b4f459878d31fdd1c10cd64962 0.0s done
#5 extracting sha256:b4ef0b13ae93b59bdc247cd41dd2ea5ea8a9c54eb7f50d8980ce442938ef397f 0.0s done
#5 extracting sha256:d470c95ccdb4b6dba844e89ad9f622f826335b8b7320917c2a2d7c18da1b8ca9
#5 extracting sha256:d470c95ccdb4b6dba844e89ad9f622f826335b8b7320917c2a2d7c18da1b8ca9 0.0s done
#5 extracting sha256:f6b06e11399c0f3fb8d9e3f848a1d31753f4069974e40f3ff5e1da3f48f34df3 0.0s done
#5 extracting sha256:68e20130cf9d3f6c161bf6ae909a1b17c204d16def1943aa9dd22899a08000b8 done
#5 extracting sha256:20c3379a82cd6e6ee50afe48a390b8a4181bbdbfc3d02f247cf45d039d0a869a 0.0s done
#5 extracting sha256:dd34b1beb664c71dadeabcf8c3db178fd89d3a4631998dfb4c8dc08e3f54ccac 0.0s done
#5 extracting sha256:c46834362b74345a52dbf11aa700eab09280a0473f0eeba92e9b6b49c709243d
#5 extracting sha256:c46834362b74345a52dbf11aa700eab09280a0473f0eeba92e9b6b49c709243d 0.3s done
#5 extracting sha256:683ddd90644340f5fe39df753858cc93b482d7cc494f12ef1ceebca8ffa0dc81
#5 extracting sha256:683ddd90644340f5fe39df753858cc93b482d7cc494f12ef1ceebca8ffa0dc81 10.3s done
#5 DONE 13.1s

#5 [1/7] FROM docker.io/nixos/nix:2.35.2-arm64@sha256:a326ac1ed46069ead5cdcba3a3a1e7255ebf72300c8319bf2c12cacfe9ab2787
#5 extracting sha256:9dbf2cea91b0acd30c394b974cc0783ee5e8db8254f3c2d8ec62f7de4eaca0cd
#5 extracting sha256:9dbf2cea91b0acd30c394b974cc0783ee5e8db8254f3c2d8ec62f7de4eaca0cd 0.2s done
#5 DONE 13.3s

#5 [1/7] FROM docker.io/nixos/nix:2.35.2-arm64@sha256:a326ac1ed46069ead5cdcba3a3a1e7255ebf72300c8319bf2c12cacfe9ab2787
#5 extracting sha256:36836656a81423c9b0f73188d3b95f82dde829919aa225d4da56baf2967c54f3 0.0s done
#5 DONE 13.3s

#6 [2/7] RUN nix-channel --update
#6 4.056 unpacking 1 channels...
#6 DONE 20.4s

#7 [3/7] RUN echo 'experimental-features = nix-command flakes' >> /etc/nix/nix.conf
#7 DONE 0.7s

#8 [4/7] RUN nix profile add github:NixOS/nixpkgs/master#pi-coding-agent
#8 1.241 unpacking 'github:NixOS/nixpkgs/30d95ac3018ab7d9fb49b9a6dc10ed52a86d959d' into the Git cache...
#8 16.32 these 69 paths will be fetched (103.2 MiB download, 422.3 MiB unpacked):
#8 16.32   /nix/store/dbg80gl4h1ykn150lnslbs2jf8nb6sip-acl-2.4.0
#8 16.32   /nix/store/d2njw2ndbykq38s15m51s5b68pz2pywq-ada-4.0.0
#8 16.32   /nix/store/pjpkdh7hx8jgcwam3hjrvxj3j9d917i8-ada-4.0.0-dev
#8 16.32   /nix/store/75w7w1lclaylyr85sg8865hwsanvhz2h-attr-2.6.0
#8 16.32   /nix/store/mwhkh9l5j5z6mkk83k22rjhx6lxgqh85-bash-5.3p15
#8 16.32   /nix/store/wgxz9zr5a70v52nkqinbarf56f1c5jsi-bash-interactive-5.3p15
#8 16.32   /nix/store/0ck2q3xzrl0f00ri3gfaqnxgq51pq72f-brotli-1.2.0
#8 16.32   /nix/store/rlfnslpl503gsd57gma8k0w4ym468dx6-brotli-1.2.0-dev
#8 16.32   /nix/store/gg00qwxck8ddxr98x2yizdsw8m540p42-brotli-1.2.0-lib
#8 16.32   /nix/store/gi1i3mml7w84966ad3zwxc2x9vgs4zy7-c-ares-1.34.8
#8 16.32   /nix/store/h5r600bqiz2isls596ykm0phbpv0kzk0-c-ares-1.34.8
#8 16.32   /nix/store/3vykrwvqlgzvsk87fyqmi778z9xn50m4-c-ares-1.34.8-dev
#8 16.32   /nix/store/dq1apsyiah48nmc4n45dpwc33k887hdn-coreutils-9.11
#8 16.32   /nix/store/09w3qz2zfj2libm9x42w65wpa6syzdgn-fd-10.5.0
#8 16.32   /nix/store/na9inwswsrgxxqpqrz3ms78qn7pyxg44-gcc-16.2.0-lib
#8 16.32   /nix/store/bylbi6s4mq0gxrw4fwawbhw3ffzhpllf-gcc-16.2.0-libgcc
#8 16.32   /nix/store/hx9wvdx2l59iahwf9nmrx7rwkm6cymgs-glibc-2.44-25
#8 16.32   /nix/store/qn78wss6bq6rhdwba0j8dsgzi64prnwj-gmp-with-cxx-6.3.0
#8 16.32   /nix/store/82643wb56lminz3a4b6gk92d2g4ydwks-gnugrep-3.12
#8 16.32   /nix/store/6ma05qr0g2l0cjy05iqqxblnkh5fz5s1-gtest-1.18.0
#8 16.32   /nix/store/6nvynb78xv4sb7jmmxi9s1iilhfd0yyv-gtest-1.18.0-dev
#8 16.32   /nix/store/1rvyy70b333w7jxda6jpf3fjzayqyamc-hdrhistogram_c-0.11.10
#8 16.32   /nix/store/gdhx6ypka8fq50kf479qpiqgqlsiq7wq-icu4c-78.3
#8 16.32   /nix/store/dl0wapybzl0vijnliafw4h6j6xanxwkw-icu4c-78.3-dev
#8 16.32   /nix/store/l13clvfaq0chhc0azqdp27djk1cn32zv-libev-4.33
#8 16.32   /nix/store/gxljc46qyjqzvhrnf5wk5ypyg73qv84n-libidn2-2.3.8
#8 16.32   /nix/store/d3xvwgga6f7mchrbvc77g3gap2yw1pd4-libunistring-1.4.2
#8 16.32   /nix/store/ag002afcmk9gdsv38vpm1kbhh1mxm6zi-libuv-1.52.1
#8 16.32   /nix/store/4n3mlp0w4dnb273fqd9j052y3ykfwv45-libuv-1.52.1-dev
#8 16.32   /nix/store/q2313p82v3nwnfab9nqgasz530iw5cxc-llhttp-9.4.3
#8 16.32   /nix/store/la7shckvcd5ngy44vd535ryl6mfq6pvv-llhttp-9.4.3-dev
#8 16.32   /nix/store/q59hfkam3ydj4zs7xg6bgy6bq0drlp41-merve-1.2.2
#8 16.32   /nix/store/6a8fkwp2923scm04csxc6q1d7bz7sgyv-merve-1.2.2-dev
#8 16.32   /nix/store/40qj62ny4r6dl036i0x3ybd30s3c3jws-nbytes-0.1.4
#8 16.32   /nix/store/daqa0rl5l80vxgmi03l2x6wpdf4r2ql1-nbytes-0.1.4-dev
#8 16.32   /nix/store/5l2pjvrbxby6yrl2k3g07sp28j2bxrzv-ncurses-6.6
#8 16.32   /nix/store/kgnsbgqd6wbfkk0w9ggsfmaphhfycdpw-nghttp2-1.70.0
#8 16.32   /nix/store/bvf03id3xxgkpkw2ay29j5k6hcqivgk7-nghttp2-1.70.0-dev
#8 16.32   /nix/store/6pv315yv0ccxd5h26zhj0i6mgn7q3brj-nghttp2-1.70.0-lib
#8 16.32   /nix/store/2yvsxc147p0zgmb0fz701svp4ss7m3am-nghttp3-1.17.0
#8 16.32   /nix/store/08xbcm1nz0p9wjyl7c8lcsa4nli2wg26-nghttp3-1.17.0-dev
#8 16.32   /nix/store/cj6f94005924dcq8says7xgrmydfwzif-ngtcp2-1.23.0
#8 16.32   /nix/store/m28xvsp0sdvckkw63w9xyxn815v2d76m-ngtcp2-1.23.0-dev
#8 16.32   /nix/store/8lgcgi9riqm71v9ibjw5qjcwwr5nfm83-nodejs-24.21.0
#8 16.32   /nix/store/phkl7194mcixrzbkmiy6pq9mynm5c6bc-nodejs-slim-24.21.0
#8 16.32   /nix/store/sgc4xwfpr1scv2dp0fkz12hdk9sd7d4f-nodejs-slim-24.21.0-corepack
#8 16.32   /nix/store/cjkjn17wr5gqa8w6dhyq5m6msf6mcslv-nodejs-slim-24.21.0-npm
#8 16.32   /nix/store/db07pw9avlwysb3v68cfp9cijg2mmfns-openssl-3.5.8
#8 16.32   /nix/store/m9xpj129716c3dn7mcja91cb84mplpv9-openssl-3.5.8-bin
#8 16.32   /nix/store/bj6g7wwnxl0cyy0815myddqd5pgfmpf1-openssl-3.5.8-dev
#8 16.32   /nix/store/rcdkdkync4pgcdk38sxd6q7mkahp2861-pcre2-10.48
#8 16.32   /nix/store/k8rjpy12zcghi9qdwvqbgy7l1qvs6rqk-pi-coding-agent-1.0.4
#8 16.32   /nix/store/4av0n5zs4n8vk5allf6s4lig68crwl92-readline-8.3p3
#8 16.32   /nix/store/knhpzwcavw3d68lcq14f71d4ag8ykgz1-ripgrep-15.2.0
#8 16.32   /nix/store/rz4gisqkxa2d3jjbwq73y89awbz6d635-simdjson-4.6.8
#8 16.32   /nix/store/yggz9vgdf4bqn0c5d04z8lmi0kly0idb-simdjson-4.6.8-dev
#8 16.32   /nix/store/bc4x497lhqfiw4mj95f5ayjpdf8g81kx-simdutf-9.1.1
#8 16.32   /nix/store/2lyx0wc6ccabpdwpviksww3x5xhsmnvk-sqlite-3.53.3
#8 16.32   /nix/store/kw0mkd9znldi5l0s4jygygdh4p9sms8r-sqlite-3.53.3-bin
#8 16.32   /nix/store/74r7ps7mmjw10fl23xsgcp7ss09jrkjr-sqlite-3.53.3-dev
#8 16.32   /nix/store/wrjjl1zlwaf7v594zfhvh0a9pp5xq7q1-uvwasi-0.0.23
#8 16.32   /nix/store/nad36ah3djlwpb3c6snrznsi7ij5gw2m-uvwasi-0.0.23-dev
#8 16.32   /nix/store/ficwc08a9q1rigvr4jv9l3xsvmx3yfqn-xgcc-16.2.0-libgcc
#8 16.32   /nix/store/7d907izyink96xhqazkbw4wicvgkm76c-zlib-1.3.2
#8 16.32   /nix/store/xs601a79fywk3qwsz74gl66p7hv2p2sm-zlib-1.3.2-dev
#8 16.32   /nix/store/fryh69xlvrrfx4wcr3hz7ch9sqang640-zlib-1.3.2-static
#8 16.32   /nix/store/37pj113a0sm14a3c8mymvfrm6msfcy82-zstd-1.5.7
#8 16.32   /nix/store/gpa1zjqqs5p7bb5hwlrpkzy9fgvqhrpw-zstd-1.5.7-bin
#8 16.32   /nix/store/scbwh60gnm0k1hi6cmj61arzzi3qi3lh-zstd-1.5.7-dev
#8 16.33 copying path '/nix/store/bylbi6s4mq0gxrw4fwawbhw3ffzhpllf-gcc-16.2.0-libgcc' from 'https://cache.nixos.org'...
#8 16.33 copying path '/nix/store/ficwc08a9q1rigvr4jv9l3xsvmx3yfqn-xgcc-16.2.0-libgcc' from 'https://cache.nixos.org'...
#8 16.33 copying path '/nix/store/d3xvwgga6f7mchrbvc77g3gap2yw1pd4-libunistring-1.4.2' from 'https://cache.nixos.org'...
#8 16.33 copying path '/nix/store/fryh69xlvrrfx4wcr3hz7ch9sqang640-zlib-1.3.2-static' from 'https://cache.nixos.org'...
#8 16.48 copying path '/nix/store/gxljc46qyjqzvhrnf5wk5ypyg73qv84n-libidn2-2.3.8' from 'https://cache.nixos.org'...
#8 16.52 copying path '/nix/store/hx9wvdx2l59iahwf9nmrx7rwkm6cymgs-glibc-2.44-25' from 'https://cache.nixos.org'...
#8 17.44 copying path '/nix/store/dbg80gl4h1ykn150lnslbs2jf8nb6sip-acl-2.4.0' from 'https://cache.nixos.org'...
#8 17.44 copying path '/nix/store/mwhkh9l5j5z6mkk83k22rjhx6lxgqh85-bash-5.3p15' from 'https://cache.nixos.org'...
#8 17.44 copying path '/nix/store/gg00qwxck8ddxr98x2yizdsw8m540p42-brotli-1.2.0-lib' from 'https://cache.nixos.org'...
#8 17.44 copying path '/nix/store/75w7w1lclaylyr85sg8865hwsanvhz2h-attr-2.6.0' from 'https://cache.nixos.org'...
#8 17.44 copying path '/nix/store/h5r600bqiz2isls596ykm0phbpv0kzk0-c-ares-1.34.8' from 'https://cache.nixos.org'...
#8 17.44 copying path '/nix/store/gi1i3mml7w84966ad3zwxc2x9vgs4zy7-c-ares-1.34.8' from 'https://cache.nixos.org'...
#8 17.44 copying path '/nix/store/q2313p82v3nwnfab9nqgasz530iw5cxc-llhttp-9.4.3' from 'https://cache.nixos.org'...
#8 17.44 copying path '/nix/store/na9inwswsrgxxqpqrz3ms78qn7pyxg44-gcc-16.2.0-lib' from 'https://cache.nixos.org'...
#8 17.44 copying path '/nix/store/7d907izyink96xhqazkbw4wicvgkm76c-zlib-1.3.2' from 'https://cache.nixos.org'...
#8 17.44 copying path '/nix/store/rcdkdkync4pgcdk38sxd6q7mkahp2861-pcre2-10.48' from 'https://cache.nixos.org'...
#8 17.44 copying path '/nix/store/ag002afcmk9gdsv38vpm1kbhh1mxm6zi-libuv-1.52.1' from 'https://cache.nixos.org'...
#8 17.44 copying path '/nix/store/6pv315yv0ccxd5h26zhj0i6mgn7q3brj-nghttp2-1.70.0-lib' from 'https://cache.nixos.org'...
#8 17.44 copying path '/nix/store/2yvsxc147p0zgmb0fz701svp4ss7m3am-nghttp3-1.17.0' from 'https://cache.nixos.org'...
#8 17.44 copying path '/nix/store/l13clvfaq0chhc0azqdp27djk1cn32zv-libev-4.33' from 'https://cache.nixos.org'...
#8 17.44 copying path '/nix/store/db07pw9avlwysb3v68cfp9cijg2mmfns-openssl-3.5.8' from 'https://cache.nixos.org'...
#8 17.44 copying path '/nix/store/5l2pjvrbxby6yrl2k3g07sp28j2bxrzv-ncurses-6.6' from 'https://cache.nixos.org'...
#8 17.59 copying path '/nix/store/1rvyy70b333w7jxda6jpf3fjzayqyamc-hdrhistogram_c-0.11.10' from 'https://cache.nixos.org'...
#8 17.59 copying path '/nix/store/2lyx0wc6ccabpdwpviksww3x5xhsmnvk-sqlite-3.53.3' from 'https://cache.nixos.org'...
#8 17.59 copying path '/nix/store/kw0mkd9znldi5l0s4jygygdh4p9sms8r-sqlite-3.53.3-bin' from 'https://cache.nixos.org'...
#8 17.59 copying path '/nix/store/xs601a79fywk3qwsz74gl66p7hv2p2sm-zlib-1.3.2-dev' from 'https://cache.nixos.org'...
#8 17.60 copying path '/nix/store/3vykrwvqlgzvsk87fyqmi778z9xn50m4-c-ares-1.34.8-dev' from 'https://cache.nixos.org'...
#8 17.65 copying path '/nix/store/la7shckvcd5ngy44vd535ryl6mfq6pvv-llhttp-9.4.3-dev' from 'https://cache.nixos.org'...
#8 17.74 copying path '/nix/store/4n3mlp0w4dnb273fqd9j052y3ykfwv45-libuv-1.52.1-dev' from 'https://cache.nixos.org'...
#8 17.74 copying path '/nix/store/wrjjl1zlwaf7v594zfhvh0a9pp5xq7q1-uvwasi-0.0.23' from 'https://cache.nixos.org'...
#8 17.76 copying path '/nix/store/08xbcm1nz0p9wjyl7c8lcsa4nli2wg26-nghttp3-1.17.0-dev' from 'https://cache.nixos.org'...
#8 17.82 copying path '/nix/store/82643wb56lminz3a4b6gk92d2g4ydwks-gnugrep-3.12' from 'https://cache.nixos.org'...
#8 17.96 copying path '/nix/store/0ck2q3xzrl0f00ri3gfaqnxgq51pq72f-brotli-1.2.0' from 'https://cache.nixos.org'...
#8 18.00 copying path '/nix/store/nad36ah3djlwpb3c6snrznsi7ij5gw2m-uvwasi-0.0.23-dev' from 'https://cache.nixos.org'...
#8 18.06 copying path '/nix/store/4av0n5zs4n8vk5allf6s4lig68crwl92-readline-8.3p3' from 'https://cache.nixos.org'...
#8 18.23 copying path '/nix/store/rlfnslpl503gsd57gma8k0w4ym468dx6-brotli-1.2.0-dev' from 'https://cache.nixos.org'...
#8 18.40 copying path '/nix/store/wgxz9zr5a70v52nkqinbarf56f1c5jsi-bash-interactive-5.3p15' from 'https://cache.nixos.org'...
#8 18.60 copying path '/nix/store/6ma05qr0g2l0cjy05iqqxblnkh5fz5s1-gtest-1.18.0' from 'https://cache.nixos.org'...
#8 18.60 copying path '/nix/store/40qj62ny4r6dl036i0x3ybd30s3c3jws-nbytes-0.1.4' from 'https://cache.nixos.org'...
#8 18.60 copying path '/nix/store/qn78wss6bq6rhdwba0j8dsgzi64prnwj-gmp-with-cxx-6.3.0' from 'https://cache.nixos.org'...
#8 18.61 copying path '/nix/store/gdhx6ypka8fq50kf479qpiqgqlsiq7wq-icu4c-78.3' from 'https://cache.nixos.org'...
#8 18.61 copying path '/nix/store/rz4gisqkxa2d3jjbwq73y89awbz6d635-simdjson-4.6.8' from 'https://cache.nixos.org'...
#8 18.61 copying path '/nix/store/09w3qz2zfj2libm9x42w65wpa6syzdgn-fd-10.5.0' from 'https://cache.nixos.org'...
#8 18.61 copying path '/nix/store/knhpzwcavw3d68lcq14f71d4ag8ykgz1-ripgrep-15.2.0' from 'https://cache.nixos.org'...
#8 18.61 copying path '/nix/store/q59hfkam3ydj4zs7xg6bgy6bq0drlp41-merve-1.2.2' from 'https://cache.nixos.org'...
#8 18.61 copying path '/nix/store/bc4x497lhqfiw4mj95f5ayjpdf8g81kx-simdutf-9.1.1' from 'https://cache.nixos.org'...
#8 18.61 copying path '/nix/store/37pj113a0sm14a3c8mymvfrm6msfcy82-zstd-1.5.7' from 'https://cache.nixos.org'...
#8 18.62 copying path '/nix/store/74r7ps7mmjw10fl23xsgcp7ss09jrkjr-sqlite-3.53.3-dev' from 'https://cache.nixos.org'...
#8 18.78 copying path '/nix/store/kgnsbgqd6wbfkk0w9ggsfmaphhfycdpw-nghttp2-1.70.0' from 'https://cache.nixos.org'...
#8 18.78 copying path '/nix/store/cj6f94005924dcq8says7xgrmydfwzif-ngtcp2-1.23.0' from 'https://cache.nixos.org'...
#8 18.78 copying path '/nix/store/m9xpj129716c3dn7mcja91cb84mplpv9-openssl-3.5.8-bin' from 'https://cache.nixos.org'...
#8 18.86 copying path '/nix/store/gpa1zjqqs5p7bb5hwlrpkzy9fgvqhrpw-zstd-1.5.7-bin' from 'https://cache.nixos.org'...
#8 18.93 copying path '/nix/store/daqa0rl5l80vxgmi03l2x6wpdf4r2ql1-nbytes-0.1.4-dev' from 'https://cache.nixos.org'...
#8 18.98 copying path '/nix/store/6a8fkwp2923scm04csxc6q1d7bz7sgyv-merve-1.2.2-dev' from 'https://cache.nixos.org'...
#8 18.98 copying path '/nix/store/yggz9vgdf4bqn0c5d04z8lmi0kly0idb-simdjson-4.6.8-dev' from 'https://cache.nixos.org'...
#8 19.06 copying path '/nix/store/dq1apsyiah48nmc4n45dpwc33k887hdn-coreutils-9.11' from 'https://cache.nixos.org'...
#8 19.06 copying path '/nix/store/6nvynb78xv4sb7jmmxi9s1iilhfd0yyv-gtest-1.18.0-dev' from 'https://cache.nixos.org'...
#8 19.06 copying path '/nix/store/d2njw2ndbykq38s15m51s5b68pz2pywq-ada-4.0.0' from 'https://cache.nixos.org'...
#8 19.24 copying path '/nix/store/m28xvsp0sdvckkw63w9xyxn815v2d76m-ngtcp2-1.23.0-dev' from 'https://cache.nixos.org'...
#8 19.30 copying path '/nix/store/scbwh60gnm0k1hi6cmj61arzzi3qi3lh-zstd-1.5.7-dev' from 'https://cache.nixos.org'...
#8 19.36 copying path '/nix/store/bj6g7wwnxl0cyy0815myddqd5pgfmpf1-openssl-3.5.8-dev' from 'https://cache.nixos.org'...
#8 19.64 copying path '/nix/store/pjpkdh7hx8jgcwam3hjrvxj3j9d917i8-ada-4.0.0-dev' from 'https://cache.nixos.org'...
#8 19.68 copying path '/nix/store/bvf03id3xxgkpkw2ay29j5k6hcqivgk7-nghttp2-1.70.0-dev' from 'https://cache.nixos.org'...
#8 20.89 copying path '/nix/store/dl0wapybzl0vijnliafw4h6j6xanxwkw-icu4c-78.3-dev' from 'https://cache.nixos.org'...
#8 21.03 copying path '/nix/store/phkl7194mcixrzbkmiy6pq9mynm5c6bc-nodejs-slim-24.21.0' from 'https://cache.nixos.org'...
#8 23.13 copying path '/nix/store/sgc4xwfpr1scv2dp0fkz12hdk9sd7d4f-nodejs-slim-24.21.0-corepack' from 'https://cache.nixos.org'...
#8 23.13 copying path '/nix/store/cjkjn17wr5gqa8w6dhyq5m6msf6mcslv-nodejs-slim-24.21.0-npm' from 'https://cache.nixos.org'...
#8 23.41 copying path '/nix/store/8lgcgi9riqm71v9ibjw5qjcwwr5nfm83-nodejs-24.21.0' from 'https://cache.nixos.org'...
#8 23.83 copying path '/nix/store/k8rjpy12zcghi9qdwvqbgy7l1qvs6rqk-pi-coding-agent-1.0.4' from 'https://cache.nixos.org'...
#8 DONE 27.6s

#9 [5/7] RUN nix profile add github:NixOS/nixpkgs/master#bun
#9 0.860 this path will be fetched (33.9 MiB download, 75.9 MiB unpacked):
#9 0.860   /nix/store/6m8rgpk9f3jfhv2sb7nvp9rjw3s26ffv-bun-1.4.2
#9 0.861 copying path '/nix/store/6m8rgpk9f3jfhv2sb7nvp9rjw3s26ffv-bun-1.4.2' from 'https://cache.nixos.org'...
#9 DONE 4.4s

#10 [6/7] RUN nix profile add github:NixOS/nixpkgs/master#jq
#10 0.622 these 4 paths will be fetched (461.4 KiB download, 1.3 MiB unpacked):
#10 0.622   /nix/store/w6gz3cg3bqkbmkvry3hkf0fnbfa9kgd6-jq-1.8.2
#10 0.622   /nix/store/kr5py0dcqc9f3l9148qd1axh0z77lld3-jq-1.8.2-bin
#10 0.622   /nix/store/3dk5p8ydxv92px9q2y5vgq3gzl26vdxy-jq-1.8.2-man
#10 0.622   /nix/store/lq3izrraa2sjv5iswyd7zz14hfyagxkb-oniguruma-6.9.10-lib
#10 0.623 copying path '/nix/store/3dk5p8ydxv92px9q2y5vgq3gzl26vdxy-jq-1.8.2-man' from 'https://cache.nixos.org'...
#10 0.624 copying path '/nix/store/lq3izrraa2sjv5iswyd7zz14hfyagxkb-oniguruma-6.9.10-lib' from 'https://cache.nixos.org'...
#10 0.683 copying path '/nix/store/w6gz3cg3bqkbmkvry3hkf0fnbfa9kgd6-jq-1.8.2' from 'https://cache.nixos.org'...
#10 0.723 copying path '/nix/store/kr5py0dcqc9f3l9148qd1axh0z77lld3-jq-1.8.2-bin' from 'https://cache.nixos.org'...
#10 DONE 1.1s

#11 exporting to image
#11 exporting layers
#11 exporting layers 17.6s done
#11 exporting manifest sha256:ba5ce1f366236a98efebb737e0517074f85b3e3b27d5bbeb6c1944a662498a39 done
#11 exporting config sha256:d28b9c4dc857d2cf5dc4e23c75f8958bcef2ff95072dad22eb4d65921747670f done
#11 exporting attestation manifest sha256:7d5d18d84024fb1aafb8eb9dce8a0f0487a77d385de769f03bc8475babdbae62 done
#11 exporting manifest list sha256:00021ab7f90b7deaf2a7f06c21594f52e0b714de96086afcadce5def0ba5682b done
#11 naming to docker.io/library/pi-dev:latest done
#11 unpacking to docker.io/library/pi-dev:latest
#11 unpacking to docker.io/library/pi-dev:latest 19.4s done
#11 DONE 37.0s

#12 resolving provenance for metadata file
#12 DONE 0.0s
